Archive member included to satisfy reference by file (symbol)

c:/program files (x86)/atmel/studio/7.0/toolchain/arm/arm-gnu-toolchain/bin/../lib/gcc/arm-none-eabi/6.3.1/../../../../arm-none-eabi/lib/thumb/v7-m\libc.a(lib_a-exit.o)
                              c:/program files (x86)/atmel/studio/7.0/toolchain/arm/arm-gnu-toolchain/bin/../lib/gcc/arm-none-eabi/6.3.1/../../../../arm-none-eabi/lib/thumb/v7-m/crt0.o (exit)
c:/program files (x86)/atmel/studio/7.0/toolchain/arm/arm-gnu-toolchain/bin/../lib/gcc/arm-none-eabi/6.3.1/../../../../arm-none-eabi/lib/thumb/v7-m\libc.a(lib_a-impure.o)
                              c:/program files (x86)/atmel/studio/7.0/toolchain/arm/arm-gnu-toolchain/bin/../lib/gcc/arm-none-eabi/6.3.1/../../../../arm-none-eabi/lib/thumb/v7-m\libc.a(lib_a-exit.o) (_global_impure_ptr)
c:/program files (x86)/atmel/studio/7.0/toolchain/arm/arm-gnu-toolchain/bin/../lib/gcc/arm-none-eabi/6.3.1/../../../../arm-none-eabi/lib/thumb/v7-m\libc.a(lib_a-init.o)
                              c:/program files (x86)/atmel/studio/7.0/toolchain/arm/arm-gnu-toolchain/bin/../lib/gcc/arm-none-eabi/6.3.1/../../../../arm-none-eabi/lib/thumb/v7-m/crt0.o (__libc_init_array)
c:/program files (x86)/atmel/studio/7.0/toolchain/arm/arm-gnu-toolchain/bin/../lib/gcc/arm-none-eabi/6.3.1/../../../../arm-none-eabi/lib/thumb/v7-m\libc.a(lib_a-iprintf.o)
                              src/ASF/sam/drivers/adc/adc.o (iprintf)
c:/program files (x86)/atmel/studio/7.0/toolchain/arm/arm-gnu-toolchain/bin/../lib/gcc/arm-none-eabi/6.3.1/../../../../arm-none-eabi/lib/thumb/v7-m\libc.a(lib_a-memcpy.o)
                              src/ASF/common/services/usb/class/cdc/device/udi_cdc.o (memcpy)
c:/program files (x86)/atmel/studio/7.0/toolchain/arm/arm-gnu-toolchain/bin/../lib/gcc/arm-none-eabi/6.3.1/../../../../arm-none-eabi/lib/thumb/v7-m\libc.a(lib_a-memset.o)
                              c:/program files (x86)/atmel/studio/7.0/toolchain/arm/arm-gnu-toolchain/bin/../lib/gcc/arm-none-eabi/6.3.1/../../../../arm-none-eabi/lib/thumb/v7-m/crt0.o (memset)
c:/program files (x86)/atmel/studio/7.0/toolchain/arm/arm-gnu-toolchain/bin/../lib/gcc/arm-none-eabi/6.3.1/../../../../arm-none-eabi/lib/thumb/v7-m\libc.a(lib_a-puts.o)
                              src/ASF/sam/drivers/adc/adc.o (puts)
c:/program files (x86)/atmel/studio/7.0/toolchain/arm/arm-gnu-toolchain/bin/../lib/gcc/arm-none-eabi/6.3.1/../../../../arm-none-eabi/lib/thumb/v7-m\libc.a(lib_a-sprintf.o)
                              src/parser.o (sprintf)
c:/program files (x86)/atmel/studio/7.0/toolchain/arm/arm-gnu-toolchain/bin/../lib/gcc/arm-none-eabi/6.3.1/../../../../arm-none-eabi/lib/thumb/v7-m\libc.a(lib_a-strlen-stub.o)
                              c:/program files (x86)/atmel/studio/7.0/toolchain/arm/arm-gnu-toolchain/bin/../lib/gcc/arm-none-eabi/6.3.1/../../../../arm-none-eabi/lib/thumb/v7-m\libc.a(lib_a-puts.o) (strlen)
c:/program files (x86)/atmel/studio/7.0/toolchain/arm/arm-gnu-toolchain/bin/../lib/gcc/arm-none-eabi/6.3.1/../../../../arm-none-eabi/lib/thumb/v7-m\libc.a(lib_a-svfprintf.o)
                              c:/program files (x86)/atmel/studio/7.0/toolchain/arm/arm-gnu-toolchain/bin/../lib/gcc/arm-none-eabi/6.3.1/../../../../arm-none-eabi/lib/thumb/v7-m\libc.a(lib_a-sprintf.o) (_svfprintf_r)
c:/program files (x86)/atmel/studio/7.0/toolchain/arm/arm-gnu-toolchain/bin/../lib/gcc/arm-none-eabi/6.3.1/../../../../arm-none-eabi/lib/thumb/v7-m\libc.a(lib_a-vfiprintf.o)
                              c:/program files (x86)/atmel/studio/7.0/toolchain/arm/arm-gnu-toolchain/bin/../lib/gcc/arm-none-eabi/6.3.1/../../../../arm-none-eabi/lib/thumb/v7-m\libc.a(lib_a-iprintf.o) (_vfiprintf_r)
c:/program files (x86)/atmel/studio/7.0/toolchain/arm/arm-gnu-toolchain/bin/../lib/gcc/arm-none-eabi/6.3.1/../../../../arm-none-eabi/lib/thumb/v7-m\libc.a(lib_a-wsetup.o)
                              c:/program files (x86)/atmel/studio/7.0/toolchain/arm/arm-gnu-toolchain/bin/../lib/gcc/arm-none-eabi/6.3.1/../../../../arm-none-eabi/lib/thumb/v7-m\libc.a(lib_a-vfiprintf.o) (__swsetup_r)
c:/program files (x86)/atmel/studio/7.0/toolchain/arm/arm-gnu-toolchain/bin/../lib/gcc/arm-none-eabi/6.3.1/../../../../arm-none-eabi/lib/thumb/v7-m\libc.a(lib_a-__call_atexit.o)
                              c:/program files (x86)/atmel/studio/7.0/toolchain/arm/arm-gnu-toolchain/bin/../lib/gcc/arm-none-eabi/6.3.1/../../../../arm-none-eabi/lib/thumb/v7-m\libc.a(lib_a-exit.o) (__call_exitprocs)
c:/program files (x86)/atmel/studio/7.0/toolchain/arm/arm-gnu-toolchain/bin/../lib/gcc/arm-none-eabi/6.3.1/../../../../arm-none-eabi/lib/thumb/v7-m\libc.a(lib_a-atexit.o)
                              c:/program files (x86)/atmel/studio/7.0/toolchain/arm/arm-gnu-toolchain/bin/../lib/gcc/arm-none-eabi/6.3.1/../../../../arm-none-eabi/lib/thumb/v7-m\libc.a(lib_a-__call_atexit.o) (atexit)
[...]
Memory Configuration

Name             Origin             Length             Attributes
rom              0x00400000         0x00040000         xr
ram              0x20000000         0x0000c000         xrw
*default*        0x00000000         0xffffffff

Linker script and memory map

LOAD c:/program files (x86)/atmel/studio/7.0/toolchain/arm/arm-gnu-toolchain/bin/../lib/gcc/arm-none-eabi/6.3.1/thumb/v7-m/crti.o
LOAD c:/program files (x86)/atmel/studio/7.0/toolchain/arm/arm-gnu-toolchain/bin/../lib/gcc/arm-none-eabi/6.3.1/thumb/v7-m/crtbegin.o
LOAD c:/program files (x86)/atmel/studio/7.0/toolchain/arm/arm-gnu-toolchain/bin/../lib/gcc/arm-none-eabi/6.3.1/../../../../arm-none-eabi/lib/thumb/v7-m/crt0.o
LOAD src/ASF/common/services/sleepmgr/sam/sleepmgr.o
LOAD src/ASF/common/services/usb/class/cdc/device/udi_cdc.o
LOAD src/ASF/common/services/usb/udc/udc.o
LOAD src/ASF/sam/drivers/adc/adc.o
LOAD src/ASF/sam/drivers/pio/pio_handler.o
LOAD src/ASF/sam/drivers/udp/udp_device.o
LOAD src/ASF/sam/drivers/wdt/wdt.o
LOAD src/core.o
LOAD src/parser.o
LOAD src/ASF/sam/drivers/adc/adc_sam3u.o
LOAD src/ASF/common/services/usb/class/cdc/device/udi_cdc_desc.o
LOAD src/ASF/common/services/clock/sam3s/sysclk.o
LOAD src/ASF/sam/drivers/dacc/dacc.o
LOAD src/ASF/sam/drivers/matrix/matrix.o
LOAD src/ASF/sam/drivers/pdc/pdc.o
LOAD src/ASF/sam/drivers/pio/pio.o
LOAD src/ASF/sam/drivers/pmc/pmc.o
LOAD src/ASF/sam/drivers/supc/supc.o
LOAD src/ASF/sam/drivers/tc/tc.o
LOAD src/ASF/sam/drivers/pmc/sleep.o
LOAD src/ASF/common/boards/user_board/init.o
LOAD src/ASF/common/utils/interrupt/interrupt_sam_nvic.o
LOAD src/ASF/sam/utils/cmsis/sam3s/source/templates/exceptions.o
LOAD src/ASF/sam/utils/cmsis/sam3s/source/templates/gcc/startup_sam3s.o
LOAD src/ASF/sam/utils/cmsis/sam3s/source/templates/system_sam3s.o
LOAD src/ASF/sam/utils/syscalls/gcc/syscalls.o
LOAD src/main.o
START GROUP
LOAD ../src/ASF/thirdparty/CMSIS/Lib/GCC\libarm_cortexM3l_math.a
LOAD c:/program files (x86)/atmel/studio/7.0/toolchain/arm/arm-gnu-toolchain/bin/../lib/gcc/arm-none-eabi/6.3.1/../../../../arm-none-eabi/lib/thumb/v7-m\libm.a
END GROUP
START GROUP
LOAD c:/program files (x86)/atmel/studio/7.0/toolchain/arm/arm-gnu-toolchain/bin/../lib/gcc/arm-none-eabi/6.3.1/thumb/v7-m\libgcc.a
LOAD c:/program files (x86)/atmel/studio/7.0/toolchain/arm/arm-gnu-toolchain/bin/../lib/gcc/arm-none-eabi/6.3.1/../../../../arm-none-eabi/lib/thumb/v7-m\libc.a
END GROUP
LOAD c:/program files (x86)/atmel/studio/7.0/toolchain/arm/arm-gnu-toolchain/bin/../lib/gcc/arm-none-eabi/6.3.1/thumb/v7-m/crtend.o
LOAD c:/program files (x86)/atmel/studio/7.0/toolchain/arm/arm-gnu-toolchain/bin/../lib/gcc/arm-none-eabi/6.3.1/thumb/v7-m/crtn.o
                0x00002000                __stack_size__ = DEFINED (__stack_size__)?__stack_size__:0x2000
                0x2000bffc                __ram_end__ = ((ORIGIN (ram) + LENGTH (ram)) - 0x4)

.text           0x00400000     0x7f14
                0x00400000                . = ALIGN (0x4)
                0x00400000                _sfixed = .
 *(.vectors .vectors.*)
 .vectors       0x00400000       0xd0 src/ASF/sam/utils/cmsis/sam3s/source/templates/gcc/startup_sam3s.o
                0x00400000                exception_table
 *(.text .text.* .gnu.linkonce.t.*)
 .text          0x004000d0       0x6c c:/program files (x86)/atmel/studio/7.0/toolchain/arm/arm-gnu-toolchain/bin/../lib/gcc/arm-none-eabi/6.3.1/thumb/v7-m/crtbegin.o
 .text.udi_cdc_comm_enable
                0x0040013c       0x4c src/ASF/common/services/usb/class/cdc/device/udi_cdc.o
                0x0040013c                udi_cdc_comm_enable
 .text.udi_cdc_comm_disable
                0x00400188       0x10 src/ASF/common/services/usb/class/cdc/device/udi_cdc.o
                0x00400188                udi_cdc_comm_disable
 .text.udi_cdc_data_disable
                0x00400198       0x1c src/ASF/common/services/usb/class/cdc/device/udi_cdc.o
                0x00400198                udi_cdc_data_disable
 .text.udi_cdc_data_setup
                0x004001b4        0x4 src/ASF/common/services/usb/class/cdc/device/udi_cdc.o
                0x004001b4                udi_cdc_data_setup
 .text.udi_cdc_getsetting
                0x004001b8        0x4 src/ASF/common/services/usb/class/cdc/device/udi_cdc.o
                0x004001b8                udi_cdc_getsetting
 .text.udi_cdc_comm_setup
                0x004001bc       0x84 src/ASF/common/services/usb/class/cdc/device/udi_cdc.o
                0x004001bc                udi_cdc_comm_setup
 .text.udi_cdc_line_coding_received
                0x00400240        0x2 src/ASF/common/services/usb/class/cdc/device/udi_cdc.o
 *fill*         0x00400242        0x2 
 .text.udi_cdc_tx_send
                0x00400244      0x148 src/ASF/common/services/usb/class/cdc/device/udi_cdc.o
 .text.udi_cdc_data_sent
                0x0040038c       0x38 src/ASF/common/services/usb/class/cdc/device/udi_cdc.o
 .text.udi_cdc_data_sof_notify
                0x004003c4       0x10 src/ASF/common/services/usb/class/cdc/device/udi_cdc.o
                0x004003c4                udi_cdc_data_sof_notify
 .text.udi_cdc_multi_get_nb_received_data
                0x004003d4       0x54 src/ASF/common/services/usb/class/cdc/device/udi_cdc.o
                0x004003d4                udi_cdc_multi_get_nb_received_data
 .text.udi_cdc_get_nb_received_data
                0x00400428       0x10 src/ASF/common/services/usb/class/cdc/device/udi_cdc.o
                0x00400428                udi_cdc_get_nb_received_data
 .text.udi_cdc_multi_is_rx_ready
                0x00400438       0x14 src/ASF/common/services/usb/class/cdc/device/udi_cdc.o
                0x00400438                udi_cdc_multi_is_rx_ready
 .text.udi_cdc_rx_start
                0x0040044c       0xb8 src/ASF/common/services/usb/class/cdc/device/udi_cdc.o
 .text.udi_cdc_data_enable
                0x00400504       0x94 src/ASF/common/services/usb/class/cdc/device/udi_cdc.o
                0x00400504                udi_cdc_data_enable
 .text.udi_cdc_data_received
                0x00400598       0x5c src/ASF/common/services/usb/class/cdc/device/udi_cdc.o
 .text.udi_cdc_multi_getc
                0x004005f4       0xbc src/ASF/common/services/usb/class/cdc/device/udi_cdc.o
                0x004005f4                udi_cdc_multi_getc
 .text.udi_cdc_getc
                0x004006b0       0x10 src/ASF/common/services/usb/class/cdc/device/udi_cdc.o
                0x004006b0                udi_cdc_getc
 .text.udi_cdc_multi_get_free_tx_buffer
                0x004006c0       0x7c src/ASF/common/services/usb/class/cdc/device/udi_cdc.o
                0x004006c0                udi_cdc_multi_get_free_tx_buffer
 .text.udi_cdc_multi_is_tx_ready
                0x0040073c       0x14 src/ASF/common/services/usb/class/cdc/device/udi_cdc.o
                0x0040073c                udi_cdc_multi_is_tx_ready
 .text.udi_cdc_multi_write_buf
                0x00400750       0xb4 src/ASF/common/services/usb/class/cdc/device/udi_cdc.o
                0x00400750                udi_cdc_multi_write_buf
 .text.udi_cdc_write_buf
                0x00400804       0x14 src/ASF/common/services/usb/class/cdc/device/udi_cdc.o
                0x00400804                udi_cdc_write_buf
 .text.udc_next_desc_in_iface
                0x00400818       0x48 src/ASF/common/services/usb/udc/udc.o
 .text.udc_valid_address
                0x00400860       0x18 src/ASF/common/services/usb/udc/udc.o
 .text.udc_update_iface_desc
                0x00400878       0x74 src/ASF/common/services/usb/udc/udc.o
 .text.udc_iface_disable
                0x004008ec       0x6c src/ASF/common/services/usb/udc/udc.o
 .text.udc_iface_enable
                0x00400958       0x5c src/ASF/common/services/usb/udc/udc.o
 .text.udc_start
                0x004009b4        0xc src/ASF/common/services/usb/udc/udc.o
                0x004009b4                udc_start
 .text.udc_reset
                0x004009c0       0x48 src/ASF/common/services/usb/udc/udc.o
                0x004009c0                udc_reset
 .text.udc_sof_notify
                0x00400a08       0x40 src/ASF/common/services/usb/udc/udc.o
                0x00400a08                udc_sof_notify
 .text.udc_process_setup
                0x00400a48      0x410 src/ASF/common/services/usb/udc/udc.o
                0x00400a48                udc_process_setup
 .text.adc_init
                0x00400e58       0x34 src/ASF/sam/drivers/adc/adc.o
                0x00400e58                adc_init
 .text.adc_configure_trigger
                0x00400e8c        0xe src/ASF/sam/drivers/adc/adc.o
                0x00400e8c                adc_configure_trigger
 .text.adc_configure_timing
                0x00400e9a       0x1c src/ASF/sam/drivers/adc/adc.o
                0x00400e9a                adc_configure_timing
 .text.adc_start
                0x00400eb6        0x6 src/ASF/sam/drivers/adc/adc.o
                0x00400eb6                adc_start
 .text.adc_get_status
                0x00400ebc        0x4 src/ASF/sam/drivers/adc/adc.o
                0x00400ebc                adc_get_status
 .text.adc_set_bias_current
                0x00400ec0       0x12 src/ASF/sam/drivers/adc/adc.o
                0x00400ec0                adc_set_bias_current
 *fill*         0x00400ed2        0x2 
 .text.adc_get_pdc_base
                0x00400ed4        0x8 src/ASF/sam/drivers/adc/adc.o
                0x00400ed4                adc_get_pdc_base
 .text.pio_handler_process
                0x00400edc       0x68 src/ASF/sam/drivers/pio/pio_handler.o
                0x00400edc                pio_handler_process
 .text.PIOA_Handler
                0x00400f44       0x14 src/ASF/sam/drivers/pio/pio_handler.o
                0x00400f44                PIOA_Handler
 .text.PIOB_Handler
                0x00400f58       0x14 src/ASF/sam/drivers/pio/pio_handler.o
                0x00400f58                PIOB_Handler
 .text.udd_sleep_mode
                0x00400f6c       0xa4 src/ASF/sam/drivers/udp/udp_device.o
 .text.udd_ctrl_init
                0x00401010       0x18 src/ASF/sam/drivers/udp/udp_device.o
 .text.udd_ctrl_stall_data
                0x00401028       0x38 src/ASF/sam/drivers/udp/udp_device.o
 .text.udd_ctrl_send_zlp_in
                0x00401060       0x38 src/ASF/sam/drivers/udp/udp_device.o
 .text.udd_ctrl_endofrequest
                0x00401098       0x10 src/ASF/sam/drivers/udp/udp_device.o
 .text.udd_ctrl_in_sent
                0x004010a8      0x1b8 src/ASF/sam/drivers/udp/udp_device.o
 .text.udd_ep_finish_job
                0x00401260       0x40 src/ASF/sam/drivers/udp/udp_device.o
 .text.udd_ep_ack_out_received
                0x004012a0       0xd4 src/ASF/sam/drivers/udp/udp_device.o
 .text.udd_ep_in_sent
                0x00401374      0x1b4 src/ASF/sam/drivers/udp/udp_device.o
 .text.UDP_Handler
                0x00401528      0x908 src/ASF/sam/drivers/udp/udp_device.o
                0x00401528                UDP_Handler
 .text.udd_attach
                0x00401e30       0x7c src/ASF/sam/drivers/udp/udp_device.o
                0x00401e30                udd_attach
 .text.udd_enable
                0x00401eac       0xdc src/ASF/sam/drivers/udp/udp_device.o
                0x00401eac                udd_enable
 .text.udd_is_high_speed
                0x00401f88        0x4 src/ASF/sam/drivers/udp/udp_device.o
                0x00401f88                udd_is_high_speed
 .text.udd_set_address
                0x00401f8c       0x3c src/ASF/sam/drivers/udp/udp_device.o
                0x00401f8c                udd_set_address
 .text.udd_getaddress
                0x00401fc8       0x1c src/ASF/sam/drivers/udp/udp_device.o
                0x00401fc8                udd_getaddress
 .text.udd_get_frame_number
                0x00401fe4       0x10 src/ASF/sam/drivers/udp/udp_device.o
                0x00401fe4                udd_get_frame_number
 .text.udd_get_micro_frame_number
                0x00401ff4        0x4 src/ASF/sam/drivers/udp/udp_device.o
                0x00401ff4                udd_get_micro_frame_number
 .text.udd_set_setup_payload
                0x00401ff8        0xc src/ASF/sam/drivers/udp/udp_device.o
                0x00401ff8                udd_set_setup_payload
 .text.udd_ep_alloc
                0x00402004       0xf8 src/ASF/sam/drivers/udp/udp_device.o
                0x00402004                udd_ep_alloc
 .text.udd_ep_free
                0x004020fc       0x58 src/ASF/sam/drivers/udp/udp_device.o
                0x004020fc                udd_ep_free
 .text.udd_ep_is_halted
                0x00402154       0x40 src/ASF/sam/drivers/udp/udp_device.o
                0x00402154                udd_ep_is_halted
 .text.udd_ep_set_halt
                0x00402194       0xe0 src/ASF/sam/drivers/udp/udp_device.o
                0x00402194                udd_ep_set_halt
 .text.udd_ep_clear_halt
                0x00402274       0xd8 src/ASF/sam/drivers/udp/udp_device.o
                0x00402274                udd_ep_clear_halt
 .text.udd_ep_run
                0x0040234c      0x17c src/ASF/sam/drivers/udp/udp_device.o
                0x0040234c                udd_ep_run
 .text.udd_ep_abort
                0x004024c8      0x164 src/ASF/sam/drivers/udp/udp_device.o
                0x004024c8                udd_ep_abort
 .text.wdt_disable
                0x0040262c        0x8 src/ASF/sam/drivers/wdt/wdt.o
                0x0040262c                wdt_disable
 .text.pio_init
                0x00402634       0x3c src/core.o
                0x00402634                pio_init
 .text.core_init
                0x00402670       0xf4 src/core.o
                0x00402670                core_init
 .text.ADC_Handler
                0x00402764      0x11c src/core.o
                0x00402764                ADC_Handler
 .text.TC0_Handler
                0x00402880       0x94 src/core.o
                0x00402880                TC0_Handler
 .text.StartACQ
                0x00402914       0x38 src/parser.o
                0x00402914                StartACQ
 .text.StartFastACQ
                0x0040294c       0x30 src/parser.o
                0x0040294c                StartFastACQ
 .text.StopACQ  0x0040297c       0x30 src/parser.o
                0x0040297c                StopACQ
 .text.SetSamplePeriod
                0x004029ac       0x2c src/parser.o
                0x004029ac                SetSamplePeriod
 .text.SetAverageCount
                0x004029d8       0x2c src/parser.o
                0x004029d8                SetAverageCount
 .text.SetMeasurmentCount
                0x00402a04       0x2c src/parser.o
                0x00402a04                SetMeasurmentCount
 .text.SetSequencer
                0x00402a30       0x44 src/parser.o
                0x00402a30                SetSequencer
 .text.SetDACvalue
                0x00402a74       0x34 src/parser.o
                0x00402a74                SetDACvalue
 .text.getPar   0x00402aa8       0xb8 src/parser.o
                0x00402aa8                getPar
 .text.parseCommand
                0x00402b60      0x114 src/parser.o
                0x00402b60                parseCommand
 .text.sysclk_enable_usb
                0x00402c74       0x50 src/ASF/common/services/clock/sam3s/sysclk.o
                0x00402c74                sysclk_enable_usb
 .text.sysclk_init
                0x00402cc4       0x68 src/ASF/common/services/clock/sam3s/sysclk.o
                0x00402cc4                sysclk_init
 .text.pdc_rx_init
                0x00402d2c       0x18 src/ASF/sam/drivers/pdc/pdc.o
                0x00402d2c                pdc_rx_init
 .text.pdc_enable_transfer
                0x00402d44        0xc src/ASF/sam/drivers/pdc/pdc.o
                0x00402d44                pdc_enable_transfer
 .text.pdc_disable_transfer
                0x00402d50       0x10 src/ASF/sam/drivers/pdc/pdc.o
                0x00402d50                pdc_disable_transfer
 .text.pio_set  0x00402d60        0x4 src/ASF/sam/drivers/pio/pio.o
                0x00402d60                pio_set
 .text.pio_clear
                0x00402d64        0x4 src/ASF/sam/drivers/pio/pio.o
                0x00402d64                pio_clear
 .text.pio_set_output
                0x00402d68       0x26 src/ASF/sam/drivers/pio/pio.o
                0x00402d68                pio_set_output
 .text.pio_get_interrupt_status
                0x00402d8e        0x4 src/ASF/sam/drivers/pio/pio.o
                0x00402d8e                pio_get_interrupt_status
 .text.pio_get_interrupt_mask
                0x00402d92        0x4 src/ASF/sam/drivers/pio/pio.o
                0x00402d92                pio_get_interrupt_mask
 .text.pio_toggle_pin_group
                0x00402d96        0xc src/ASF/sam/drivers/pio/pio.o
                0x00402d96                pio_toggle_pin_group
 *fill*         0x00402da2        0x2 
 .text.pmc_switch_mck_to_pllack
                0x00402da4       0x64 src/ASF/sam/drivers/pmc/pmc.o
                0x00402da4                pmc_switch_mck_to_pllack
 .text.pmc_switch_mainck_to_xtal
                0x00402e08       0x54 src/ASF/sam/drivers/pmc/pmc.o
                0x00402e08                pmc_switch_mainck_to_xtal
 .text.pmc_osc_is_ready_mainck
                0x00402e5c       0x10 src/ASF/sam/drivers/pmc/pmc.o
                0x00402e5c                pmc_osc_is_ready_mainck
 .text.pmc_disable_pllack
                0x00402e6c       0x10 src/ASF/sam/drivers/pmc/pmc.o
                0x00402e6c                pmc_disable_pllack
 .text.pmc_is_locked_pllack
                0x00402e7c       0x10 src/ASF/sam/drivers/pmc/pmc.o
                0x00402e7c                pmc_is_locked_pllack
 .text.pmc_disable_pllbck
                0x00402e8c        0xc src/ASF/sam/drivers/pmc/pmc.o
                0x00402e8c                pmc_disable_pllbck
 .text.pmc_is_locked_pllbck
                0x00402e98       0x10 src/ASF/sam/drivers/pmc/pmc.o
                0x00402e98                pmc_is_locked_pllbck
 .text.pmc_enable_periph_clk
                0x00402ea8       0x54 src/ASF/sam/drivers/pmc/pmc.o
                0x00402ea8                pmc_enable_periph_clk
 .text.pmc_disable_periph_clk
                0x00402efc       0x54 src/ASF/sam/drivers/pmc/pmc.o
                0x00402efc                pmc_disable_periph_clk
 .text.pmc_switch_udpck_to_pllbck
                0x00402f50       0x14 src/ASF/sam/drivers/pmc/pmc.o
                0x00402f50                pmc_switch_udpck_to_pllbck
 .text.pmc_enable_udpck
                0x00402f64        0xc src/ASF/sam/drivers/pmc/pmc.o
                0x00402f64                pmc_enable_udpck
 .text.pmc_set_fast_startup_input
                0x00402f70       0x14 src/ASF/sam/drivers/pmc/pmc.o
                0x00402f70                pmc_set_fast_startup_input
 .text.tc_init  0x00402f84       0x18 src/ASF/sam/drivers/tc/tc.o
                0x00402f84                tc_init
 .text.tc_stop  0x00402f9c        0x8 src/ASF/sam/drivers/tc/tc.o
                0x00402f9c                tc_stop
 .text.tc_write_rc
                0x00402fa4        0x8 src/ASF/sam/drivers/tc/tc.o
                0x00402fa4                tc_write_rc
 .text.tc_enable_interrupt
                0x00402fac        0x8 src/ASF/sam/drivers/tc/tc.o
                0x00402fac                tc_enable_interrupt
 .text.tc_get_status
                0x00402fb4        0x8 src/ASF/sam/drivers/tc/tc.o
                0x00402fb4                tc_get_status
 .text.pmc_is_wakeup_clocks_restored
                0x00402fbc       0x10 src/ASF/sam/drivers/pmc/sleep.o
                0x00402fbc                pmc_is_wakeup_clocks_restored
 .text.board_init
                0x00402fcc        0x2 src/ASF/common/boards/user_board/init.o
                0x00402fcc                board_init
 .text.Dummy_Handler
                0x00402fce        0x2 src/ASF/sam/utils/cmsis/sam3s/source/templates/exceptions.o
                0x00402fce                DACC_Handler
                0x00402fce                DebugMon_Handler
                0x00402fce                HardFault_Handler
                0x00402fce                TC2_Handler
                0x00402fce                SPI_Handler
                0x00402fce                SysTick_Handler
                0x00402fce                TWI1_Handler
                0x00402fce                PendSV_Handler
                0x00402fce                NMI_Handler
                0x00402fce                CRCCU_Handler
                0x00402fce                USART0_Handler
                0x00402fce                RTT_Handler
                0x00402fce                RTC_Handler
                0x00402fce                UsageFault_Handler
                0x00402fce                WDT_Handler
                0x00402fce                TC1_Handler
                0x00402fce                HSMCI_Handler
                0x00402fce                UART1_Handler
                0x00402fce                Dummy_Handler
                0x00402fce                TWI0_Handler
                0x00402fce                USART1_Handler
                0x00402fce                SSC_Handler
                0x00402fce                ACC_Handler
                0x00402fce                PMC_Handler
                0x00402fce                PWM_Handler
                0x00402fce                MemManage_Handler
                0x00402fce                SUPC_Handler
                0x00402fce                SVC_Handler
                0x00402fce                EFC_Handler
                0x00402fce                UART0_Handler
                0x00402fce                BusFault_Handler
                0x00402fce                RSTC_Handler
 .text.Reset_Handler
                0x00402fd0       0x98 src/ASF/sam/utils/cmsis/sam3s/source/templates/gcc/startup_sam3s.o
                0x00402fd0                Reset_Handler
 .text.SystemCoreClockUpdate
                0x00403068      0x110 src/ASF/sam/utils/cmsis/sam3s/source/templates/system_sam3s.o
                0x00403068                SystemCoreClockUpdate
 .text._sbrk    0x00403178       0x38 src/ASF/sam/utils/syscalls/gcc/syscalls.o
                0x00403178                _sbrk
 .text.main     0x004031b0       0xc8 src/main.o
                0x004031b0                main
 .text.__libc_init_array
                0x00403278       0x50 c:/program files (x86)/atmel/studio/7.0/toolchain/arm/arm-gnu-toolchain/bin/../lib/gcc/arm-none-eabi/6.3.1/../../../../arm-none-eabi/lib/thumb/v7-m\libc.a(lib_a-init.o)
                0x00403278                __libc_init_array
 .text          0x004032c8       0xec c:/program files (x86)/atmel/studio/7.0/toolchain/arm/arm-gnu-toolchain/bin/../lib/gcc/arm-none-eabi/6.3.1/../../../../arm-none-eabi/lib/thumb/v7-m\libc.a(lib_a-memcpy.o)
                0x004032c8                memcpy
 .text.memset   0x004033b4       0x9c c:/program files (x86)/atmel/studio/7.0/toolchain/arm/arm-gnu-toolchain/bin/../lib/gcc/arm-none-eabi/6.3.1/../../../../arm-none-eabi/lib/thumb/v7-m\libc.a(lib_a-memset.o)
                0x004033b4                memset
 .text.sprintf  0x00403450       0x4c c:/program files (x86)/atmel/studio/7.0/toolchain/arm/arm-gnu-toolchain/bin/../lib/gcc/arm-none-eabi/6.3.1/../../../../arm-none-eabi/lib/thumb/v7-m\libc.a(lib_a-sprintf.o)
                0x00403450                sprintf
 .text.strlen   0x0040349c       0x5c c:/program files (x86)/atmel/studio/7.0/toolchain/arm/arm-gnu-toolchain/bin/../lib/gcc/arm-none-eabi/6.3.1/../../../../arm-none-eabi/lib/thumb/v7-m\libc.a(lib_a-strlen-stub.o)
                0x0040349c                strlen
 .text._svfprintf_r
                0x004034f8     0x1500 c:/program files (x86)/atmel/studio/7.0/toolchain/arm/arm-gnu-toolchain/bin/../lib/gcc/arm-none-eabi/6.3.1/../../../../arm-none-eabi/lib/thumb/v7-m\libc.a(lib_a-svfprintf.o)
                0x004034f8                _svfprintf_r
 .text.startup.register_fini
                0x004049f8       0x14 c:/program files (x86)/atmel/studio/7.0/toolchain/arm/arm-gnu-toolchain/bin/../lib/gcc/arm-none-eabi/6.3.1/../../../../arm-none-eabi/lib/thumb/v7-m\libc.a(lib_a-__call_atexit.o)
 .text.atexit   0x00404a0c        0xc c:/program files (x86)/atmel/studio/7.0/toolchain/arm/arm-gnu-toolchain/bin/../lib/gcc/arm-none-eabi/6.3.1/../../../../arm-none-eabi/lib/thumb/v7-m\libc.a(lib_a-atexit.o)
                0x00404a0c                atexit
 .text.quorem   0x00404a18      0x128 c:/program files (x86)/atmel/studio/7.0/toolchain/arm/arm-gnu-toolchain/bin/../lib/gcc/arm-none-eabi/6.3.1/../../../../arm-none-eabi/lib/thumb/v7-m\libc.a(lib_a-dtoa.o)
 .text._dtoa_r  0x00404b40      0xe44 c:/program files (x86)/atmel/studio/7.0/toolchain/arm/arm-gnu-toolchain/bin/../lib/gcc/arm-none-eabi/6.3.1/../../../../arm-none-eabi/lib/thumb/v7-m\libc.a(lib_a-dtoa.o)
                0x00404b40                _dtoa_r
 .text.__libc_fini_array
                0x00405984       0x34 c:/program files (x86)/atmel/studio/7.0/toolchain/arm/arm-gnu-toolchain/bin/../lib/gcc/arm-none-eabi/6.3.1/../../../../arm-none-eabi/lib/thumb/v7-m\libc.a(lib_a-fini.o)
                0x00405984                __libc_fini_array
 .text._malloc_trim_r
                0x004059b8       0xa0 c:/program files (x86)/atmel/studio/7.0/toolchain/arm/arm-gnu-toolchain/bin/../lib/gcc/arm-none-eabi/6.3.1/../../../../arm-none-eabi/lib/thumb/v7-m\libc.a(lib_a-freer.o)
                0x004059b8                _malloc_trim_r
 .text._free_r  0x00405a58      0x1cc c:/program files (x86)/atmel/studio/7.0/toolchain/arm/arm-gnu-toolchain/bin/../lib/gcc/arm-none-eabi/6.3.1/../../../../arm-none-eabi/lib/thumb/v7-m\libc.a(lib_a-freer.o)
                0x00405a58                _free_r
 .text._localeconv_r
                0x00405c24       0x1c c:/program files (x86)/atmel/studio/7.0/toolchain/arm/arm-gnu-toolchain/bin/../lib/gcc/arm-none-eabi/6.3.1/../../../../arm-none-eabi/lib/thumb/v7-m\libc.a(lib_a-localeconv.o)
                0x00405c24                _localeconv_r
 .text.__retarget_lock_acquire_recursive
                0x00405c40        0x4 c:/program files (x86)/atmel/studio/7.0/toolchain/arm/arm-gnu-toolchain/bin/../lib/gcc/arm-none-eabi/6.3.1/../../../../arm-none-eabi/lib/thumb/v7-m\libc.a(lib_a-lock.o)
                0x00405c40                __retarget_lock_acquire_recursive
 .text.__retarget_lock_release_recursive
                0x00405c44        0x4 c:/program files (x86)/atmel/studio/7.0/toolchain/arm/arm-gnu-toolchain/bin/../lib/gcc/arm-none-eabi/6.3.1/../../../../arm-none-eabi/lib/thumb/v7-m\libc.a(lib_a-lock.o)
                0x00405c44                __retarget_lock_release_recursive
 .text._malloc_r
                0x00405c48      0x544 c:/program files (x86)/atmel/studio/7.0/toolchain/arm/arm-gnu-toolchain/bin/../lib/gcc/arm-none-eabi/6.3.1/../../../../arm-none-eabi/lib/thumb/v7-m\libc.a(lib_a-mallocr.o)
                0x00405c48                _malloc_r
 .text.__ascii_mbtowc
                0x0040618c       0x2c c:/program files (x86)/atmel/studio/7.0/toolchain/arm/arm-gnu-toolchain/bin/../lib/gcc/arm-none-eabi/6.3.1/../../../../arm-none-eabi/lib/thumb/v7-m\libc.a(lib_a-mbtowc_r.o)
                0x0040618c                __ascii_mbtowc
 .text.memchr   0x004061b8       0x8c c:/program files (x86)/atmel/studio/7.0/toolchain/arm/arm-gnu-toolchain/bin/../lib/gcc/arm-none-eabi/6.3.1/../../../../arm-none-eabi/lib/thumb/v7-m\libc.a(lib_a-memchr-stub.o)
                0x004061b8                memchr
 .text.memmove  0x00406244       0xc8 c:/program files (x86)/atmel/studio/7.0/toolchain/arm/arm-gnu-toolchain/bin/../lib/gcc/arm-none-eabi/6.3.1/../../../../arm-none-eabi/lib/thumb/v7-m\libc.a(lib_a-memmove.o)
                0x00406244                memmove
 .text.__malloc_lock
                0x0040630c        0xc c:/program files (x86)/atmel/studio/7.0/toolchain/arm/arm-gnu-toolchain/bin/../lib/gcc/arm-none-eabi/6.3.1/../../../../arm-none-eabi/lib/thumb/v7-m\libc.a(lib_a-mlock.o)
                0x0040630c                __malloc_lock
 .text.__malloc_unlock
                0x00406318        0xc c:/program files (x86)/atmel/studio/7.0/toolchain/arm/arm-gnu-toolchain/bin/../lib/gcc/arm-none-eabi/6.3.1/../../../../arm-none-eabi/lib/thumb/v7-m\libc.a(lib_a-mlock.o)
                0x00406318                __malloc_unlock
 .text._Balloc  0x00406324       0x4c c:/program files (x86)/atmel/studio/7.0/toolchain/arm/arm-gnu-toolchain/bin/../lib/gcc/arm-none-eabi/6.3.1/../../../../arm-none-eabi/lib/thumb/v7-m\libc.a(lib_a-mprec.o)
                0x00406324                _Balloc
 .text._Bfree   0x00406370       0x14 c:/program files (x86)/atmel/studio/7.0/toolchain/arm/arm-gnu-toolchain/bin/../lib/gcc/arm-none-eabi/6.3.1/../../../../arm-none-eabi/lib/thumb/v7-m\libc.a(lib_a-mprec.o)
                0x00406370                _Bfree
 .text.__multadd
                0x00406384       0x84 c:/program files (x86)/atmel/studio/7.0/toolchain/arm/arm-gnu-toolchain/bin/../lib/gcc/arm-none-eabi/6.3.1/../../../../arm-none-eabi/lib/thumb/v7-m\libc.a(lib_a-mprec.o)
                0x00406384                __multadd
 .text.__hi0bits
                0x00406408       0x40 c:/program files (x86)/atmel/studio/7.0/toolchain/arm/arm-gnu-toolchain/bin/../lib/gcc/arm-none-eabi/6.3.1/../../../../arm-none-eabi/lib/thumb/v7-m\libc.a(lib_a-mprec.o)
                0x00406408                __hi0bits
 .text.__lo0bits
                0x00406448       0x60 c:/program files (x86)/atmel/studio/7.0/toolchain/arm/arm-gnu-toolchain/bin/../lib/gcc/arm-none-eabi/6.3.1/../../../../arm-none-eabi/lib/thumb/v7-m\libc.a(lib_a-mprec.o)
                0x00406448                __lo0bits
 .text.__i2b    0x004064a8       0x14 c:/program files (x86)/atmel/studio/7.0/toolchain/arm/arm-gnu-toolchain/bin/../lib/gcc/arm-none-eabi/6.3.1/../../../../arm-none-eabi/lib/thumb/v7-m\libc.a(lib_a-mprec.o)
                0x004064a8                __i2b
 .text.__multiply
                0x004064bc      0x124 c:/program files (x86)/atmel/studio/7.0/toolchain/arm/arm-gnu-toolchain/bin/../lib/gcc/arm-none-eabi/6.3.1/../../../../arm-none-eabi/lib/thumb/v7-m\libc.a(lib_a-mprec.o)
                0x004064bc                __multiply
 .text.__pow5mult
                0x004065e0       0xa0 c:/program files (x86)/atmel/studio/7.0/toolchain/arm/arm-gnu-toolchain/bin/../lib/gcc/arm-none-eabi/6.3.1/../../../../arm-none-eabi/lib/thumb/v7-m\libc.a(lib_a-mprec.o)
                0x004065e0                __pow5mult
 .text.__lshift
                0x00406680       0xa0 c:/program files (x86)/atmel/studio/7.0/toolchain/arm/arm-gnu-toolchain/bin/../lib/gcc/arm-none-eabi/6.3.1/../../../../arm-none-eabi/lib/thumb/v7-m\libc.a(lib_a-mprec.o)
                0x00406680                __lshift
 .text.__mcmp   0x00406720       0x38 c:/program files (x86)/atmel/studio/7.0/toolchain/arm/arm-gnu-toolchain/bin/../lib/gcc/arm-none-eabi/6.3.1/../../../../arm-none-eabi/lib/thumb/v7-m\libc.a(lib_a-mprec.o)
                0x00406720                __mcmp
 .text.__mdiff  0x00406758      0x11c c:/program files (x86)/atmel/studio/7.0/toolchain/arm/arm-gnu-toolchain/bin/../lib/gcc/arm-none-eabi/6.3.1/../../../../arm-none-eabi/lib/thumb/v7-m\libc.a(lib_a-mprec.o)
                0x00406758                __mdiff
 .text.__d2b    0x00406874       0xa8 c:/program files (x86)/atmel/studio/7.0/toolchain/arm/arm-gnu-toolchain/bin/../lib/gcc/arm-none-eabi/6.3.1/../../../../arm-none-eabi/lib/thumb/v7-m\libc.a(lib_a-mprec.o)
                0x00406874                __d2b
 .text._realloc_r
                0x0040691c      0x36c c:/program files (x86)/atmel/studio/7.0/toolchain/arm/arm-gnu-toolchain/bin/../lib/gcc/arm-none-eabi/6.3.1/../../../../arm-none-eabi/lib/thumb/v7-m\libc.a(lib_a-reallocr.o)
                0x0040691c                _realloc_r
 .text._sbrk_r  0x00406c88       0x24 c:/program files (x86)/atmel/studio/7.0/toolchain/arm/arm-gnu-toolchain/bin/../lib/gcc/arm-none-eabi/6.3.1/../../../../arm-none-eabi/lib/thumb/v7-m\libc.a(lib_a-sbrkr.o)
                0x00406c88                _sbrk_r
 .text.__ssprint_r
                0x00406cac       0xfc c:/program files (x86)/atmel/studio/7.0/toolchain/arm/arm-gnu-toolchain/bin/../lib/gcc/arm-none-eabi/6.3.1/../../../../arm-none-eabi/lib/thumb/v7-m\libc.a(lib_a-svfiprintf.o)
                0x00406cac                __ssprint_r
 .text.__ascii_wctomb
                0x00406da8       0x18 c:/program files (x86)/atmel/studio/7.0/toolchain/arm/arm-gnu-toolchain/bin/../lib/gcc/arm-none-eabi/6.3.1/../../../../arm-none-eabi/lib/thumb/v7-m\libc.a(lib_a-wctomb_r.o)
                0x00406da8                __ascii_wctomb
 .text.__register_exitproc
                0x00406dc0       0xc4 c:/program files (x86)/atmel/studio/7.0/toolchain/arm/arm-gnu-toolchain/bin/../lib/gcc/arm-none-eabi/6.3.1/../../../../arm-none-eabi/lib/thumb/v7-m\libc.a(lib_a-__atexit.o)
                0x00406dc0                __register_exitproc
 .text._calloc_r
                0x00406e84       0x60 c:/program files (x86)/atmel/studio/7.0/toolchain/arm/arm-gnu-toolchain/bin/../lib/gcc/arm-none-eabi/6.3.1/../../../../arm-none-eabi/lib/thumb/v7-m\libc.a(lib_a-callocr.o)
                0x00406e84                _calloc_r
 .text          0x00406ee4      0x370 c:/program files (x86)/atmel/studio/7.0/toolchain/arm/arm-gnu-toolchain/bin/../lib/gcc/arm-none-eabi/6.3.1/thumb/v7-m\libgcc.a(_arm_addsubdf3.o)
                0x00406ee4                __aeabi_drsub
                0x00406eec                __aeabi_dsub
                0x00406eec                __subdf3
                0x00406ef0                __aeabi_dadd
                0x00406ef0                __adddf3
                0x00407168                __floatunsidf
                0x00407168                __aeabi_ui2d
                0x00407188                __floatsidf
                0x00407188                __aeabi_i2d
                0x004071ac                __aeabi_f2d
                0x004071ac                __extendsfdf2
                0x004071e8                __floatundidf
                0x004071e8                __aeabi_ul2d
                0x004071f8                __floatdidf
                0x004071f8                __aeabi_l2d
 .text          0x00407254      0x424 c:/program files (x86)/atmel/studio/7.0/toolchain/arm/arm-gnu-toolchain/bin/../lib/gcc/arm-none-eabi/6.3.1/thumb/v7-m\libgcc.a(_arm_muldivdf3.o)
                0x00407254                __aeabi_dmul
                0x00407254                __muldf3
                0x004074a8                __divdf3
                0x004074a8                __aeabi_ddiv
 .text          0x00407678      0x110 c:/program files (x86)/atmel/studio/7.0/toolchain/arm/arm-gnu-toolchain/bin/../lib/gcc/arm-none-eabi/6.3.1/thumb/v7-m\libgcc.a(_arm_cmpdf2.o)
                0x00407678                __gtdf2
                0x00407678                __gedf2
                0x00407680                __ltdf2
                0x00407680                __ledf2
                0x00407688                __nedf2
                0x00407688                __eqdf2
                0x00407688                __cmpdf2
                0x00407704                __aeabi_cdrcmple
                0x00407714                __aeabi_cdcmpeq
                0x00407714                __aeabi_cdcmple
                0x00407724                __aeabi_dcmpeq
                0x00407738                __aeabi_dcmplt
                0x0040774c                __aeabi_dcmple
                0x00407760                __aeabi_dcmpge
                0x00407774                __aeabi_dcmpgt
 .text          0x00407788       0x2c c:/program files (x86)/atmel/studio/7.0/toolchain/arm/arm-gnu-toolchain/bin/../lib/gcc/arm-none-eabi/6.3.1/thumb/v7-m\libgcc.a(_arm_unorddf2.o)
                0x00407788                __unorddf2
                0x00407788                __aeabi_dcmpun
 .text          0x004077b4       0x50 c:/program files (x86)/atmel/studio/7.0/toolchain/arm/arm-gnu-toolchain/bin/../lib/gcc/arm-none-eabi/6.3.1/thumb/v7-m\libgcc.a(_arm_fixdfsi.o)
                0x004077b4                __aeabi_d2iz
                0x004077b4                __fixdfsi
 .text          0x00407804       0x30 c:/program files (x86)/atmel/studio/7.0/toolchain/arm/arm-gnu-toolchain/bin/../lib/gcc/arm-none-eabi/6.3.1/thumb/v7-m\libgcc.a(_aeabi_uldivmod.o)
                0x00407804                __aeabi_uldivmod
 .text          0x00407834      0x2dc c:/program files (x86)/atmel/studio/7.0/toolchain/arm/arm-gnu-toolchain/bin/../lib/gcc/arm-none-eabi/6.3.1/thumb/v7-m\libgcc.a(_udivmoddi4.o)
                0x00407834                __udivmoddi4
 .text          0x00407b10        0x4 c:/program files (x86)/atmel/studio/7.0/toolchain/arm/arm-gnu-toolchain/bin/../lib/gcc/arm-none-eabi/6.3.1/thumb/v7-m\libgcc.a(_dvmd_tls.o)
                0x00407b10                __aeabi_idiv0
                0x00407b10                __aeabi_ldiv0
 *(.glue_7t)
 .glue_7t       0x00407b14        0x0 linker stubs
 *(.glue_7)
 .glue_7        0x00407b14        0x0 linker stubs
 *(.rodata .rodata* .gnu.linkonce.r.*)
 .rodata.SetAverageCount.str1.4
                0x00407b14       0x32 src/parser.o
 *fill*         0x00407b46        0x2 
 .rodata.SetDACvalue.str1.4
                0x00407b48       0x1e src/parser.o
 *fill*         0x00407b66        0x2 
 .rodata.SetMeasurmentCount.str1.4
                0x00407b68       0x30 src/parser.o
 .rodata.SetSamplePeriod.str1.4
                0x00407b98       0x1d src/parser.o
 *fill*         0x00407bb5        0x3 
 .rodata.SetSequencer.str1.4
                0x00407bb8       0x22 src/parser.o
 *fill*         0x00407bda        0x2 
 .rodata.StartACQ.str1.4
                0x00407bdc       0x1f src/parser.o
 *fill*         0x00407bfb        0x1 
 .rodata.StartFastACQ.str1.4
                0x00407bfc       0x20 src/parser.o
 .rodata.StopACQ.str1.4
                0x00407c1c       0x16 src/parser.o
 *fill*         0x00407c32        0x2 
 .rodata.main.str1.4
                0x00407c34       0x2f src/main.o
 *fill*         0x00407c63        0x1 
 .rodata._global_impure_ptr
                0x00407c64        0x4 c:/program files (x86)/atmel/studio/7.0/toolchain/arm/arm-gnu-toolchain/bin/../lib/gcc/arm-none-eabi/6.3.1/../../../../arm-none-eabi/lib/thumb/v7-m\libc.a(lib_a-impure.o)
                0x00407c64                _global_impure_ptr
 .rodata._svfprintf_r.str1.4
                0x00407c68       0x42 c:/program files (x86)/atmel/studio/7.0/toolchain/arm/arm-gnu-toolchain/bin/../lib/gcc/arm-none-eabi/6.3.1/../../../../arm-none-eabi/lib/thumb/v7-m\libc.a(lib_a-svfprintf.o)
 *fill*         0x00407caa        0x2 
 .rodata.blanks.7223
                0x00407cac       0x10 c:/program files (x86)/atmel/studio/7.0/toolchain/arm/arm-gnu-toolchain/bin/../lib/gcc/arm-none-eabi/6.3.1/../../../../arm-none-eabi/lib/thumb/v7-m\libc.a(lib_a-svfprintf.o)
 .rodata.zeroes.7224
                0x00407cbc       0x10 c:/program files (x86)/atmel/studio/7.0/toolchain/arm/arm-gnu-toolchain/bin/../lib/gcc/arm-none-eabi/6.3.1/../../../../arm-none-eabi/lib/thumb/v7-m\libc.a(lib_a-svfprintf.o)
 .rodata._dtoa_r.str1.4
                0x00407ccc       0x10 c:/program files (x86)/atmel/studio/7.0/toolchain/arm/arm-gnu-toolchain/bin/../lib/gcc/arm-none-eabi/6.3.1/../../../../arm-none-eabi/lib/thumb/v7-m\libc.a(lib_a-dtoa.o)
                                 0x12 (size before relaxing)
 .rodata._setlocale_r.str1.4
                0x00407cdc        0xa c:/program files (x86)/atmel/studio/7.0/toolchain/arm/arm-gnu-toolchain/bin/../lib/gcc/arm-none-eabi/6.3.1/../../../../arm-none-eabi/lib/thumb/v7-m\libc.a(lib_a-locale.o)
                                  0xd (size before relaxing)
 *fill*         0x00407ce6        0x2 
 .rodata.str1.4
                0x00407ce8        0x4 c:/program files (x86)/atmel/studio/7.0/toolchain/arm/arm-gnu-toolchain/bin/../lib/gcc/arm-none-eabi/6.3.1/../../../../arm-none-eabi/lib/thumb/v7-m\libc.a(lib_a-locale.o)
                                  0x2 (size before relaxing)
 *fill*         0x00407cec        0x4 
 .rodata.__mprec_bigtens
                0x00407cf0       0x28 c:/program files (x86)/atmel/studio/7.0/toolchain/arm/arm-gnu-toolchain/bin/../lib/gcc/arm-none-eabi/6.3.1/../../../../arm-none-eabi/lib/thumb/v7-m\libc.a(lib_a-mprec.o)
                0x00407cf0                __mprec_bigtens
 .rodata.__mprec_tens
                0x00407d18       0xc8 c:/program files (x86)/atmel/studio/7.0/toolchain/arm/arm-gnu-toolchain/bin/../lib/gcc/arm-none-eabi/6.3.1/../../../../arm-none-eabi/lib/thumb/v7-m\libc.a(lib_a-mprec.o)
                0x00407d18                __mprec_tens
 .rodata.p05.6055
                0x00407de0        0xc c:/program files (x86)/atmel/studio/7.0/toolchain/arm/arm-gnu-toolchain/bin/../lib/gcc/arm-none-eabi/6.3.1/../../../../arm-none-eabi/lib/thumb/v7-m\libc.a(lib_a-mprec.o)
 .rodata._ctype_
                0x00407dec      0x101 c:/program files (x86)/atmel/studio/7.0/toolchain/arm/arm-gnu-toolchain/bin/../lib/gcc/arm-none-eabi/6.3.1/../../../../arm-none-eabi/lib/thumb/v7-m\libc.a(lib_a-ctype_.o)
                0x00407dec                _ctype_
 *(.ARM.extab* .gnu.linkonce.armextab.*)
                0x00407ef0                . = ALIGN (0x4)
 *fill*         0x00407eed        0x3 
 *(.init)
 .init          0x00407ef0        0x4 c:/program files (x86)/atmel/studio/7.0/toolchain/arm/arm-gnu-toolchain/bin/../lib/gcc/arm-none-eabi/6.3.1/thumb/v7-m/crti.o
                0x00407ef0                _init
 .init          0x00407ef4        0x8 c:/program files (x86)/atmel/studio/7.0/toolchain/arm/arm-gnu-toolchain/bin/../lib/gcc/arm-none-eabi/6.3.1/thumb/v7-m/crtn.o
                0x00407efc                . = ALIGN (0x4)
                0x00407efc                __preinit_array_start = .
 *(.preinit_array)
                0x00407efc                __preinit_array_end = .
                0x00407efc                . = ALIGN (0x4)
                0x00407efc                __init_array_start = .
 *(SORT(.init_array.*))
 .init_array.00000
                0x00407efc        0x4 c:/program files (x86)/atmel/studio/7.0/toolchain/arm/arm-gnu-toolchain/bin/../lib/gcc/arm-none-eabi/6.3.1/../../../../arm-none-eabi/lib/thumb/v7-m\libc.a(lib_a-__call_atexit.o)
 *(.init_array)
 .init_array    0x00407f00        0x4 c:/program files (x86)/atmel/studio/7.0/toolchain/arm/arm-gnu-toolchain/bin/../lib/gcc/arm-none-eabi/6.3.1/thumb/v7-m/crtbegin.o
                0x00407f04                __init_array_end = .
                0x00407f04                . = ALIGN (0x4)
 *crtbegin.o(.ctors)
 *(EXCLUDE_FILE(*crtend.o) .ctors)
 *(SORT(.ctors.*))
 *crtend.o(.ctors)
                0x00407f04                . = ALIGN (0x4)
 *(.fini)
 .fini          0x00407f04        0x4 c:/program files (x86)/atmel/studio/7.0/toolchain/arm/arm-gnu-toolchain/bin/../lib/gcc/arm-none-eabi/6.3.1/thumb/v7-m/crti.o
                0x00407f04                _fini
 .fini          0x00407f08        0x8 c:/program files (x86)/atmel/studio/7.0/toolchain/arm/arm-gnu-toolchain/bin/../lib/gcc/arm-none-eabi/6.3.1/thumb/v7-m/crtn.o
                0x00407f10                . = ALIGN (0x4)
                0x00407f10                __fini_array_start = .
 *(.fini_array)
 .fini_array    0x00407f10        0x4 c:/program files (x86)/atmel/studio/7.0/toolchain/arm/arm-gnu-toolchain/bin/../lib/gcc/arm-none-eabi/6.3.1/thumb/v7-m/crtbegin.o
 *(SORT(.fini_array.*))
                0x00407f14                __fini_array_end = .
 *crtbegin.o(.dtors)
 *(EXCLUDE_FILE(*crtend.o) .dtors)
 *(SORT(.dtors.*))
 *crtend.o(.dtors)
                0x00407f14                . = ALIGN (0x4)
                0x00407f14                _efixed = .
                [!provide]                PROVIDE (__exidx_start, .)

.vfp11_veneer   0x00407f14        0x0
 .vfp11_veneer  0x00407f14        0x0 linker stubs

.v4_bx          0x00407f14        0x0
 .v4_bx         0x00407f14        0x0 linker stubs

.iplt           0x00407f14        0x0
 .iplt          0x00407f14        0x0 c:/program files (x86)/atmel/studio/7.0/toolchain/arm/arm-gnu-toolchain/bin/../lib/gcc/arm-none-eabi/6.3.1/thumb/v7-m/crtbegin.o

.ARM.exidx      0x00407f14        0x8
 *(.ARM.exidx* .gnu.linkonce.armexidx.*)
 .ARM.exidx     0x00407f14        0x8 c:/program files (x86)/atmel/studio/7.0/toolchain/arm/arm-gnu-toolchain/bin/../lib/gcc/arm-none-eabi/6.3.1/thumb/v7-m\libgcc.a(_udivmoddi4.o)
                [!provide]                PROVIDE (__exidx_end, .)

.eh_frame       0x00407f1c        0x0
 .eh_frame      0x00407f1c        0x0 c:/program files (x86)/atmel/studio/7.0/toolchain/arm/arm-gnu-toolchain/bin/../lib/gcc/arm-none-eabi/6.3.1/thumb/v7-m/crtbegin.o

.rel.dyn        0x00407f1c        0x0
 .rel.iplt      0x00407f1c        0x0 c:/program files (x86)/atmel/studio/7.0/toolchain/arm/arm-gnu-toolchain/bin/../lib/gcc/arm-none-eabi/6.3.1/thumb/v7-m/crtbegin.o

.jcr            0x00407f1c        0x0
 .jcr           0x00407f1c        0x0 c:/program files (x86)/atmel/studio/7.0/toolchain/arm/arm-gnu-toolchain/bin/../lib/gcc/arm-none-eabi/6.3.1/thumb/v7-m/crtbegin.o

.igot.plt       0x00407f1c        0x0
 .igot.plt      0x00407f1c        0x0 c:/program files (x86)/atmel/studio/7.0/toolchain/arm/arm-gnu-toolchain/bin/../lib/gcc/arm-none-eabi/6.3.1/thumb/v7-m/crtbegin.o
                0x00407f1c                . = ALIGN (0x4)
                0x00407f1c                _etext = .

.relocate       0x20000000      0xb38 load address 0x00407f1c
                0x20000000                . = ALIGN (0x4)
                0x20000000                _srelocate = .
 *(.ramfunc .ramfunc.*)
 .ramfunc       0x20000000       0xe4 src/ASF/sam/utils/cmsis/sam3s/source/templates/system_sam3s.o
                0x20000000                SystemInit
                0x200000a0                system_init_flash
 *(.data .data.*)
 .data.udi_api_cdc_comm
                0x200000e4       0x14 src/ASF/common/services/usb/class/cdc/device/udi_cdc.o
                0x200000e4                udi_api_cdc_comm
 .data.udi_api_cdc_data
                0x200000f8       0x14 src/ASF/common/services/usb/class/cdc/device/udi_cdc.o
                0x200000f8                udi_api_cdc_data
 .data.udc_string_desc_languageid
                0x2000010c        0x4 src/ASF/common/services/usb/udc/udc.o
 .data.udc_config
                0x20000110        0xc src/ASF/common/services/usb/class/cdc/device/udi_cdc_desc.o
                0x20000110                udc_config
 .data.udc_config_fs
                0x2000011c        0x8 src/ASF/common/services/usb/class/cdc/device/udi_cdc_desc.o
                0x2000011c                udc_config_fs
 .data.udc_desc_fs
                0x20000124       0x43 src/ASF/common/services/usb/class/cdc/device/udi_cdc_desc.o
                0x20000124                udc_desc_fs
 *fill*         0x20000167        0x1 
 .data.udc_device_desc
                0x20000168       0x12 src/ASF/common/services/usb/class/cdc/device/udi_cdc_desc.o
                0x20000168                udc_device_desc
 *fill*         0x2000017a        0x2 
 .data.udi_apis
                0x2000017c        0x8 src/ASF/common/services/usb/class/cdc/device/udi_cdc_desc.o
                0x2000017c                udi_apis
 .data.g_interrupt_enabled
                0x20000184        0x1 src/ASF/common/utils/interrupt/interrupt_sam_nvic.o
                0x20000184                g_interrupt_enabled
 *fill*         0x20000185        0x3 
 .data.SystemCoreClock
                0x20000188        0x4 src/ASF/sam/utils/cmsis/sam3s/source/templates/system_sam3s.o
                0x20000188                SystemCoreClock
 .data._impure_ptr
                0x2000018c        0x4 c:/program files (x86)/atmel/studio/7.0/toolchain/arm/arm-gnu-toolchain/bin/../lib/gcc/arm-none-eabi/6.3.1/../../../../arm-none-eabi/lib/thumb/v7-m\libc.a(lib_a-impure.o)
                0x2000018c                _impure_ptr
 .data.impure_data
                0x20000190      0x428 c:/program files (x86)/atmel/studio/7.0/toolchain/arm/arm-gnu-toolchain/bin/../lib/gcc/arm-none-eabi/6.3.1/../../../../arm-none-eabi/lib/thumb/v7-m\libc.a(lib_a-impure.o)
 .data.__atexit_recursive_mutex
                0x200005b8        0x4 c:/program files (x86)/atmel/studio/7.0/toolchain/arm/arm-gnu-toolchain/bin/../lib/gcc/arm-none-eabi/6.3.1/../../../../arm-none-eabi/lib/thumb/v7-m\libc.a(lib_a-__call_atexit.o)
                0x200005b8                __atexit_recursive_mutex
 .data.__global_locale
                0x200005bc      0x16c c:/program files (x86)/atmel/studio/7.0/toolchain/arm/arm-gnu-toolchain/bin/../lib/gcc/arm-none-eabi/6.3.1/../../../../arm-none-eabi/lib/thumb/v7-m\libc.a(lib_a-locale.o)
                0x200005bc                __global_locale
 .data.__malloc_av_
                0x20000728      0x408 c:/program files (x86)/atmel/studio/7.0/toolchain/arm/arm-gnu-toolchain/bin/../lib/gcc/arm-none-eabi/6.3.1/../../../../arm-none-eabi/lib/thumb/v7-m\libc.a(lib_a-mallocr.o)
                0x20000728                __malloc_av_
 .data.__malloc_sbrk_base
                0x20000b30        0x4 c:/program files (x86)/atmel/studio/7.0/toolchain/arm/arm-gnu-toolchain/bin/../lib/gcc/arm-none-eabi/6.3.1/../../../../arm-none-eabi/lib/thumb/v7-m\libc.a(lib_a-mallocr.o)
                0x20000b30                __malloc_sbrk_base
 .data.__malloc_trim_threshold
                0x20000b34        0x4 c:/program files (x86)/atmel/studio/7.0/toolchain/arm/arm-gnu-toolchain/bin/../lib/gcc/arm-none-eabi/6.3.1/../../../../arm-none-eabi/lib/thumb/v7-m\libc.a(lib_a-mallocr.o)
                0x20000b34                __malloc_trim_threshold
                0x20000b38                . = ALIGN (0x4)
                0x20000b38                _erelocate = .

.bss            0x20000b38      0x320 load address 0x00408a54
                0x20000b38                . = ALIGN (0x4)
                0x20000b38                _sbss = .
                0x20000b38                _szero = .
 *(.bss .bss.*)
 .bss           0x20000b38       0x1c c:/program files (x86)/atmel/studio/7.0/toolchain/arm/arm-gnu-toolchain/bin/../lib/gcc/arm-none-eabi/6.3.1/thumb/v7-m/crtbegin.o
 .bss.sof_zlp_counter.7703
                0x20000b54        0x2 src/ASF/common/services/usb/class/cdc/device/udi_cdc.o
 .bss.udi_cdc_data_running
                0x20000b56        0x1 src/ASF/common/services/usb/class/cdc/device/udi_cdc.o
 *fill*         0x20000b57        0x1 
 .bss.udi_cdc_line_coding
                0x20000b58        0x7 src/ASF/common/services/usb/class/cdc/device/udi_cdc.o
 .bss.udi_cdc_nb_comm_enabled
                0x20000b5f        0x1 src/ASF/common/services/usb/class/cdc/device/udi_cdc.o
 .bss.udi_cdc_nb_data_enabled
                0x20000b60        0x1 src/ASF/common/services/usb/class/cdc/device/udi_cdc.o
 *fill*         0x20000b61        0x3 
 .bss.udi_cdc_rx_buf
                0x20000b64       0x80 src/ASF/common/services/usb/class/cdc/device/udi_cdc.o
 .bss.udi_cdc_rx_buf_nb
                0x20000be4        0x4 src/ASF/common/services/usb/class/cdc/device/udi_cdc.o
 .bss.udi_cdc_rx_buf_sel
                0x20000be8        0x1 src/ASF/common/services/usb/class/cdc/device/udi_cdc.o
 *fill*         0x20000be9        0x3 
 .bss.udi_cdc_rx_pos
                0x20000bec        0x2 src/ASF/common/services/usb/class/cdc/device/udi_cdc.o
 *fill*         0x20000bee        0x2 
 .bss.udi_cdc_rx_trans_ongoing
                0x20000bf0        0x1 src/ASF/common/services/usb/class/cdc/device/udi_cdc.o
 *fill*         0x20000bf1        0x3 
 .bss.udi_cdc_state
                0x20000bf4        0x2 src/ASF/common/services/usb/class/cdc/device/udi_cdc.o
 *fill*         0x20000bf6        0x2 
 .bss.udi_cdc_tx_both_buf_to_send
                0x20000bf8        0x1 src/ASF/common/services/usb/class/cdc/device/udi_cdc.o
 *fill*         0x20000bf9        0x3 
 .bss.udi_cdc_tx_buf
                0x20000bfc       0x80 src/ASF/common/services/usb/class/cdc/device/udi_cdc.o
 .bss.udi_cdc_tx_buf_nb
                0x20000c7c        0x4 src/ASF/common/services/usb/class/cdc/device/udi_cdc.o
 .bss.udi_cdc_tx_buf_sel
                0x20000c80        0x1 src/ASF/common/services/usb/class/cdc/device/udi_cdc.o
 *fill*         0x20000c81        0x3 
 .bss.udi_cdc_tx_sof_num
                0x20000c84        0x2 src/ASF/common/services/usb/class/cdc/device/udi_cdc.o
 *fill*         0x20000c86        0x2 
 .bss.udi_cdc_tx_trans_ongoing
                0x20000c88        0x1 src/ASF/common/services/usb/class/cdc/device/udi_cdc.o
 *fill*         0x20000c89        0x3 
 .bss.uid_cdc_state_msg
                0x20000c8c        0xa src/ASF/common/services/usb/class/cdc/device/udi_cdc.o
 .bss.udc_device_status
                0x20000c96        0x2 src/ASF/common/services/usb/udc/udc.o
 .bss.udc_ep_status.7348
                0x20000c98        0x2 src/ASF/common/services/usb/udc/udc.o
 *fill*         0x20000c9a        0x2 
 .bss.udc_iface_setting
                0x20000c9c        0x1 src/ASF/common/services/usb/udc/udc.o
 *fill*         0x20000c9d        0x3 
 .bss.udc_num_configuration
                0x20000ca0        0x1 src/ASF/common/services/usb/udc/udc.o
 *fill*         0x20000ca1        0x3 
 .bss.udc_ptr_conf
                0x20000ca4        0x4 src/ASF/common/services/usb/udc/udc.o
 .bss.udc_ptr_iface
                0x20000ca8        0x4 src/ASF/common/services/usb/udc/udc.o
 .bss.gs_interrupt_sources
                0x20000cac       0x70 src/ASF/sam/drivers/pio/pio_handler.o
 .bss.pio_capture_handler
                0x20000d1c        0x4 src/ASF/sam/drivers/pio/pio_handler.o
 .bss.b_shortpacket.8408
                0x20000d20        0x1 src/ASF/sam/drivers/udp/udp_device.o
 .bss.udd_b_idle
                0x20000d21        0x1 src/ASF/sam/drivers/udp/udp_device.o
 .bss.udd_ctrl_payload_nb_trans
                0x20000d22        0x2 src/ASF/sam/drivers/udp/udp_device.o
 .bss.udd_ctrl_prev_payload_nb_trans
                0x20000d24        0x2 src/ASF/sam/drivers/udp/udp_device.o
 .bss.udd_ep_control_state
                0x20000d26        0x1 src/ASF/sam/drivers/udp/udp_device.o
 *fill*         0x20000d27        0x1 
 .bss.udd_ep_job
                0x20000d28       0x3c src/ASF/sam/drivers/udp/udp_device.o
 .bss.acqusition_in_progress
                0x20000d64        0x4 src/core.o
                0x20000d64                acqusition_in_progress
 .bss.data_bank
                0x20000d68        0x4 src/core.o
                0x20000d68                data_bank
 .bss.new_data  0x20000d6c        0x4 src/core.o
                0x20000d6c                new_data
 .bss.b_is_sleep_clock_used
                0x20000d70        0x1 src/ASF/sam/drivers/pmc/sleep.o
 *fill*         0x20000d71        0x3 
 .bss.heap.5297
                0x20000d74        0x4 src/ASF/sam/utils/syscalls/gcc/syscalls.o
 .bss.__malloc_current_mallinfo
                0x20000d78       0x28 c:/program files (x86)/atmel/studio/7.0/toolchain/arm/arm-gnu-toolchain/bin/../lib/gcc/arm-none-eabi/6.3.1/../../../../arm-none-eabi/lib/thumb/v7-m\libc.a(lib_a-mallocr.o)
                0x20000d78                __malloc_current_mallinfo
 .bss.__malloc_max_sbrked_mem
                0x20000da0        0x4 c:/program files (x86)/atmel/studio/7.0/toolchain/arm/arm-gnu-toolchain/bin/../lib/gcc/arm-none-eabi/6.3.1/../../../../arm-none-eabi/lib/thumb/v7-m\libc.a(lib_a-mallocr.o)
                0x20000da0                __malloc_max_sbrked_mem
 .bss.__malloc_max_total_mem
                0x20000da4        0x4 c:/program files (x86)/atmel/studio/7.0/toolchain/arm/arm-gnu-toolchain/bin/../lib/gcc/arm-none-eabi/6.3.1/../../../../arm-none-eabi/lib/thumb/v7-m\libc.a(lib_a-mallocr.o)
                0x20000da4                __malloc_max_total_mem
 .bss.__malloc_top_pad
                0x20000da8        0x4 c:/program files (x86)/atmel/studio/7.0/toolchain/arm/arm-gnu-toolchain/bin/../lib/gcc/arm-none-eabi/6.3.1/../../../../arm-none-eabi/lib/thumb/v7-m\libc.a(lib_a-mallocr.o)
                0x20000da8                __malloc_top_pad
 *(COMMON)
 COMMON         0x20000dac        0x6 src/ASF/common/services/sleepmgr/sam/sleepmgr.o
                0x20000dac                sleepmgr_locks
 *fill*         0x20000db2        0x2 
 COMMON         0x20000db4       0x18 src/ASF/sam/drivers/udp/udp_device.o
                0x20000db4                udd_g_ctrlreq
 COMMON         0x20000dcc       0x48 src/core.o
                0x20000dcc                adc_pdc2
                0x20000dd4                raw_data_size
                0x20000dd8                adc_raw_accumulator
                0x20000de8                adc_raw_data2
                0x20000df0                avg_cntr
                0x20000df4                adc_pdc1
                0x20000dfc                nb_enables_ch
                0x20000e00                adc_raw_data1
                0x20000e08                avg_cnt_reload
                0x20000e0c                adc_pdc_pntr
                0x20000e10                rep_cntr
 COMMON         0x20000e14        0x4 src/ASF/sam/drivers/pio/pio.o
                0x20000e14                pio_capture_enable_flag
 COMMON         0x20000e18       0x16 src/main.o
                0x20000e18                master_settings
 *fill*         0x20000e2e        0x2 
 COMMON         0x20000e30       0x21 c:/program files (x86)/atmel/studio/7.0/toolchain/arm/arm-gnu-toolchain/bin/../lib/gcc/arm-none-eabi/6.3.1/../../../../arm-none-eabi/lib/thumb/v7-m\libc.a(lib_a-lock.o)
                0x20000e30                __lock___atexit_recursive_mutex
                0x20000e34                __lock___arc4random_mutex
                0x20000e38                __lock___env_recursive_mutex
                0x20000e3c                __lock___sinit_recursive_mutex
                0x20000e40                __lock___malloc_recursive_mutex
                0x20000e44                __lock___at_quick_exit_mutex
                0x20000e48                __lock___dd_hash_mutex
                0x20000e4c                __lock___tz_mutex
                0x20000e50                __lock___sfp_recursive_mutex
 *fill*         0x20000e51        0x3 
 COMMON         0x20000e54        0x4 c:/program files (x86)/atmel/studio/7.0/toolchain/arm/arm-gnu-toolchain/bin/../lib/gcc/arm-none-eabi/6.3.1/../../../../arm-none-eabi/lib/thumb/v7-m\libc.a(lib_a-reent.o)
                0x20000e54                errno
                0x20000e58                . = ALIGN (0x4)
                0x20000e58                _ebss = .
                0x20000e58                _ezero = .

.stack          0x20000e58     0x2000 load address 0x00408d74
                0x20000e58                . = ALIGN (0x8)
                0x20000e58                _sstack = .
                0x20002e58                . = (. + __stack_size__)
 *fill*         0x20000e58     0x2000 
                0x20002e58                . = ALIGN (0x8)
                0x20002e58                _estack = .
                0x20002e58                . = ALIGN (0x4)
                0x20002e58                _end = .
OUTPUT(Daq.elf elf32-littlearm)

.ARM.attributes
                0x00000000       0x29
 .ARM.attributes
                0x00000000       0x1d c:/program files (x86)/atmel/studio/7.0/toolchain/arm/arm-gnu-toolchain/bin/../lib/gcc/arm-none-eabi/6.3.1/thumb/v7-m/crti.o
 .ARM.attributes
                0x0000001d       0x2d c:/program files (x86)/atmel/studio/7.0/toolchain/arm/arm-gnu-toolchain/bin/../lib/gcc/arm-none-eabi/6.3.1/thumb/v7-m/crtbegin.o
 .ARM.attributes
                0x0000004a       0x33 src/ASF/common/services/sleepmgr/sam/sleepmgr.o
 .ARM.attributes
                0x0000007d       0x33 src/ASF/common/services/usb/class/cdc/device/udi_cdc.o
 .ARM.attributes
                0x000000b0       0x33 src/ASF/common/services/usb/udc/udc.o
 .ARM.attributes
                0x000000e3       0x33 src/ASF/sam/drivers/adc/adc.o
 .ARM.attributes
                0x00000116       0x33 src/ASF/sam/drivers/pio/pio_handler.o
 .ARM.attributes
                0x00000149       0x33 src/ASF/sam/drivers/udp/udp_device.o
 .ARM.attributes
                0x0000017c       0x33 src/ASF/sam/drivers/wdt/wdt.o
 .ARM.attributes
                0x000001af       0x33 src/core.o
 .ARM.attributes
                0x000001e2       0x33 src/parser.o
 .ARM.attributes
                0x00000215       0x33 src/ASF/common/services/usb/class/cdc/device/udi_cdc_desc.o
 .ARM.attributes
                0x00000248       0x33 src/ASF/common/services/clock/sam3s/sysclk.o
 .ARM.attributes
                0x0000027b       0x33 src/ASF/sam/drivers/pdc/pdc.o
 .ARM.attributes
                0x000002ae       0x33 src/ASF/sam/drivers/pio/pio.o
 .ARM.attributes
                0x000002e1       0x33 src/ASF/sam/drivers/pmc/pmc.o
 .ARM.attributes
                0x00000314       0x33 src/ASF/sam/drivers/tc/tc.o
 .ARM.attributes
                0x00000347       0x33 src/ASF/sam/drivers/pmc/sleep.o
 .ARM.attributes
                0x0000037a       0x33 src/ASF/common/boards/user_board/init.o
 .ARM.attributes
                0x000003ad       0x33 src/ASF/common/utils/interrupt/interrupt_sam_nvic.o
 .ARM.attributes
                0x000003e0       0x33 src/ASF/sam/utils/cmsis/sam3s/source/templates/exceptions.o
 .ARM.attributes
                0x00000413       0x33 src/ASF/sam/utils/cmsis/sam3s/source/templates/gcc/startup_sam3s.o
 .ARM.attributes
                0x00000446       0x33 src/ASF/sam/utils/cmsis/sam3s/source/templates/system_sam3s.o
 .ARM.attributes
                0x00000479       0x33 src/ASF/sam/utils/syscalls/gcc/syscalls.o
 .ARM.attributes
                0x000004ac       0x33 src/main.o
 .ARM.attributes
                0x000004df       0x2d c:/program files (x86)/atmel/studio/7.0/toolchain/arm/arm-gnu-toolchain/bin/../lib/gcc/arm-none-eabi/6.3.1/../../../../arm-none-eabi/lib/thumb/v7-m\libc.a(lib_a-impure.o)
 .ARM.attributes
                0x0000050c       0x2d c:/program files (x86)/atmel/studio/7.0/toolchain/arm/arm-gnu-toolchain/bin/../lib/gcc/arm-none-eabi/6.3.1/../../../../arm-none-eabi/lib/thumb/v7-m\libc.a(lib_a-init.o)
 .ARM.attributes
                0x00000539       0x1b c:/program files (x86)/atmel/studio/7.0/toolchain/arm/arm-gnu-toolchain/bin/../lib/gcc/arm-none-eabi/6.3.1/../../../../arm-none-eabi/lib/thumb/v7-m\libc.a(lib_a-memcpy.o)
 .ARM.attributes
                0x00000554       0x2d c:/program files (x86)/atmel/studio/7.0/toolchain/arm/arm-gnu-toolchain/bin/../lib/gcc/arm-none-eabi/6.3.1/../../../../arm-none-eabi/lib/thumb/v7-m\libc.a(lib_a-memset.o)
 .ARM.attributes
                0x00000581       0x2d c:/program files (x86)/atmel/studio/7.0/toolchain/arm/arm-gnu-toolchain/bin/../lib/gcc/arm-none-eabi/6.3.1/../../../../arm-none-eabi/lib/thumb/v7-m\libc.a(lib_a-sprintf.o)
 .ARM.attributes
                0x000005ae       0x2d c:/program files (x86)/atmel/studio/7.0/toolchain/arm/arm-gnu-toolchain/bin/../lib/gcc/arm-none-eabi/6.3.1/../../../../arm-none-eabi/lib/thumb/v7-m\libc.a(lib_a-strlen-stub.o)
 .ARM.attributes
                0x000005db       0x2d c:/program files (x86)/atmel/studio/7.0/toolchain/arm/arm-gnu-toolchain/bin/../lib/gcc/arm-none-eabi/6.3.1/../../../../arm-none-eabi/lib/thumb/v7-m\libc.a(lib_a-svfprintf.o)
 .ARM.attributes
                0x00000608       0x2d c:/program files (x86)/atmel/studio/7.0/toolchain/arm/arm-gnu-toolchain/bin/../lib/gcc/arm-none-eabi/6.3.1/../../../../arm-none-eabi/lib/thumb/v7-m\libc.a(lib_a-__call_atexit.o)
 .ARM.attributes
                0x00000635       0x2d c:/program files (x86)/atmel/studio/7.0/toolchain/arm/arm-gnu-toolchain/bin/../lib/gcc/arm-none-eabi/6.3.1/../../../../arm-none-eabi/lib/thumb/v7-m\libc.a(lib_a-atexit.o)
 .ARM.attributes
                0x00000662       0x2d c:/program files (x86)/atmel/studio/7.0/toolchain/arm/arm-gnu-toolchain/bin/../lib/gcc/arm-none-eabi/6.3.1/../../../../arm-none-eabi/lib/thumb/v7-m\libc.a(lib_a-dtoa.o)
 .ARM.attributes
                0x0000068f       0x2d c:/program files (x86)/atmel/studio/7.0/toolchain/arm/arm-gnu-toolchain/bin/../lib/gcc/arm-none-eabi/6.3.1/../../../../arm-none-eabi/lib/thumb/v7-m\libc.a(lib_a-fini.o)
 .ARM.attributes
                0x000006bc       0x2d c:/program files (x86)/atmel/studio/7.0/toolchain/arm/arm-gnu-toolchain/bin/../lib/gcc/arm-none-eabi/6.3.1/../../../../arm-none-eabi/lib/thumb/v7-m\libc.a(lib_a-freer.o)
 .ARM.attributes
                0x000006e9       0x2d c:/program files (x86)/atmel/studio/7.0/toolchain/arm/arm-gnu-toolchain/bin/../lib/gcc/arm-none-eabi/6.3.1/../../../../arm-none-eabi/lib/thumb/v7-m\libc.a(lib_a-locale.o)
 .ARM.attributes
                0x00000716       0x2d c:/program files (x86)/atmel/studio/7.0/toolchain/arm/arm-gnu-toolchain/bin/../lib/gcc/arm-none-eabi/6.3.1/../../../../arm-none-eabi/lib/thumb/v7-m\libc.a(lib_a-localeconv.o)
 .ARM.attributes
                0x00000743       0x2d c:/program files (x86)/atmel/studio/7.0/toolchain/arm/arm-gnu-toolchain/bin/../lib/gcc/arm-none-eabi/6.3.1/../../../../arm-none-eabi/lib/thumb/v7-m\libc.a(lib_a-lock.o)
 .ARM.attributes
                0x00000770       0x2d c:/program files (x86)/atmel/studio/7.0/toolchain/arm/arm-gnu-toolchain/bin/../lib/gcc/arm-none-eabi/6.3.1/../../../../arm-none-eabi/lib/thumb/v7-m\libc.a(lib_a-mallocr.o)
 .ARM.attributes
                0x0000079d       0x2d c:/program files (x86)/atmel/studio/7.0/toolchain/arm/arm-gnu-toolchain/bin/../lib/gcc/arm-none-eabi/6.3.1/../../../../arm-none-eabi/lib/thumb/v7-m\libc.a(lib_a-mbtowc_r.o)
 .ARM.attributes
                0x000007ca       0x2d c:/program files (x86)/atmel/studio/7.0/toolchain/arm/arm-gnu-toolchain/bin/../lib/gcc/arm-none-eabi/6.3.1/../../../../arm-none-eabi/lib/thumb/v7-m\libc.a(lib_a-memchr-stub.o)
 .ARM.attributes
                0x000007f7       0x2d c:/program files (x86)/atmel/studio/7.0/toolchain/arm/arm-gnu-toolchain/bin/../lib/gcc/arm-none-eabi/6.3.1/../../../../arm-none-eabi/lib/thumb/v7-m\libc.a(lib_a-memmove.o)
 .ARM.attributes
                0x00000824       0x2d c:/program files (x86)/atmel/studio/7.0/toolchain/arm/arm-gnu-toolchain/bin/../lib/gcc/arm-none-eabi/6.3.1/../../../../arm-none-eabi/lib/thumb/v7-m\libc.a(lib_a-mlock.o)
 .ARM.attributes
                0x00000851       0x2d c:/program files (x86)/atmel/studio/7.0/toolchain/arm/arm-gnu-toolchain/bin/../lib/gcc/arm-none-eabi/6.3.1/../../../../arm-none-eabi/lib/thumb/v7-m\libc.a(lib_a-mprec.o)
 .ARM.attributes
                0x0000087e       0x2d c:/program files (x86)/atmel/studio/7.0/toolchain/arm/arm-gnu-toolchain/bin/../lib/gcc/arm-none-eabi/6.3.1/../../../../arm-none-eabi/lib/thumb/v7-m\libc.a(lib_a-reallocr.o)
 .ARM.attributes
                0x000008ab       0x2d c:/program files (x86)/atmel/studio/7.0/toolchain/arm/arm-gnu-toolchain/bin/../lib/gcc/arm-none-eabi/6.3.1/../../../../arm-none-eabi/lib/thumb/v7-m\libc.a(lib_a-sbrkr.o)
 .ARM.attributes
                0x000008d8       0x2d c:/program files (x86)/atmel/studio/7.0/toolchain/arm/arm-gnu-toolchain/bin/../lib/gcc/arm-none-eabi/6.3.1/../../../../arm-none-eabi/lib/thumb/v7-m\libc.a(lib_a-svfiprintf.o)
 .ARM.attributes
                0x00000905       0x2d c:/program files (x86)/atmel/studio/7.0/toolchain/arm/arm-gnu-toolchain/bin/../lib/gcc/arm-none-eabi/6.3.1/../../../../arm-none-eabi/lib/thumb/v7-m\libc.a(lib_a-wctomb_r.o)
 .ARM.attributes
                0x00000932       0x2d c:/program files (x86)/atmel/studio/7.0/toolchain/arm/arm-gnu-toolchain/bin/../lib/gcc/arm-none-eabi/6.3.1/../../../../arm-none-eabi/lib/thumb/v7-m\libc.a(lib_a-__atexit.o)
 .ARM.attributes
                0x0000095f       0x2d c:/program files (x86)/atmel/studio/7.0/toolchain/arm/arm-gnu-toolchain/bin/../lib/gcc/arm-none-eabi/6.3.1/../../../../arm-none-eabi/lib/thumb/v7-m\libc.a(lib_a-callocr.o)
 .ARM.attributes
                0x0000098c       0x2d c:/program files (x86)/atmel/studio/7.0/toolchain/arm/arm-gnu-toolchain/bin/../lib/gcc/arm-none-eabi/6.3.1/../../../../arm-none-eabi/lib/thumb/v7-m\libc.a(lib_a-ctype_.o)
 .ARM.attributes
                0x000009b9       0x2d c:/program files (x86)/atmel/studio/7.0/toolchain/arm/arm-gnu-toolchain/bin/../lib/gcc/arm-none-eabi/6.3.1/../../../../arm-none-eabi/lib/thumb/v7-m\libc.a(lib_a-reent.o)
 .ARM.attributes
                0x000009e6       0x1d c:/program files (x86)/atmel/studio/7.0/toolchain/arm/arm-gnu-toolchain/bin/../lib/gcc/arm-none-eabi/6.3.1/thumb/v7-m\libgcc.a(_arm_addsubdf3.o)
 .ARM.attributes
                0x00000a03       0x1d c:/program files (x86)/atmel/studio/7.0/toolchain/arm/arm-gnu-toolchain/bin/../lib/gcc/arm-none-eabi/6.3.1/thumb/v7-m\libgcc.a(_arm_muldivdf3.o)
 .ARM.attributes
                0x00000a20       0x1d c:/program files (x86)/atmel/studio/7.0/toolchain/arm/arm-gnu-toolchain/bin/../lib/gcc/arm-none-eabi/6.3.1/thumb/v7-m\libgcc.a(_arm_cmpdf2.o)
 .ARM.attributes
                0x00000a3d       0x1d c:/program files (x86)/atmel/studio/7.0/toolchain/arm/arm-gnu-toolchain/bin/../lib/gcc/arm-none-eabi/6.3.1/thumb/v7-m\libgcc.a(_arm_unorddf2.o)
 .ARM.attributes
                0x00000a5a       0x1d c:/program files (x86)/atmel/studio/7.0/toolchain/arm/arm-gnu-toolchain/bin/../lib/gcc/arm-none-eabi/6.3.1/thumb/v7-m\libgcc.a(_arm_fixdfsi.o)
 .ARM.attributes
                0x00000a77       0x1d c:/program files (x86)/atmel/studio/7.0/toolchain/arm/arm-gnu-toolchain/bin/../lib/gcc/arm-none-eabi/6.3.1/thumb/v7-m\libgcc.a(_aeabi_uldivmod.o)
 .ARM.attributes
                0x00000a94       0x2d c:/program files (x86)/atmel/studio/7.0/toolchain/arm/arm-gnu-toolchain/bin/../lib/gcc/arm-none-eabi/6.3.1/thumb/v7-m\libgcc.a(_udivmoddi4.o)
 .ARM.attributes
                0x00000ac1       0x1d c:/program files (x86)/atmel/studio/7.0/toolchain/arm/arm-gnu-toolchain/bin/../lib/gcc/arm-none-eabi/6.3.1/thumb/v7-m\libgcc.a(_dvmd_tls.o)
 .ARM.attributes
                0x00000ade       0x1d c:/program files (x86)/atmel/studio/7.0/toolchain/arm/arm-gnu-toolchain/bin/../lib/gcc/arm-none-eabi/6.3.1/thumb/v7-m/crtn.o

.comment        0x00000000       0x59
 .comment       0x00000000       0x59 src/ASF/common/services/sleepmgr/sam/sleepmgr.o
                                 0x5a (size before relaxing)
 .comment       0x00000059       0x5a src/ASF/common/services/usb/class/cdc/device/udi_cdc.o
 .comment       0x00000059       0x5a src/ASF/common/services/usb/udc/udc.o
 .comment       0x00000059       0x5a src/ASF/sam/drivers/adc/adc.o
 .comment       0x00000059       0x5a src/ASF/sam/drivers/pio/pio_handler.o
 .comment       0x00000059       0x5a src/ASF/sam/drivers/udp/udp_device.o
 .comment       0x00000059       0x5a src/ASF/sam/drivers/wdt/wdt.o
 .comment       0x00000059       0x5a src/core.o
 .comment       0x00000059       0x5a src/parser.o
 .comment       0x00000059       0x5a src/ASF/common/services/usb/class/cdc/device/udi_cdc_desc.o
 .comment       0x00000059       0x5a src/ASF/common/services/clock/sam3s/sysclk.o
 .comment       0x00000059       0x5a src/ASF/sam/drivers/pdc/pdc.o
 .comment       0x00000059       0x5a src/ASF/sam/drivers/pio/pio.o
 .comment       0x00000059       0x5a src/ASF/sam/drivers/pmc/pmc.o
 .comment       0x00000059       0x5a src/ASF/sam/drivers/tc/tc.o
 .comment       0x00000059       0x5a src/ASF/sam/drivers/pmc/sleep.o
 .comment       0x00000059       0x5a src/ASF/common/boards/user_board/init.o
 .comment       0x00000059       0x5a src/ASF/common/utils/interrupt/interrupt_sam_nvic.o
 .comment       0x00000059       0x5a src/ASF/sam/utils/cmsis/sam3s/source/templates/exceptions.o
 .comment       0x00000059       0x5a src/ASF/sam/utils/cmsis/sam3s/source/templates/gcc/startup_sam3s.o
 .comment       0x00000059       0x5a src/ASF/sam/utils/cmsis/sam3s/source/templates/system_sam3s.o
 .comment       0x00000059       0x5a src/ASF/sam/utils/syscalls/gcc/syscalls.o
 .comment       0x00000059       0x5a src/main.o

.debug_info     0x00000000    0x1f41c
 .debug_info    0x00000000      0xa8e src/ASF/common/services/sleepmgr/sam/sleepmgr.o
 .debug_info    0x00000a8e     0x2917 src/ASF/common/services/usb/class/cdc/device/udi_cdc.o
 .debug_info    0x000033a5     0x1a11 src/ASF/common/services/usb/udc/udc.o
 .debug_info    0x00004db6     0x1af7 src/ASF/sam/drivers/adc/adc.o
 .debug_info    0x000068ad     0x18d6 src/ASF/sam/drivers/pio/pio_handler.o
 .debug_info    0x00008183     0x35e8 src/ASF/sam/drivers/udp/udp_device.o
 .debug_info    0x0000b76b      0xc0b src/ASF/sam/drivers/wdt/wdt.o
 .debug_info    0x0000c376     0x2774 src/core.o
 .debug_info    0x0000eaea     0x163c src/parser.o
 .debug_info    0x00010126     0x124c src/ASF/common/services/usb/class/cdc/device/udi_cdc_desc.o
 .debug_info    0x00011372     0x12e8 src/ASF/common/services/clock/sam3s/sysclk.o
 .debug_info    0x0001265a      0xde2 src/ASF/sam/drivers/pdc/pdc.o
 .debug_info    0x0001343c     0x223e src/ASF/sam/drivers/pio/pio.o
 .debug_info    0x0001567a     0x1a3f src/ASF/sam/drivers/pmc/pmc.o
 .debug_info    0x000170b9     0x1260 src/ASF/sam/drivers/tc/tc.o
 .debug_info    0x00018319     0x1344 src/ASF/sam/drivers/pmc/sleep.o
 .debug_info    0x0001965d      0xe4a src/ASF/common/boards/user_board/init.o
 .debug_info    0x0001a4a7      0xb01 src/ASF/common/utils/interrupt/interrupt_sam_nvic.o
 .debug_info    0x0001afa8      0xa39 src/ASF/sam/utils/cmsis/sam3s/source/templates/exceptions.o
 .debug_info    0x0001b9e1      0xd1b src/ASF/sam/utils/cmsis/sam3s/source/templates/gcc/startup_sam3s.o
 .debug_info    0x0001c6fc      0xdd6 src/ASF/sam/utils/cmsis/sam3s/source/templates/system_sam3s.o
 .debug_info    0x0001d4d2      0xdb0 src/ASF/sam/utils/syscalls/gcc/syscalls.o
 .debug_info    0x0001e282     0x119a src/main.o

.debug_abbrev   0x00000000     0x4140
 .debug_abbrev  0x00000000      0x1b2 src/ASF/common/services/sleepmgr/sam/sleepmgr.o
 .debug_abbrev  0x000001b2      0x4a5 src/ASF/common/services/usb/class/cdc/device/udi_cdc.o
 .debug_abbrev  0x00000657      0x41d src/ASF/common/services/usb/udc/udc.o
 .debug_abbrev  0x00000a74      0x337 src/ASF/sam/drivers/adc/adc.o
 .debug_abbrev  0x00000dab      0x368 src/ASF/sam/drivers/pio/pio_handler.o
 .debug_abbrev  0x00001113      0x5f4 src/ASF/sam/drivers/udp/udp_device.o
 .debug_abbrev  0x00001707      0x230 src/ASF/sam/drivers/wdt/wdt.o
 .debug_abbrev  0x00001937      0x36b src/core.o
 .debug_abbrev  0x00001ca2      0x298 src/parser.o
 .debug_abbrev  0x00001f3a      0x1d8 src/ASF/common/services/usb/class/cdc/device/udi_cdc_desc.o
 .debug_abbrev  0x00002112      0x333 src/ASF/common/services/clock/sam3s/sysclk.o
 .debug_abbrev  0x00002445      0x230 src/ASF/sam/drivers/pdc/pdc.o
 .debug_abbrev  0x00002675      0x3ff src/ASF/sam/drivers/pio/pio.o
 .debug_abbrev  0x00002a74      0x306 src/ASF/sam/drivers/pmc/pmc.o
 .debug_abbrev  0x00002d7a      0x293 src/ASF/sam/drivers/tc/tc.o
 .debug_abbrev  0x0000300d      0x305 src/ASF/sam/drivers/pmc/sleep.o
 .debug_abbrev  0x00003312      0x1b2 src/ASF/common/boards/user_board/init.o
 .debug_abbrev  0x000034c4      0x212 src/ASF/common/utils/interrupt/interrupt_sam_nvic.o
 .debug_abbrev  0x000036d6      0x1a4 src/ASF/sam/utils/cmsis/sam3s/source/templates/exceptions.o
 .debug_abbrev  0x0000387a      0x1f2 src/ASF/sam/utils/cmsis/sam3s/source/templates/gcc/startup_sam3s.o
 .debug_abbrev  0x00003a6c      0x1f4 src/ASF/sam/utils/cmsis/sam3s/source/templates/system_sam3s.o
 .debug_abbrev  0x00003c60      0x264 src/ASF/sam/utils/syscalls/gcc/syscalls.o
 .debug_abbrev  0x00003ec4      0x27c src/main.o

.debug_aranges  0x00000000      0xcc8
 .debug_aranges
                0x00000000       0x18 src/ASF/common/services/sleepmgr/sam/sleepmgr.o
 .debug_aranges
                0x00000018      0x170 src/ASF/common/services/usb/class/cdc/device/udi_cdc.o
 .debug_aranges
                0x00000188       0x70 src/ASF/common/services/usb/udc/udc.o
 .debug_aranges
                0x000001f8      0x178 src/ASF/sam/drivers/adc/adc.o
 .debug_aranges
                0x00000370       0x50 src/ASF/sam/drivers/pio/pio_handler.o
 .debug_aranges
                0x000003c0      0x108 src/ASF/sam/drivers/udp/udp_device.o
 .debug_aranges
                0x000004c8       0x48 src/ASF/sam/drivers/wdt/wdt.o
 .debug_aranges
                0x00000510       0x90 src/core.o
 .debug_aranges
                0x000005a0       0x68 src/parser.o
 .debug_aranges
                0x00000608       0x18 src/ASF/common/services/usb/class/cdc/device/udi_cdc_desc.o
 .debug_aranges
                0x00000620       0x40 src/ASF/common/services/clock/sam3s/sysclk.o
 .debug_aranges
                0x00000660       0x88 src/ASF/sam/drivers/pdc/pdc.o
 .debug_aranges
                0x000006e8      0x1a8 src/ASF/sam/drivers/pio/pio.o
 .debug_aranges
                0x00000890      0x200 src/ASF/sam/drivers/pmc/pmc.o
 .debug_aranges
                0x00000a90       0xd0 src/ASF/sam/drivers/tc/tc.o
 .debug_aranges
                0x00000b60       0x30 src/ASF/sam/drivers/pmc/sleep.o
 .debug_aranges
                0x00000b90       0x20 src/ASF/common/boards/user_board/init.o
 .debug_aranges
                0x00000bb0       0x28 src/ASF/common/utils/interrupt/interrupt_sam_nvic.o
 .debug_aranges
                0x00000bd8       0x20 src/ASF/sam/utils/cmsis/sam3s/source/templates/exceptions.o
 .debug_aranges
                0x00000bf8       0x20 src/ASF/sam/utils/cmsis/sam3s/source/templates/gcc/startup_sam3s.o
 .debug_aranges
                0x00000c18       0x30 src/ASF/sam/utils/cmsis/sam3s/source/templates/system_sam3s.o
 .debug_aranges
                0x00000c48       0x60 src/ASF/sam/utils/syscalls/gcc/syscalls.o
 .debug_aranges
                0x00000ca8       0x20 src/main.o

.debug_macro    0x00000000    0x16c71
 .debug_macro   0x00000000      0x4f4 src/ASF/common/services/sleepmgr/sam/sleepmgr.o
 .debug_macro   0x000004f4      0x8ce src/ASF/common/services/sleepmgr/sam/sleepmgr.o
 .debug_macro   0x00000dc2      0x16d src/ASF/common/services/sleepmgr/sam/sleepmgr.o
 .debug_macro   0x00000f2f      0x64b src/ASF/common/services/sleepmgr/sam/sleepmgr.o
 .debug_macro   0x0000157a       0x76 src/ASF/common/services/sleepmgr/sam/sleepmgr.o
 .debug_macro   0x000015f0       0x16 src/ASF/common/services/sleepmgr/sam/sleepmgr.o
 .debug_macro   0x00001606      0x6e4 src/ASF/common/services/sleepmgr/sam/sleepmgr.o
 .debug_macro   0x00001cea       0x22 src/ASF/common/services/sleepmgr/sam/sleepmgr.o
 .debug_macro   0x00001d0c       0x87 src/ASF/common/services/sleepmgr/sam/sleepmgr.o
 .debug_macro   0x00001d93       0x51 src/ASF/common/services/sleepmgr/sam/sleepmgr.o
 .debug_macro   0x00001de4       0xef src/ASF/common/services/sleepmgr/sam/sleepmgr.o
 .debug_macro   0x00001ed3       0x6a src/ASF/common/services/sleepmgr/sam/sleepmgr.o
 .debug_macro   0x00001f3d      0x1df src/ASF/common/services/sleepmgr/sam/sleepmgr.o
 .debug_macro   0x0000211c       0x20 src/ASF/common/services/sleepmgr/sam/sleepmgr.o
 .debug_macro   0x0000213c       0x3a src/ASF/common/services/sleepmgr/sam/sleepmgr.o
 .debug_macro   0x00002176       0x2d src/ASF/common/services/sleepmgr/sam/sleepmgr.o
 .debug_macro   0x000021a3      0xbb1 src/ASF/common/services/sleepmgr/sam/sleepmgr.o
 .debug_macro   0x00002d54      0x159 src/ASF/common/services/sleepmgr/sam/sleepmgr.o
 .debug_macro   0x00002ead      0xaa1 src/ASF/common/services/sleepmgr/sam/sleepmgr.o
 .debug_macro   0x0000394e      0x2b5 src/ASF/common/services/sleepmgr/sam/sleepmgr.o
 .debug_macro   0x00003c03       0xac src/ASF/common/services/sleepmgr/sam/sleepmgr.o
 .debug_macro   0x00003caf      0x31a src/ASF/common/services/sleepmgr/sam/sleepmgr.o
 .debug_macro   0x00003fc9       0x82 src/ASF/common/services/sleepmgr/sam/sleepmgr.o
 .debug_macro   0x0000404b       0x1c src/ASF/common/services/sleepmgr/sam/sleepmgr.o
 .debug_macro   0x00004067      0x769 src/ASF/common/services/sleepmgr/sam/sleepmgr.o
 .debug_macro   0x000047d0      0x2d2 src/ASF/common/services/sleepmgr/sam/sleepmgr.o
 .debug_macro   0x00004aa2       0xbe src/ASF/common/services/sleepmgr/sam/sleepmgr.o
 .debug_macro   0x00004b60     0x280b src/ASF/common/services/sleepmgr/sam/sleepmgr.o
 .debug_macro   0x0000736b      0x793 src/ASF/common/services/sleepmgr/sam/sleepmgr.o
 .debug_macro   0x00007afe      0xa80 src/ASF/common/services/sleepmgr/sam/sleepmgr.o
 .debug_macro   0x0000857e       0x7c src/ASF/common/services/sleepmgr/sam/sleepmgr.o
 .debug_macro   0x000085fa      0x245 src/ASF/common/services/sleepmgr/sam/sleepmgr.o
 .debug_macro   0x0000883f       0x58 src/ASF/common/services/sleepmgr/sam/sleepmgr.o
 .debug_macro   0x00008897      0x394 src/ASF/common/services/sleepmgr/sam/sleepmgr.o
 .debug_macro   0x00008c2b      0x62b src/ASF/common/services/sleepmgr/sam/sleepmgr.o
 .debug_macro   0x00009256      0x64a src/ASF/common/services/sleepmgr/sam/sleepmgr.o
 .debug_macro   0x000098a0      0x59f src/ASF/common/services/sleepmgr/sam/sleepmgr.o
 .debug_macro   0x00009e3f      0x34d src/ASF/common/services/sleepmgr/sam/sleepmgr.o
 .debug_macro   0x0000a18c      0x28c src/ASF/common/services/sleepmgr/sam/sleepmgr.o
 .debug_macro   0x0000a418      0x2d6 src/ASF/common/services/sleepmgr/sam/sleepmgr.o
 .debug_macro   0x0000a6ee      0x6d2 src/ASF/common/services/sleepmgr/sam/sleepmgr.o
 .debug_macro   0x0000adc0       0x76 src/ASF/common/services/sleepmgr/sam/sleepmgr.o
 .debug_macro   0x0000ae36       0xb8 src/ASF/common/services/sleepmgr/sam/sleepmgr.o
 .debug_macro   0x0000aeee       0xb2 src/ASF/common/services/sleepmgr/sam/sleepmgr.o
 .debug_macro   0x0000afa0       0x88 src/ASF/common/services/sleepmgr/sam/sleepmgr.o
 .debug_macro   0x0000b028      0x105 src/ASF/common/services/sleepmgr/sam/sleepmgr.o
 .debug_macro   0x0000b12d       0x88 src/ASF/common/services/sleepmgr/sam/sleepmgr.o
 .debug_macro   0x0000b1b5       0x88 src/ASF/common/services/sleepmgr/sam/sleepmgr.o
 .debug_macro   0x0000b23d      0x2cd src/ASF/common/services/sleepmgr/sam/sleepmgr.o
 .debug_macro   0x0000b50a       0xb2 src/ASF/common/services/sleepmgr/sam/sleepmgr.o
 .debug_macro   0x0000b5bc       0xb2 src/ASF/common/services/sleepmgr/sam/sleepmgr.o
 .debug_macro   0x0000b66e       0x52 src/ASF/common/services/sleepmgr/sam/sleepmgr.o
 .debug_macro   0x0000b6c0       0xac src/ASF/common/services/sleepmgr/sam/sleepmgr.o
 .debug_macro   0x0000b76c       0x7c src/ASF/common/services/sleepmgr/sam/sleepmgr.o
 .debug_macro   0x0000b7e8       0x40 src/ASF/common/services/sleepmgr/sam/sleepmgr.o
 .debug_macro   0x0000b828       0x64 src/ASF/common/services/sleepmgr/sam/sleepmgr.o
 .debug_macro   0x0000b88c       0x4c src/ASF/common/services/sleepmgr/sam/sleepmgr.o
 .debug_macro   0x0000b8d8       0xa6 src/ASF/common/services/sleepmgr/sam/sleepmgr.o
 .debug_macro   0x0000b97e       0x7c src/ASF/common/services/sleepmgr/sam/sleepmgr.o
 .debug_macro   0x0000b9fa       0x16 src/ASF/common/services/sleepmgr/sam/sleepmgr.o
 .debug_macro   0x0000ba10       0x7c src/ASF/common/services/sleepmgr/sam/sleepmgr.o
 .debug_macro   0x0000ba8c       0x22 src/ASF/common/services/sleepmgr/sam/sleepmgr.o
 .debug_macro   0x0000baae      0x195 src/ASF/common/services/sleepmgr/sam/sleepmgr.o
 .debug_macro   0x0000bc43      0x165 src/ASF/common/services/sleepmgr/sam/sleepmgr.o
 .debug_macro   0x0000bda8       0x1c src/ASF/common/services/sleepmgr/sam/sleepmgr.o
 .debug_macro   0x0000bdc4       0x2e src/ASF/common/services/sleepmgr/sam/sleepmgr.o
 .debug_macro   0x0000bdf2       0x22 src/ASF/common/services/sleepmgr/sam/sleepmgr.o
 .debug_macro   0x0000be14       0x1c src/ASF/common/services/sleepmgr/sam/sleepmgr.o
 .debug_macro   0x0000be30       0x52 src/ASF/common/services/sleepmgr/sam/sleepmgr.o
 .debug_macro   0x0000be82       0x10 src/ASF/common/services/sleepmgr/sam/sleepmgr.o
 .debug_macro   0x0000be92      0x1e0 src/ASF/common/services/sleepmgr/sam/sleepmgr.o
 .debug_macro   0x0000c072      0x5f3 src/ASF/common/services/sleepmgr/sam/sleepmgr.o
 .debug_macro   0x0000c665       0xc1 src/ASF/common/services/sleepmgr/sam/sleepmgr.o
 .debug_macro   0x0000c726       0x58 src/ASF/common/services/sleepmgr/sam/sleepmgr.o
 .debug_macro   0x0000c77e       0x35 src/ASF/common/services/sleepmgr/sam/sleepmgr.o
 .debug_macro   0x0000c7b3       0x9c src/ASF/common/services/sleepmgr/sam/sleepmgr.o
 .debug_macro   0x0000c84f       0x16 src/ASF/common/services/sleepmgr/sam/sleepmgr.o
 .debug_macro   0x0000c865       0x35 src/ASF/common/services/sleepmgr/sam/sleepmgr.o
 .debug_macro   0x0000c89a      0x353 src/ASF/common/services/sleepmgr/sam/sleepmgr.o
 .debug_macro   0x0000cbed       0x10 src/ASF/common/services/sleepmgr/sam/sleepmgr.o
 .debug_macro   0x0000cbfd       0x58 src/ASF/common/services/sleepmgr/sam/sleepmgr.o
 .debug_macro   0x0000cc55       0x1f src/ASF/common/services/sleepmgr/sam/sleepmgr.o
 .debug_macro   0x0000cc74       0x43 src/ASF/common/services/sleepmgr/sam/sleepmgr.o
 .debug_macro   0x0000ccb7       0x20 src/ASF/common/services/sleepmgr/sam/sleepmgr.o
 .debug_macro   0x0000ccd7      0x187 src/ASF/common/services/sleepmgr/sam/sleepmgr.o
 .debug_macro   0x0000ce5e       0x10 src/ASF/common/services/sleepmgr/sam/sleepmgr.o
 .debug_macro   0x0000ce6e       0x1c src/ASF/common/services/sleepmgr/sam/sleepmgr.o
 .debug_macro   0x0000ce8a       0x52 src/ASF/common/services/sleepmgr/sam/sleepmgr.o
 .debug_macro   0x0000cedc       0x40 src/ASF/common/services/sleepmgr/sam/sleepmgr.o
 .debug_macro   0x0000cf1c       0x10 src/ASF/common/services/sleepmgr/sam/sleepmgr.o
 .debug_macro   0x0000cf2c       0x40 src/ASF/common/services/sleepmgr/sam/sleepmgr.o
 .debug_macro   0x0000cf6c       0xd7 src/ASF/common/services/sleepmgr/sam/sleepmgr.o
 .debug_macro   0x0000d043       0x16 src/ASF/common/services/sleepmgr/sam/sleepmgr.o
 .debug_macro   0x0000d059      0x18b src/ASF/common/services/sleepmgr/sam/sleepmgr.o
 .debug_macro   0x0000d1e4       0x22 src/ASF/common/services/sleepmgr/sam/sleepmgr.o
 .debug_macro   0x0000d206       0x16 src/ASF/common/services/sleepmgr/sam/sleepmgr.o
 .debug_macro   0x0000d21c       0x16 src/ASF/common/services/sleepmgr/sam/sleepmgr.o
 .debug_macro   0x0000d232       0x29 src/ASF/common/services/sleepmgr/sam/sleepmgr.o
 .debug_macro   0x0000d25b       0x75 src/ASF/common/services/sleepmgr/sam/sleepmgr.o
 .debug_macro   0x0000d2d0       0x45 src/ASF/common/services/sleepmgr/sam/sleepmgr.o
 .debug_macro   0x0000d315      0x3ca src/ASF/common/services/sleepmgr/sam/sleepmgr.o
 .debug_macro   0x0000d6df       0x10 src/ASF/common/services/sleepmgr/sam/sleepmgr.o
 .debug_macro   0x0000d6ef       0x34 src/ASF/common/services/sleepmgr/sam/sleepmgr.o
 .debug_macro   0x0000d723      0x603 src/ASF/common/services/usb/class/cdc/device/udi_cdc.o
 .debug_macro   0x0000dd26       0x81 src/ASF/common/services/usb/class/cdc/device/udi_cdc.o
 .debug_macro   0x0000dda7      0x228 src/ASF/common/services/usb/class/cdc/device/udi_cdc.o
 .debug_macro   0x0000dfcf       0x9c src/ASF/common/services/usb/class/cdc/device/udi_cdc.o
 .debug_macro   0x0000e06b      0x24b src/ASF/common/services/usb/class/cdc/device/udi_cdc.o
 .debug_macro   0x0000e2b6      0x162 src/ASF/common/services/usb/class/cdc/device/udi_cdc.o
 .debug_macro   0x0000e418       0x16 src/ASF/common/services/usb/class/cdc/device/udi_cdc.o
 .debug_macro   0x0000e42e       0x1c src/ASF/common/services/usb/class/cdc/device/udi_cdc.o
 .debug_macro   0x0000e44a      0x192 src/ASF/common/services/usb/class/cdc/device/udi_cdc.o
 .debug_macro   0x0000e5dc       0x16 src/ASF/common/services/usb/class/cdc/device/udi_cdc.o
 .debug_macro   0x0000e5f2      0x557 src/ASF/common/services/usb/udc/udc.o
 .debug_macro   0x0000eb49      0x4ee src/ASF/sam/drivers/adc/adc.o
 .debug_macro   0x0000f037       0x1c src/ASF/sam/drivers/adc/adc.o
 .debug_macro   0x0000f053      0x4ed src/ASF/sam/drivers/pio/pio_handler.o
 .debug_macro   0x0000f540       0x8e src/ASF/sam/drivers/pio/pio_handler.o
 .debug_macro   0x0000f5ce      0x65d src/ASF/sam/drivers/udp/udp_device.o
 .debug_macro   0x0000fc2b       0x46 src/ASF/sam/drivers/udp/udp_device.o
 .debug_macro   0x0000fc71      0x2c6 src/ASF/sam/drivers/udp/udp_device.o
 .debug_macro   0x0000ff37       0x5e src/ASF/sam/drivers/udp/udp_device.o
 .debug_macro   0x0000ff95       0x82 src/ASF/sam/drivers/udp/udp_device.o
 .debug_macro   0x00010017       0x46 src/ASF/sam/drivers/udp/udp_device.o
 .debug_macro   0x0001005d       0x90 src/ASF/sam/drivers/udp/udp_device.o
 .debug_macro   0x000100ed       0x88 src/ASF/sam/drivers/udp/udp_device.o
 .debug_macro   0x00010175       0x94 src/ASF/sam/drivers/udp/udp_device.o
 .debug_macro   0x00010209      0x3f3 src/ASF/sam/drivers/udp/udp_device.o
 .debug_macro   0x000105fc      0x4f0 src/ASF/sam/drivers/wdt/wdt.o
 .debug_macro   0x00010aec      0x6c4 src/core.o
 .debug_macro   0x000111b0       0x16 src/core.o
 .debug_macro   0x000111c6       0x82 src/core.o
 .debug_macro   0x00011248       0x87 src/core.o
 .debug_macro   0x000112cf       0x10 src/core.o
 .debug_macro   0x000112df       0x7c src/core.o
 .debug_macro   0x0001135b      0x34e src/core.o
 .debug_macro   0x000116a9       0x82 src/core.o
 .debug_macro   0x0001172b      0x6e5 src/parser.o
 .debug_macro   0x00011e10      0x56b src/ASF/common/services/usb/class/cdc/device/udi_cdc_desc.o
 .debug_macro   0x0001237b      0x549 src/ASF/common/services/clock/sam3s/sysclk.o
 .debug_macro   0x000128c4      0x2c0 src/ASF/common/services/clock/sam3s/sysclk.o
 .debug_macro   0x00012b84      0x4d8 src/ASF/sam/drivers/pdc/pdc.o
 .debug_macro   0x0001305c      0x4e9 src/ASF/sam/drivers/pio/pio.o
 .debug_macro   0x00013545      0x4e3 src/ASF/sam/drivers/pmc/pmc.o
 .debug_macro   0x00013a28       0x58 src/ASF/sam/drivers/pmc/pmc.o
 .debug_macro   0x00013a80      0x4ea src/ASF/sam/drivers/tc/tc.o
 .debug_macro   0x00013f6a       0x52 src/ASF/sam/drivers/tc/tc.o
 .debug_macro   0x00013fbc       0x8d src/ASF/sam/drivers/tc/tc.o
 .debug_macro   0x00014049       0x16 src/ASF/sam/drivers/tc/tc.o
 .debug_macro   0x0001405f       0x57 src/ASF/sam/drivers/tc/tc.o
 .debug_macro   0x000140b6       0x1c src/ASF/sam/drivers/tc/tc.o
 .debug_macro   0x000140d2      0x50a src/ASF/sam/drivers/pmc/sleep.o
 .debug_macro   0x000145dc      0x69c src/ASF/common/boards/user_board/init.o
 .debug_macro   0x00014c78      0x4d8 src/ASF/common/utils/interrupt/interrupt_sam_nvic.o
 .debug_macro   0x00015150       0x3f src/ASF/common/utils/interrupt/interrupt_sam_nvic.o
 .debug_macro   0x0001518f      0x4e2 src/ASF/sam/utils/cmsis/sam3s/source/templates/exceptions.o
 .debug_macro   0x00015671      0x4f0 src/ASF/sam/utils/cmsis/sam3s/source/templates/gcc/startup_sam3s.o
 .debug_macro   0x00015b61      0x4ea src/ASF/sam/utils/cmsis/sam3s/source/templates/system_sam3s.o
 .debug_macro   0x0001604b       0x26 src/ASF/sam/utils/cmsis/sam3s/source/templates/system_sam3s.o
 .debug_macro   0x00016071      0x1d6 src/ASF/sam/utils/syscalls/gcc/syscalls.o
 .debug_macro   0x00016247       0x97 src/ASF/sam/utils/syscalls/gcc/syscalls.o
 .debug_macro   0x000162de       0xf6 src/ASF/sam/utils/syscalls/gcc/syscalls.o
 .debug_macro   0x000163d4       0x4c src/ASF/sam/utils/syscalls/gcc/syscalls.o
 .debug_macro   0x00016420       0x16 src/ASF/sam/utils/syscalls/gcc/syscalls.o
 .debug_macro   0x00016436       0x10 src/ASF/sam/utils/syscalls/gcc/syscalls.o
 .debug_macro   0x00016446       0x10 src/ASF/sam/utils/syscalls/gcc/syscalls.o
 .debug_macro   0x00016456       0x35 src/ASF/sam/utils/syscalls/gcc/syscalls.o
 .debug_macro   0x0001648b      0x122 src/ASF/sam/utils/syscalls/gcc/syscalls.o
 .debug_macro   0x000165ad      0x6c4 src/main.o

.debug_line     0x00000000    0x12997
 .debug_line    0x00000000      0xab0 src/ASF/common/services/sleepmgr/sam/sleepmgr.o
 .debug_line    0x00000ab0     0x1260 src/ASF/common/services/usb/class/cdc/device/udi_cdc.o
 .debug_line    0x00001d10      0xd4f src/ASF/common/services/usb/udc/udc.o
 .debug_line    0x00002a5f      0xdea src/ASF/sam/drivers/adc/adc.o
 .debug_line    0x00003849      0xb01 src/ASF/sam/drivers/pio/pio_handler.o
 .debug_line    0x0000434a     0x1759 src/ASF/sam/drivers/udp/udp_device.o
 .debug_line    0x00005aa3      0xa9a src/ASF/sam/drivers/wdt/wdt.o
 .debug_line    0x0000653d     0x104e src/core.o
 .debug_line    0x0000758b     0x1026 src/parser.o
 .debug_line    0x000085b1      0xb32 src/ASF/common/services/usb/class/cdc/device/udi_cdc_desc.o
 .debug_line    0x000090e3      0xbd7 src/ASF/common/services/clock/sam3s/sysclk.o
 .debug_line    0x00009cba      0xb24 src/ASF/sam/drivers/pdc/pdc.o
 .debug_line    0x0000a7de      0xef7 src/ASF/sam/drivers/pio/pio.o
 .debug_line    0x0000b6d5      0xfc7 src/ASF/sam/drivers/pmc/pmc.o
 .debug_line    0x0000c69c      0xbe6 src/ASF/sam/drivers/tc/tc.o
 .debug_line    0x0000d282      0xbdb src/ASF/sam/drivers/pmc/sleep.o
 .debug_line    0x0000de5d      0xeb7 src/ASF/common/boards/user_board/init.o
 .debug_line    0x0000ed14      0xa62 src/ASF/common/utils/interrupt/interrupt_sam_nvic.o
 .debug_line    0x0000f776      0xa23 src/ASF/sam/utils/cmsis/sam3s/source/templates/exceptions.o
 .debug_line    0x00010199      0xa6c src/ASF/sam/utils/cmsis/sam3s/source/templates/gcc/startup_sam3s.o
 .debug_line    0x00010c05      0xa93 src/ASF/sam/utils/cmsis/sam3s/source/templates/system_sam3s.o
 .debug_line    0x00011698      0x40b src/ASF/sam/utils/syscalls/gcc/syscalls.o
 .debug_line    0x00011aa3      0xef4 src/main.o

.debug_str      0x00000000    0x535d3
 .debug_str     0x00000000    0x45365 src/ASF/common/services/sleepmgr/sam/sleepmgr.o
                              0x45774 (size before relaxing)
 .debug_str     0x00045365     0x47e3 src/ASF/common/services/usb/class/cdc/device/udi_cdc.o
                              0x49e2a (size before relaxing)
 .debug_str     0x00049b48      0x8ee src/ASF/common/services/usb/udc/udc.o
                              0x484d2 (size before relaxing)
 .debug_str     0x0004a436      0xacc src/ASF/sam/drivers/adc/adc.o
                              0x460d7 (size before relaxing)
 .debug_str     0x0004af02      0xaa0 src/ASF/sam/drivers/pio/pio_handler.o
                              0x460eb (size before relaxing)
 .debug_str     0x0004b9a2     0x4844 src/ASF/sam/drivers/udp/udp_device.o
                              0x4ce21 (size before relaxing)
 .debug_str     0x000501e6      0x132 src/ASF/sam/drivers/wdt/wdt.o
                              0x456f5 (size before relaxing)
 .debug_str     0x00050318     0x127a src/core.o
                              0x4c646 (size before relaxing)
 .debug_str     0x00051592       0xeb src/parser.o
                              0x4bb10 (size before relaxing)
 .debug_str     0x0005167d      0x231 src/ASF/common/services/usb/class/cdc/device/udi_cdc_desc.o
                              0x4949b (size before relaxing)
 .debug_str     0x000518ae      0x34e src/ASF/common/services/clock/sam3s/sysclk.o
                              0x46cc7 (size before relaxing)