Archive member included to satisfy reference by file (symbol)

c:/program files (x86)/atmel/studio/7.0/toolchain/arm/arm-gnu-toolchain/bin/../lib/gcc/arm-none-eabi/6.3.1/../../../../arm-none-eabi/lib/thumb/v7-m\libc.a(lib_a-atoi.o)
                              src/parser.o (atoi)
c:/program files (x86)/atmel/studio/7.0/toolchain/arm/arm-gnu-toolchain/bin/../lib/gcc/arm-none-eabi/6.3.1/../../../../arm-none-eabi/lib/thumb/v7-m\libc.a(lib_a-exit.o)
                              c:/program files (x86)/atmel/studio/7.0/toolchain/arm/arm-gnu-toolchain/bin/../lib/gcc/arm-none-eabi/6.3.1/../../../../arm-none-eabi/lib/thumb/v7-m/crt0.o (exit)
c:/program files (x86)/atmel/studio/7.0/toolchain/arm/arm-gnu-toolchain/bin/../lib/gcc/arm-none-eabi/6.3.1/../../../../arm-none-eabi/lib/thumb/v7-m\libc.a(lib_a-impure.o)
                              c:/program files (x86)/atmel/studio/7.0/toolchain/arm/arm-gnu-toolchain/bin/../lib/gcc/arm-none-eabi/6.3.1/../../../../arm-none-eabi/lib/thumb/v7-m\libc.a(lib_a-exit.o) (_global_impure_ptr)
c:/program files (x86)/atmel/studio/7.0/toolchain/arm/arm-gnu-toolchain/bin/../lib/gcc/arm-none-eabi/6.3.1/../../../../arm-none-eabi/lib/thumb/v7-m\libc.a(lib_a-init.o)
                              c:/program files (x86)/atmel/studio/7.0/toolchain/arm/arm-gnu-toolchain/bin/../lib/gcc/arm-none-eabi/6.3.1/../../../../arm-none-eabi/lib/thumb/v7-m/crt0.o (__libc_init_array)
c:/program files (x86)/atmel/studio/7.0/toolchain/arm/arm-gnu-toolchain/bin/../lib/gcc/arm-none-eabi/6.3.1/../../../../arm-none-eabi/lib/thumb/v7-m\libc.a(lib_a-iprintf.o)
                              src/ASF/sam/drivers/adc/adc.o (iprintf)
c:/program files (x86)/atmel/studio/7.0/toolchain/arm/arm-gnu-toolchain/bin/../lib/gcc/arm-none-eabi/6.3.1/../../../../arm-none-eabi/lib/thumb/v7-m\libc.a(lib_a-memcpy.o)
                              src/ASF/common/services/usb/class/cdc/device/udi_cdc.o (memcpy)
c:/program files (x86)/atmel/studio/7.0/toolchain/arm/arm-gnu-toolchain/bin/../lib/gcc/arm-none-eabi/6.3.1/../../../../arm-none-eabi/lib/thumb/v7-m\libc.a(lib_a-memset.o)
                              c:/program files (x86)/atmel/studio/7.0/toolchain/arm/arm-gnu-toolchain/bin/../lib/gcc/arm-none-eabi/6.3.1/../../../../arm-none-eabi/lib/thumb/v7-m/crt0.o (memset)
c:/program files (x86)/atmel/studio/7.0/toolchain/arm/arm-gnu-toolchain/bin/../lib/gcc/arm-none-eabi/6.3.1/../../../../arm-none-eabi/lib/thumb/v7-m\libc.a(lib_a-puts.o)
                              src/ASF/sam/drivers/adc/adc.o (puts)
c:/program files (x86)/atmel/studio/7.0/toolchain/arm/arm-gnu-toolchain/bin/../lib/gcc/arm-none-eabi/6.3.1/../../../../arm-none-eabi/lib/thumb/v7-m\libc.a(lib_a-sprintf.o)
                              src/parser.o (sprintf)
c:/program files (x86)/atmel/studio/7.0/toolchain/arm/arm-gnu-toolchain/bin/../lib/gcc/arm-none-eabi/6.3.1/../../../../arm-none-eabi/lib/thumb/v7-m\libc.a(lib_a-strlen-stub.o)
                              c:/program files (x86)/atmel/studio/7.0/toolchain/arm/arm-gnu-toolchain/bin/../lib/gcc/arm-none-eabi/6.3.1/../../../../arm-none-eabi/lib/thumb/v7-m\libc.a(lib_a-puts.o) (strlen)
c:/program files (x86)/atmel/studio/7.0/toolchain/arm/arm-gnu-toolchain/bin/../lib/gcc/arm-none-eabi/6.3.1/../../../../arm-none-eabi/lib/thumb/v7-m\libc.a(lib_a-strtol.o)
                              c:/program files (x86)/atmel/studio/7.0/toolchain/arm/arm-gnu-toolchain/bin/../lib/gcc/arm-none-eabi/6.3.1/../../../../arm-none-eabi/lib/thumb/v7-m\libc.a(lib_a-atoi.o) (_strtol_r)
c:/program files (x86)/atmel/studio/7.0/toolchain/arm/arm-gnu-toolchain/bin/../lib/gcc/arm-none-eabi/6.3.1/../../../../arm-none-eabi/lib/thumb/v7-m\libc.a(lib_a-svfprintf.o)
                              c:/program files (x86)/atmel/studio/7.0/toolchain/arm/arm-gnu-toolchain/bin/../lib/gcc/arm-none-eabi/6.3.1/../../../../arm-none-eabi/lib/thumb/v7-m\libc.a(lib_a-sprintf.o) (_svfprintf_r)
c:/program files (x86)/atmel/studio/7.0/toolchain/arm/arm-gnu-toolchain/bin/../lib/gcc/arm-none-eabi/6.3.1/../../../../arm-none-eabi/lib/thumb/v7-m\libc.a(lib_a-vfiprintf.o)
                              c:/program files (x86)/atmel/studio/7.0/toolchain/arm/arm-gnu-toolchain/bin/../lib/gcc/arm-none-eabi/6.3.1/../../../../arm-none-eabi/lib/thumb/v7-m\libc.a(lib_a-iprintf.o) (_vfiprintf_r)
c:/program files (x86)/atmel/studio/7.0/toolchain/arm/arm-gnu-toolchain/bin/../lib/gcc/arm-none-eabi/6.3.1/../../../../arm-none-eabi/lib/thumb/v7-m\libc.a(lib_a-wsetup.o)
                              c:/program files (x86)/atmel/studio/7.0/toolchain/arm/arm-gnu-toolchain/bin/../lib/gcc/arm-none-eabi/6.3.1/../../../../arm-none-eabi/lib/thumb/v7-m\libc.a(lib_a-vfiprintf.o) (__swsetup_r)
c:/program files (x86)/atmel/studio/7.0/toolchain/arm/arm-gnu-toolchain/bin/../lib/gcc/arm-none-eabi/6.3.1/../../../../arm-none-eabi/lib/thumb/v7-m\libc.a(lib_a-__call_atexit.o)
[...]
Memory Configuration

Name             Origin             Length             Attributes
rom              0x00400000         0x00040000         xr
ram              0x20000000         0x0000c000         xrw
*default*        0x00000000         0xffffffff

Linker script and memory map

LOAD c:/program files (x86)/atmel/studio/7.0/toolchain/arm/arm-gnu-toolchain/bin/../lib/gcc/arm-none-eabi/6.3.1/thumb/v7-m/crti.o
LOAD c:/program files (x86)/atmel/studio/7.0/toolchain/arm/arm-gnu-toolchain/bin/../lib/gcc/arm-none-eabi/6.3.1/thumb/v7-m/crtbegin.o
LOAD c:/program files (x86)/atmel/studio/7.0/toolchain/arm/arm-gnu-toolchain/bin/../lib/gcc/arm-none-eabi/6.3.1/../../../../arm-none-eabi/lib/thumb/v7-m/crt0.o
LOAD src/ASF/common/services/sleepmgr/sam/sleepmgr.o
LOAD src/ASF/common/services/usb/class/cdc/device/udi_cdc.o
LOAD src/ASF/common/services/usb/udc/udc.o
LOAD src/ASF/sam/drivers/adc/adc.o
LOAD src/ASF/sam/drivers/pio/pio_handler.o
LOAD src/ASF/sam/drivers/udp/udp_device.o
LOAD src/ASF/sam/drivers/wdt/wdt.o
LOAD src/comInterface.o
LOAD src/core.o
LOAD src/parser.o
LOAD src/ASF/sam/drivers/adc/adc_sam3u.o
LOAD src/ASF/common/services/usb/class/cdc/device/udi_cdc_desc.o
LOAD src/ASF/common/services/clock/sam3s/sysclk.o
LOAD src/ASF/sam/drivers/dacc/dacc.o
LOAD src/ASF/sam/drivers/matrix/matrix.o
LOAD src/ASF/sam/drivers/pdc/pdc.o
LOAD src/ASF/sam/drivers/pio/pio.o
LOAD src/ASF/sam/drivers/pmc/pmc.o
LOAD src/ASF/sam/drivers/supc/supc.o
LOAD src/ASF/sam/drivers/tc/tc.o
LOAD src/ASF/sam/drivers/pmc/sleep.o
LOAD src/ASF/common/boards/user_board/init.o
LOAD src/ASF/common/utils/interrupt/interrupt_sam_nvic.o
LOAD src/ASF/sam/utils/cmsis/sam3s/source/templates/exceptions.o
LOAD src/ASF/sam/utils/cmsis/sam3s/source/templates/gcc/startup_sam3s.o
LOAD src/ASF/sam/utils/cmsis/sam3s/source/templates/system_sam3s.o
LOAD src/ASF/sam/utils/syscalls/gcc/syscalls.o
LOAD src/main.o
START GROUP
LOAD ../src/ASF/thirdparty/CMSIS/Lib/GCC\libarm_cortexM3l_math.a
LOAD c:/program files (x86)/atmel/studio/7.0/toolchain/arm/arm-gnu-toolchain/bin/../lib/gcc/arm-none-eabi/6.3.1/../../../../arm-none-eabi/lib/thumb/v7-m\libm.a
END GROUP
START GROUP
LOAD c:/program files (x86)/atmel/studio/7.0/toolchain/arm/arm-gnu-toolchain/bin/../lib/gcc/arm-none-eabi/6.3.1/thumb/v7-m\libgcc.a
LOAD c:/program files (x86)/atmel/studio/7.0/toolchain/arm/arm-gnu-toolchain/bin/../lib/gcc/arm-none-eabi/6.3.1/../../../../arm-none-eabi/lib/thumb/v7-m\libc.a
END GROUP
LOAD c:/program files (x86)/atmel/studio/7.0/toolchain/arm/arm-gnu-toolchain/bin/../lib/gcc/arm-none-eabi/6.3.1/thumb/v7-m/crtend.o
LOAD c:/program files (x86)/atmel/studio/7.0/toolchain/arm/arm-gnu-toolchain/bin/../lib/gcc/arm-none-eabi/6.3.1/thumb/v7-m/crtn.o
                0x00002000                __stack_size__ = DEFINED (__stack_size__)?__stack_size__:0x2000
                0x2000bffc                __ram_end__ = ((ORIGIN (ram) + LENGTH (ram)) - 0x4)

.text           0x00400000     0x82f4
                0x00400000                . = ALIGN (0x4)
                0x00400000                _sfixed = .
 *(.vectors .vectors.*)
 .vectors       0x00400000       0xd0 src/ASF/sam/utils/cmsis/sam3s/source/templates/gcc/startup_sam3s.o
                0x00400000                exception_table
 *(.text .text.* .gnu.linkonce.t.*)
 .text          0x004000d0       0x6c c:/program files (x86)/atmel/studio/7.0/toolchain/arm/arm-gnu-toolchain/bin/../lib/gcc/arm-none-eabi/6.3.1/thumb/v7-m/crtbegin.o
 .text.udi_cdc_comm_enable
                0x0040013c       0x4c src/ASF/common/services/usb/class/cdc/device/udi_cdc.o
                0x0040013c                udi_cdc_comm_enable
 .text.udi_cdc_comm_disable
                0x00400188       0x10 src/ASF/common/services/usb/class/cdc/device/udi_cdc.o
                0x00400188                udi_cdc_comm_disable
 .text.udi_cdc_data_disable
                0x00400198       0x1c src/ASF/common/services/usb/class/cdc/device/udi_cdc.o
                0x00400198                udi_cdc_data_disable
 .text.udi_cdc_data_setup
                0x004001b4        0x4 src/ASF/common/services/usb/class/cdc/device/udi_cdc.o
                0x004001b4                udi_cdc_data_setup
 .text.udi_cdc_getsetting
                0x004001b8        0x4 src/ASF/common/services/usb/class/cdc/device/udi_cdc.o
                0x004001b8                udi_cdc_getsetting
 .text.udi_cdc_comm_setup
                0x004001bc       0x84 src/ASF/common/services/usb/class/cdc/device/udi_cdc.o
                0x004001bc                udi_cdc_comm_setup
 .text.udi_cdc_line_coding_received
                0x00400240        0x2 src/ASF/common/services/usb/class/cdc/device/udi_cdc.o
 *fill*         0x00400242        0x2 
 .text.udi_cdc_tx_send
                0x00400244      0x148 src/ASF/common/services/usb/class/cdc/device/udi_cdc.o
 .text.udi_cdc_data_sent
                0x0040038c       0x38 src/ASF/common/services/usb/class/cdc/device/udi_cdc.o
 .text.udi_cdc_data_sof_notify
                0x004003c4       0x10 src/ASF/common/services/usb/class/cdc/device/udi_cdc.o
                0x004003c4                udi_cdc_data_sof_notify
 .text.udi_cdc_multi_get_nb_received_data
                0x004003d4       0x54 src/ASF/common/services/usb/class/cdc/device/udi_cdc.o
                0x004003d4                udi_cdc_multi_get_nb_received_data
 .text.udi_cdc_get_nb_received_data
                0x00400428       0x10 src/ASF/common/services/usb/class/cdc/device/udi_cdc.o
                0x00400428                udi_cdc_get_nb_received_data
 .text.udi_cdc_multi_is_rx_ready
                0x00400438       0x14 src/ASF/common/services/usb/class/cdc/device/udi_cdc.o
                0x00400438                udi_cdc_multi_is_rx_ready
 .text.udi_cdc_rx_start
                0x0040044c       0xb8 src/ASF/common/services/usb/class/cdc/device/udi_cdc.o
 .text.udi_cdc_data_enable
                0x00400504       0x94 src/ASF/common/services/usb/class/cdc/device/udi_cdc.o
                0x00400504                udi_cdc_data_enable
 .text.udi_cdc_data_received
                0x00400598       0x5c src/ASF/common/services/usb/class/cdc/device/udi_cdc.o
 .text.udi_cdc_multi_getc
                0x004005f4       0xbc src/ASF/common/services/usb/class/cdc/device/udi_cdc.o
                0x004005f4                udi_cdc_multi_getc
 .text.udi_cdc_getc
                0x004006b0       0x10 src/ASF/common/services/usb/class/cdc/device/udi_cdc.o
                0x004006b0                udi_cdc_getc
 .text.udi_cdc_multi_get_free_tx_buffer
                0x004006c0       0x7c src/ASF/common/services/usb/class/cdc/device/udi_cdc.o
                0x004006c0                udi_cdc_multi_get_free_tx_buffer
 .text.udi_cdc_multi_is_tx_ready
                0x0040073c       0x14 src/ASF/common/services/usb/class/cdc/device/udi_cdc.o
                0x0040073c                udi_cdc_multi_is_tx_ready
 .text.udi_cdc_multi_write_buf
                0x00400750       0xb4 src/ASF/common/services/usb/class/cdc/device/udi_cdc.o
                0x00400750                udi_cdc_multi_write_buf
 .text.udi_cdc_write_buf
                0x00400804       0x14 src/ASF/common/services/usb/class/cdc/device/udi_cdc.o
                0x00400804                udi_cdc_write_buf
 .text.udc_next_desc_in_iface
                0x00400818       0x48 src/ASF/common/services/usb/udc/udc.o
 .text.udc_valid_address
                0x00400860       0x18 src/ASF/common/services/usb/udc/udc.o
 .text.udc_update_iface_desc
                0x00400878       0x74 src/ASF/common/services/usb/udc/udc.o
 .text.udc_iface_disable
                0x004008ec       0x6c src/ASF/common/services/usb/udc/udc.o
 .text.udc_iface_enable
                0x00400958       0x5c src/ASF/common/services/usb/udc/udc.o
 .text.udc_start
                0x004009b4        0xc src/ASF/common/services/usb/udc/udc.o
                0x004009b4                udc_start
 .text.udc_reset
                0x004009c0       0x48 src/ASF/common/services/usb/udc/udc.o
                0x004009c0                udc_reset
 .text.udc_sof_notify
                0x00400a08       0x40 src/ASF/common/services/usb/udc/udc.o
                0x00400a08                udc_sof_notify
 .text.udc_process_setup
                0x00400a48      0x410 src/ASF/common/services/usb/udc/udc.o
                0x00400a48                udc_process_setup
 .text.adc_init
                0x00400e58       0x34 src/ASF/sam/drivers/adc/adc.o
                0x00400e58                adc_init
 .text.adc_configure_trigger
                0x00400e8c        0xe src/ASF/sam/drivers/adc/adc.o
                0x00400e8c                adc_configure_trigger
 .text.adc_configure_timing
                0x00400e9a       0x1c src/ASF/sam/drivers/adc/adc.o
                0x00400e9a                adc_configure_timing
 .text.adc_start
                0x00400eb6        0x6 src/ASF/sam/drivers/adc/adc.o
                0x00400eb6                adc_start
 .text.adc_enable_channel
                0x00400ebc        0xa src/ASF/sam/drivers/adc/adc.o
                0x00400ebc                adc_enable_channel
 .text.adc_disable_all_channel
                0x00400ec6        0x8 src/ASF/sam/drivers/adc/adc.o
                0x00400ec6                adc_disable_all_channel
 .text.adc_enable_interrupt
                0x00400ece        0x4 src/ASF/sam/drivers/adc/adc.o
                0x00400ece                adc_enable_interrupt
 .text.adc_get_status
                0x00400ed2        0x4 src/ASF/sam/drivers/adc/adc.o
                0x00400ed2                adc_get_status
 .text.adc_set_bias_current
                0x00400ed6       0x12 src/ASF/sam/drivers/adc/adc.o
                0x00400ed6                adc_set_bias_current
 .text.adc_get_pdc_base
                0x00400ee8        0x8 src/ASF/sam/drivers/adc/adc.o
                0x00400ee8                adc_get_pdc_base
 .text.pio_handler_process
                0x00400ef0       0x68 src/ASF/sam/drivers/pio/pio_handler.o
                0x00400ef0                pio_handler_process
 .text.PIOA_Handler
                0x00400f58       0x14 src/ASF/sam/drivers/pio/pio_handler.o
                0x00400f58                PIOA_Handler
 .text.PIOB_Handler
                0x00400f6c       0x14 src/ASF/sam/drivers/pio/pio_handler.o
                0x00400f6c                PIOB_Handler
 .text.udd_sleep_mode
                0x00400f80       0xa4 src/ASF/sam/drivers/udp/udp_device.o
 .text.udd_ctrl_init
                0x00401024       0x18 src/ASF/sam/drivers/udp/udp_device.o
 .text.udd_ctrl_stall_data
                0x0040103c       0x38 src/ASF/sam/drivers/udp/udp_device.o
 .text.udd_ctrl_send_zlp_in
                0x00401074       0x38 src/ASF/sam/drivers/udp/udp_device.o
 .text.udd_ctrl_endofrequest
                0x004010ac       0x10 src/ASF/sam/drivers/udp/udp_device.o
 .text.udd_ctrl_in_sent
                0x004010bc      0x1b8 src/ASF/sam/drivers/udp/udp_device.o
 .text.udd_ep_finish_job
                0x00401274       0x40 src/ASF/sam/drivers/udp/udp_device.o
 .text.udd_ep_ack_out_received
                0x004012b4       0xd4 src/ASF/sam/drivers/udp/udp_device.o
 .text.udd_ep_in_sent
                0x00401388      0x1b4 src/ASF/sam/drivers/udp/udp_device.o
 .text.UDP_Handler
                0x0040153c      0x908 src/ASF/sam/drivers/udp/udp_device.o
                0x0040153c                UDP_Handler
 .text.udd_attach
                0x00401e44       0x7c src/ASF/sam/drivers/udp/udp_device.o
                0x00401e44                udd_attach
 .text.udd_enable
                0x00401ec0       0xdc src/ASF/sam/drivers/udp/udp_device.o
                0x00401ec0                udd_enable
 .text.udd_is_high_speed
                0x00401f9c        0x4 src/ASF/sam/drivers/udp/udp_device.o
                0x00401f9c                udd_is_high_speed
 .text.udd_set_address
                0x00401fa0       0x3c src/ASF/sam/drivers/udp/udp_device.o
                0x00401fa0                udd_set_address
 .text.udd_getaddress
                0x00401fdc       0x1c src/ASF/sam/drivers/udp/udp_device.o
                0x00401fdc                udd_getaddress
 .text.udd_get_frame_number
                0x00401ff8       0x10 src/ASF/sam/drivers/udp/udp_device.o
                0x00401ff8                udd_get_frame_number
 .text.udd_get_micro_frame_number
                0x00402008        0x4 src/ASF/sam/drivers/udp/udp_device.o
                0x00402008                udd_get_micro_frame_number
 .text.udd_set_setup_payload
                0x0040200c        0xc src/ASF/sam/drivers/udp/udp_device.o
                0x0040200c                udd_set_setup_payload
 .text.udd_ep_alloc
                0x00402018       0xf8 src/ASF/sam/drivers/udp/udp_device.o
                0x00402018                udd_ep_alloc
 .text.udd_ep_free
                0x00402110       0x58 src/ASF/sam/drivers/udp/udp_device.o
                0x00402110                udd_ep_free
 .text.udd_ep_is_halted
                0x00402168       0x40 src/ASF/sam/drivers/udp/udp_device.o
                0x00402168                udd_ep_is_halted
 .text.udd_ep_set_halt
                0x004021a8       0xe0 src/ASF/sam/drivers/udp/udp_device.o
                0x004021a8                udd_ep_set_halt
 .text.udd_ep_clear_halt
                0x00402288       0xd8 src/ASF/sam/drivers/udp/udp_device.o
                0x00402288                udd_ep_clear_halt
 .text.udd_ep_run
                0x00402360      0x17c src/ASF/sam/drivers/udp/udp_device.o
                0x00402360                udd_ep_run
 .text.udd_ep_abort
                0x004024dc      0x164 src/ASF/sam/drivers/udp/udp_device.o
                0x004024dc                udd_ep_abort
 .text.wdt_disable
                0x00402640        0x8 src/ASF/sam/drivers/wdt/wdt.o
                0x00402640                wdt_disable
 .text.init     0x00402648       0x10 src/comInterface.o
                0x00402648                init
 .text.available
                0x00402658       0x10 src/comInterface.o
                0x00402658                available
 .text.read     0x00402668       0x10 src/comInterface.o
                0x00402668                read
 .text.write    0x00402678       0x20 src/comInterface.o
                0x00402678                write
 .text.printbuf
                0x00402698       0x10 src/comInterface.o
                0x00402698                printbuf
 .text.getComInterface
                0x004026a8        0x8 src/comInterface.o
                0x004026a8                getComInterface
 .text.pio_init
                0x004026b0       0x3c src/core.o
                0x004026b0                pio_init
 .text.core_init
                0x004026ec       0xf4 src/core.o
                0x004026ec                core_init
 .text.timer_set_compare_time
                0x004027e0       0x20 src/core.o
                0x004027e0                timer_set_compare_time
 .text.core_clear_avg_acuum
                0x00402800       0x14 src/core.o
                0x00402800                core_clear_avg_acuum
 .text.core_configure
                0x00402814       0xcc src/core.o
                0x00402814                core_configure
 .text.ADC_Handler
                0x004028e0      0x11c src/core.o
                0x004028e0                ADC_Handler
 .text.TC0_Handler
                0x004029fc       0x94 src/core.o
                0x004029fc                TC0_Handler
 .text.StartACQ
                0x00402a90       0x40 src/parser.o
                0x00402a90                StartACQ
 .text.StartFastACQ
                0x00402ad0       0x38 src/parser.o
                0x00402ad0                StartFastACQ
 .text.StopACQ  0x00402b08       0x30 src/parser.o
                0x00402b08                StopACQ
 .text.SetSamplePeriod
                0x00402b38       0x40 src/parser.o
                0x00402b38                SetSamplePeriod
 .text.SetAverageCount
                0x00402b78       0x3c src/parser.o
                0x00402b78                SetAverageCount
 .text.SetMeasurmentCount
                0x00402bb4       0x3c src/parser.o
                0x00402bb4                SetMeasurmentCount
 .text.SetSequencer
                0x00402bf0       0x78 src/parser.o
                0x00402bf0                SetSequencer
 .text.SetDACvalue
                0x00402c68       0x60 src/parser.o
                0x00402c68                SetDACvalue
 .text.getPar   0x00402cc8       0xf0 src/parser.o
                0x00402cc8                getPar
 .text.parseCommand
                0x00402db8      0x128 src/parser.o
                0x00402db8                parseCommand
 .text.sysclk_enable_usb
                0x00402ee0       0x50 src/ASF/common/services/clock/sam3s/sysclk.o
                0x00402ee0                sysclk_enable_usb
 .text.sysclk_init
                0x00402f30       0x68 src/ASF/common/services/clock/sam3s/sysclk.o
                0x00402f30                sysclk_init
 .text.pdc_rx_init
                0x00402f98       0x18 src/ASF/sam/drivers/pdc/pdc.o
                0x00402f98                pdc_rx_init
 .text.pdc_enable_transfer
                0x00402fb0        0xc src/ASF/sam/drivers/pdc/pdc.o
                0x00402fb0                pdc_enable_transfer
 .text.pdc_disable_transfer
                0x00402fbc       0x10 src/ASF/sam/drivers/pdc/pdc.o
                0x00402fbc                pdc_disable_transfer
 .text.pio_set  0x00402fcc        0x4 src/ASF/sam/drivers/pio/pio.o
                0x00402fcc                pio_set
 .text.pio_clear
                0x00402fd0        0x4 src/ASF/sam/drivers/pio/pio.o
                0x00402fd0                pio_clear
 .text.pio_set_output
                0x00402fd4       0x26 src/ASF/sam/drivers/pio/pio.o
                0x00402fd4                pio_set_output
 .text.pio_get_interrupt_status
                0x00402ffa        0x4 src/ASF/sam/drivers/pio/pio.o
                0x00402ffa                pio_get_interrupt_status
 .text.pio_get_interrupt_mask
                0x00402ffe        0x4 src/ASF/sam/drivers/pio/pio.o
                0x00402ffe                pio_get_interrupt_mask
 .text.pio_toggle_pin_group
                0x00403002        0xc src/ASF/sam/drivers/pio/pio.o
                0x00403002                pio_toggle_pin_group
 *fill*         0x0040300e        0x2 
 .text.pmc_switch_mck_to_pllack
                0x00403010       0x64 src/ASF/sam/drivers/pmc/pmc.o
                0x00403010                pmc_switch_mck_to_pllack
 .text.pmc_switch_mainck_to_xtal
                0x00403074       0x54 src/ASF/sam/drivers/pmc/pmc.o
                0x00403074                pmc_switch_mainck_to_xtal
 .text.pmc_osc_is_ready_mainck
                0x004030c8       0x10 src/ASF/sam/drivers/pmc/pmc.o
                0x004030c8                pmc_osc_is_ready_mainck
 .text.pmc_disable_pllack
                0x004030d8       0x10 src/ASF/sam/drivers/pmc/pmc.o
                0x004030d8                pmc_disable_pllack
 .text.pmc_is_locked_pllack
                0x004030e8       0x10 src/ASF/sam/drivers/pmc/pmc.o
                0x004030e8                pmc_is_locked_pllack
 .text.pmc_disable_pllbck
                0x004030f8        0xc src/ASF/sam/drivers/pmc/pmc.o
                0x004030f8                pmc_disable_pllbck
 .text.pmc_is_locked_pllbck
                0x00403104       0x10 src/ASF/sam/drivers/pmc/pmc.o
                0x00403104                pmc_is_locked_pllbck
 .text.pmc_enable_periph_clk
                0x00403114       0x54 src/ASF/sam/drivers/pmc/pmc.o
                0x00403114                pmc_enable_periph_clk
 .text.pmc_disable_periph_clk
                0x00403168       0x54 src/ASF/sam/drivers/pmc/pmc.o
                0x00403168                pmc_disable_periph_clk
 .text.pmc_switch_udpck_to_pllbck
                0x004031bc       0x14 src/ASF/sam/drivers/pmc/pmc.o
                0x004031bc                pmc_switch_udpck_to_pllbck
 .text.pmc_enable_udpck
                0x004031d0        0xc src/ASF/sam/drivers/pmc/pmc.o
                0x004031d0                pmc_enable_udpck
 .text.pmc_set_fast_startup_input
                0x004031dc       0x14 src/ASF/sam/drivers/pmc/pmc.o
                0x004031dc                pmc_set_fast_startup_input
 .text.tc_init  0x004031f0       0x18 src/ASF/sam/drivers/tc/tc.o
                0x004031f0                tc_init
 .text.tc_stop  0x00403208        0x8 src/ASF/sam/drivers/tc/tc.o
                0x00403208                tc_stop
 .text.tc_write_rc
                0x00403210        0x8 src/ASF/sam/drivers/tc/tc.o
                0x00403210                tc_write_rc
 .text.tc_enable_interrupt
                0x00403218        0x8 src/ASF/sam/drivers/tc/tc.o
                0x00403218                tc_enable_interrupt
 .text.tc_get_status
                0x00403220        0x8 src/ASF/sam/drivers/tc/tc.o
                0x00403220                tc_get_status
 .text.pmc_is_wakeup_clocks_restored
                0x00403228       0x10 src/ASF/sam/drivers/pmc/sleep.o
                0x00403228                pmc_is_wakeup_clocks_restored
 .text.board_init
                0x00403238        0x2 src/ASF/common/boards/user_board/init.o
                0x00403238                board_init
 .text.Dummy_Handler
                0x0040323a        0x2 src/ASF/sam/utils/cmsis/sam3s/source/templates/exceptions.o
                0x0040323a                DACC_Handler
                0x0040323a                DebugMon_Handler
                0x0040323a                HardFault_Handler
                0x0040323a                TC2_Handler
                0x0040323a                SPI_Handler
                0x0040323a                SysTick_Handler
                0x0040323a                TWI1_Handler
                0x0040323a                PendSV_Handler
                0x0040323a                NMI_Handler
                0x0040323a                CRCCU_Handler
                0x0040323a                USART0_Handler
                0x0040323a                RTT_Handler
                0x0040323a                RTC_Handler
                0x0040323a                UsageFault_Handler
                0x0040323a                WDT_Handler
                0x0040323a                TC1_Handler
                0x0040323a                HSMCI_Handler
                0x0040323a                UART1_Handler
                0x0040323a                Dummy_Handler
                0x0040323a                TWI0_Handler
                0x0040323a                USART1_Handler
                0x0040323a                SSC_Handler
                0x0040323a                ACC_Handler
                0x0040323a                PMC_Handler
                0x0040323a                PWM_Handler
                0x0040323a                MemManage_Handler
                0x0040323a                SUPC_Handler
                0x0040323a                SVC_Handler
                0x0040323a                EFC_Handler
                0x0040323a                UART0_Handler
                0x0040323a                BusFault_Handler
                0x0040323a                RSTC_Handler
 .text.Reset_Handler
                0x0040323c       0x98 src/ASF/sam/utils/cmsis/sam3s/source/templates/gcc/startup_sam3s.o
                0x0040323c                Reset_Handler
 .text.SystemCoreClockUpdate
                0x004032d4      0x110 src/ASF/sam/utils/cmsis/sam3s/source/templates/system_sam3s.o
                0x004032d4                SystemCoreClockUpdate
 .text._sbrk    0x004033e4       0x38 src/ASF/sam/utils/syscalls/gcc/syscalls.o
                0x004033e4                _sbrk
 .text.main     0x0040341c       0xd8 src/main.o
                0x0040341c                main
 .text.atoi     0x004034f4        0x8 c:/program files (x86)/atmel/studio/7.0/toolchain/arm/arm-gnu-toolchain/bin/../lib/gcc/arm-none-eabi/6.3.1/../../../../arm-none-eabi/lib/thumb/v7-m\libc.a(lib_a-atoi.o)
                0x004034f4                atoi
 .text.__libc_init_array
                0x004034fc       0x50 c:/program files (x86)/atmel/studio/7.0/toolchain/arm/arm-gnu-toolchain/bin/../lib/gcc/arm-none-eabi/6.3.1/../../../../arm-none-eabi/lib/thumb/v7-m\libc.a(lib_a-init.o)
                0x004034fc                __libc_init_array
 .text          0x0040354c       0xec c:/program files (x86)/atmel/studio/7.0/toolchain/arm/arm-gnu-toolchain/bin/../lib/gcc/arm-none-eabi/6.3.1/../../../../arm-none-eabi/lib/thumb/v7-m\libc.a(lib_a-memcpy.o)
                0x0040354c                memcpy
 .text.memset   0x00403638       0x9c c:/program files (x86)/atmel/studio/7.0/toolchain/arm/arm-gnu-toolchain/bin/../lib/gcc/arm-none-eabi/6.3.1/../../../../arm-none-eabi/lib/thumb/v7-m\libc.a(lib_a-memset.o)
                0x00403638                memset
 .text.sprintf  0x004036d4       0x4c c:/program files (x86)/atmel/studio/7.0/toolchain/arm/arm-gnu-toolchain/bin/../lib/gcc/arm-none-eabi/6.3.1/../../../../arm-none-eabi/lib/thumb/v7-m\libc.a(lib_a-sprintf.o)
                0x004036d4                sprintf
 .text.strlen   0x00403720       0x5c c:/program files (x86)/atmel/studio/7.0/toolchain/arm/arm-gnu-toolchain/bin/../lib/gcc/arm-none-eabi/6.3.1/../../../../arm-none-eabi/lib/thumb/v7-m\libc.a(lib_a-strlen-stub.o)
                0x00403720                strlen
 .text._strtol_l.isra.0
                0x0040377c      0x128 c:/program files (x86)/atmel/studio/7.0/toolchain/arm/arm-gnu-toolchain/bin/../lib/gcc/arm-none-eabi/6.3.1/../../../../arm-none-eabi/lib/thumb/v7-m\libc.a(lib_a-strtol.o)
 .text.strtol   0x004038a4       0x2c c:/program files (x86)/atmel/studio/7.0/toolchain/arm/arm-gnu-toolchain/bin/../lib/gcc/arm-none-eabi/6.3.1/../../../../arm-none-eabi/lib/thumb/v7-m\libc.a(lib_a-strtol.o)
                0x004038a4                strtol
 .text._svfprintf_r
                0x004038d0     0x1500 c:/program files (x86)/atmel/studio/7.0/toolchain/arm/arm-gnu-toolchain/bin/../lib/gcc/arm-none-eabi/6.3.1/../../../../arm-none-eabi/lib/thumb/v7-m\libc.a(lib_a-svfprintf.o)
                0x004038d0                _svfprintf_r
 .text.startup.register_fini
                0x00404dd0       0x14 c:/program files (x86)/atmel/studio/7.0/toolchain/arm/arm-gnu-toolchain/bin/../lib/gcc/arm-none-eabi/6.3.1/../../../../arm-none-eabi/lib/thumb/v7-m\libc.a(lib_a-__call_atexit.o)
 .text.atexit   0x00404de4        0xc c:/program files (x86)/atmel/studio/7.0/toolchain/arm/arm-gnu-toolchain/bin/../lib/gcc/arm-none-eabi/6.3.1/../../../../arm-none-eabi/lib/thumb/v7-m\libc.a(lib_a-atexit.o)
                0x00404de4                atexit
 .text.quorem   0x00404df0      0x128 c:/program files (x86)/atmel/studio/7.0/toolchain/arm/arm-gnu-toolchain/bin/../lib/gcc/arm-none-eabi/6.3.1/../../../../arm-none-eabi/lib/thumb/v7-m\libc.a(lib_a-dtoa.o)
 .text._dtoa_r  0x00404f18      0xe44 c:/program files (x86)/atmel/studio/7.0/toolchain/arm/arm-gnu-toolchain/bin/../lib/gcc/arm-none-eabi/6.3.1/../../../../arm-none-eabi/lib/thumb/v7-m\libc.a(lib_a-dtoa.o)
                0x00404f18                _dtoa_r
 .text.__libc_fini_array
                0x00405d5c       0x34 c:/program files (x86)/atmel/studio/7.0/toolchain/arm/arm-gnu-toolchain/bin/../lib/gcc/arm-none-eabi/6.3.1/../../../../arm-none-eabi/lib/thumb/v7-m\libc.a(lib_a-fini.o)
                0x00405d5c                __libc_fini_array
 .text._malloc_trim_r
                0x00405d90       0xa0 c:/program files (x86)/atmel/studio/7.0/toolchain/arm/arm-gnu-toolchain/bin/../lib/gcc/arm-none-eabi/6.3.1/../../../../arm-none-eabi/lib/thumb/v7-m\libc.a(lib_a-freer.o)
                0x00405d90                _malloc_trim_r
 .text._free_r  0x00405e30      0x1cc c:/program files (x86)/atmel/studio/7.0/toolchain/arm/arm-gnu-toolchain/bin/../lib/gcc/arm-none-eabi/6.3.1/../../../../arm-none-eabi/lib/thumb/v7-m\libc.a(lib_a-freer.o)
                0x00405e30                _free_r
 .text.__locale_ctype_ptr_l
                0x00405ffc        0x8 c:/program files (x86)/atmel/studio/7.0/toolchain/arm/arm-gnu-toolchain/bin/../lib/gcc/arm-none-eabi/6.3.1/../../../../arm-none-eabi/lib/thumb/v7-m\libc.a(lib_a-locale.o)
                0x00405ffc                __locale_ctype_ptr_l
 .text._localeconv_r
                0x00406004       0x1c c:/program files (x86)/atmel/studio/7.0/toolchain/arm/arm-gnu-toolchain/bin/../lib/gcc/arm-none-eabi/6.3.1/../../../../arm-none-eabi/lib/thumb/v7-m\libc.a(lib_a-localeconv.o)
                0x00406004                _localeconv_r
 .text.__retarget_lock_acquire_recursive
                0x00406020        0x4 c:/program files (x86)/atmel/studio/7.0/toolchain/arm/arm-gnu-toolchain/bin/../lib/gcc/arm-none-eabi/6.3.1/../../../../arm-none-eabi/lib/thumb/v7-m\libc.a(lib_a-lock.o)
                0x00406020                __retarget_lock_acquire_recursive
 .text.__retarget_lock_release_recursive
                0x00406024        0x4 c:/program files (x86)/atmel/studio/7.0/toolchain/arm/arm-gnu-toolchain/bin/../lib/gcc/arm-none-eabi/6.3.1/../../../../arm-none-eabi/lib/thumb/v7-m\libc.a(lib_a-lock.o)
                0x00406024                __retarget_lock_release_recursive
 .text._malloc_r
                0x00406028      0x544 c:/program files (x86)/atmel/studio/7.0/toolchain/arm/arm-gnu-toolchain/bin/../lib/gcc/arm-none-eabi/6.3.1/../../../../arm-none-eabi/lib/thumb/v7-m\libc.a(lib_a-mallocr.o)
                0x00406028                _malloc_r
 .text.__ascii_mbtowc
                0x0040656c       0x2c c:/program files (x86)/atmel/studio/7.0/toolchain/arm/arm-gnu-toolchain/bin/../lib/gcc/arm-none-eabi/6.3.1/../../../../arm-none-eabi/lib/thumb/v7-m\libc.a(lib_a-mbtowc_r.o)
                0x0040656c                __ascii_mbtowc
 .text.memchr   0x00406598       0x8c c:/program files (x86)/atmel/studio/7.0/toolchain/arm/arm-gnu-toolchain/bin/../lib/gcc/arm-none-eabi/6.3.1/../../../../arm-none-eabi/lib/thumb/v7-m\libc.a(lib_a-memchr-stub.o)
                0x00406598                memchr
 .text.memmove  0x00406624       0xc8 c:/program files (x86)/atmel/studio/7.0/toolchain/arm/arm-gnu-toolchain/bin/../lib/gcc/arm-none-eabi/6.3.1/../../../../arm-none-eabi/lib/thumb/v7-m\libc.a(lib_a-memmove.o)
                0x00406624                memmove
 .text.__malloc_lock
                0x004066ec        0xc c:/program files (x86)/atmel/studio/7.0/toolchain/arm/arm-gnu-toolchain/bin/../lib/gcc/arm-none-eabi/6.3.1/../../../../arm-none-eabi/lib/thumb/v7-m\libc.a(lib_a-mlock.o)
                0x004066ec                __malloc_lock
 .text.__malloc_unlock
                0x004066f8        0xc c:/program files (x86)/atmel/studio/7.0/toolchain/arm/arm-gnu-toolchain/bin/../lib/gcc/arm-none-eabi/6.3.1/../../../../arm-none-eabi/lib/thumb/v7-m\libc.a(lib_a-mlock.o)
                0x004066f8                __malloc_unlock
 .text._Balloc  0x00406704       0x4c c:/program files (x86)/atmel/studio/7.0/toolchain/arm/arm-gnu-toolchain/bin/../lib/gcc/arm-none-eabi/6.3.1/../../../../arm-none-eabi/lib/thumb/v7-m\libc.a(lib_a-mprec.o)
                0x00406704                _Balloc
 .text._Bfree   0x00406750       0x14 c:/program files (x86)/atmel/studio/7.0/toolchain/arm/arm-gnu-toolchain/bin/../lib/gcc/arm-none-eabi/6.3.1/../../../../arm-none-eabi/lib/thumb/v7-m\libc.a(lib_a-mprec.o)
                0x00406750                _Bfree
 .text.__multadd
                0x00406764       0x84 c:/program files (x86)/atmel/studio/7.0/toolchain/arm/arm-gnu-toolchain/bin/../lib/gcc/arm-none-eabi/6.3.1/../../../../arm-none-eabi/lib/thumb/v7-m\libc.a(lib_a-mprec.o)
                0x00406764                __multadd
 .text.__hi0bits
                0x004067e8       0x40 c:/program files (x86)/atmel/studio/7.0/toolchain/arm/arm-gnu-toolchain/bin/../lib/gcc/arm-none-eabi/6.3.1/../../../../arm-none-eabi/lib/thumb/v7-m\libc.a(lib_a-mprec.o)
                0x004067e8                __hi0bits
 .text.__lo0bits
                0x00406828       0x60 c:/program files (x86)/atmel/studio/7.0/toolchain/arm/arm-gnu-toolchain/bin/../lib/gcc/arm-none-eabi/6.3.1/../../../../arm-none-eabi/lib/thumb/v7-m\libc.a(lib_a-mprec.o)
                0x00406828                __lo0bits
 .text.__i2b    0x00406888       0x14 c:/program files (x86)/atmel/studio/7.0/toolchain/arm/arm-gnu-toolchain/bin/../lib/gcc/arm-none-eabi/6.3.1/../../../../arm-none-eabi/lib/thumb/v7-m\libc.a(lib_a-mprec.o)
                0x00406888                __i2b
 .text.__multiply
                0x0040689c      0x124 c:/program files (x86)/atmel/studio/7.0/toolchain/arm/arm-gnu-toolchain/bin/../lib/gcc/arm-none-eabi/6.3.1/../../../../arm-none-eabi/lib/thumb/v7-m\libc.a(lib_a-mprec.o)
                0x0040689c                __multiply
 .text.__pow5mult
                0x004069c0       0xa0 c:/program files (x86)/atmel/studio/7.0/toolchain/arm/arm-gnu-toolchain/bin/../lib/gcc/arm-none-eabi/6.3.1/../../../../arm-none-eabi/lib/thumb/v7-m\libc.a(lib_a-mprec.o)
                0x004069c0                __pow5mult
 .text.__lshift
                0x00406a60       0xa0 c:/program files (x86)/atmel/studio/7.0/toolchain/arm/arm-gnu-toolchain/bin/../lib/gcc/arm-none-eabi/6.3.1/../../../../arm-none-eabi/lib/thumb/v7-m\libc.a(lib_a-mprec.o)
                0x00406a60                __lshift
 .text.__mcmp   0x00406b00       0x38 c:/program files (x86)/atmel/studio/7.0/toolchain/arm/arm-gnu-toolchain/bin/../lib/gcc/arm-none-eabi/6.3.1/../../../../arm-none-eabi/lib/thumb/v7-m\libc.a(lib_a-mprec.o)
                0x00406b00                __mcmp
 .text.__mdiff  0x00406b38      0x11c c:/program files (x86)/atmel/studio/7.0/toolchain/arm/arm-gnu-toolchain/bin/../lib/gcc/arm-none-eabi/6.3.1/../../../../arm-none-eabi/lib/thumb/v7-m\libc.a(lib_a-mprec.o)
                0x00406b38                __mdiff
 .text.__d2b    0x00406c54       0xa8 c:/program files (x86)/atmel/studio/7.0/toolchain/arm/arm-gnu-toolchain/bin/../lib/gcc/arm-none-eabi/6.3.1/../../../../arm-none-eabi/lib/thumb/v7-m\libc.a(lib_a-mprec.o)
                0x00406c54                __d2b
 .text._realloc_r
                0x00406cfc      0x36c c:/program files (x86)/atmel/studio/7.0/toolchain/arm/arm-gnu-toolchain/bin/../lib/gcc/arm-none-eabi/6.3.1/../../../../arm-none-eabi/lib/thumb/v7-m\libc.a(lib_a-reallocr.o)
                0x00406cfc                _realloc_r
 .text._sbrk_r  0x00407068       0x24 c:/program files (x86)/atmel/studio/7.0/toolchain/arm/arm-gnu-toolchain/bin/../lib/gcc/arm-none-eabi/6.3.1/../../../../arm-none-eabi/lib/thumb/v7-m\libc.a(lib_a-sbrkr.o)
                0x00407068                _sbrk_r
 .text.__ssprint_r
                0x0040708c       0xfc c:/program files (x86)/atmel/studio/7.0/toolchain/arm/arm-gnu-toolchain/bin/../lib/gcc/arm-none-eabi/6.3.1/../../../../arm-none-eabi/lib/thumb/v7-m\libc.a(lib_a-svfiprintf.o)
                0x0040708c                __ssprint_r
 .text.__ascii_wctomb
                0x00407188       0x18 c:/program files (x86)/atmel/studio/7.0/toolchain/arm/arm-gnu-toolchain/bin/../lib/gcc/arm-none-eabi/6.3.1/../../../../arm-none-eabi/lib/thumb/v7-m\libc.a(lib_a-wctomb_r.o)
                0x00407188                __ascii_wctomb
 .text.__register_exitproc
                0x004071a0       0xc4 c:/program files (x86)/atmel/studio/7.0/toolchain/arm/arm-gnu-toolchain/bin/../lib/gcc/arm-none-eabi/6.3.1/../../../../arm-none-eabi/lib/thumb/v7-m\libc.a(lib_a-__atexit.o)
                0x004071a0                __register_exitproc
 .text._calloc_r
                0x00407264       0x60 c:/program files (x86)/atmel/studio/7.0/toolchain/arm/arm-gnu-toolchain/bin/../lib/gcc/arm-none-eabi/6.3.1/../../../../arm-none-eabi/lib/thumb/v7-m\libc.a(lib_a-callocr.o)
                0x00407264                _calloc_r
 .text          0x004072c4      0x370 c:/program files (x86)/atmel/studio/7.0/toolchain/arm/arm-gnu-toolchain/bin/../lib/gcc/arm-none-eabi/6.3.1/thumb/v7-m\libgcc.a(_arm_addsubdf3.o)
                0x004072c4                __aeabi_drsub
                0x004072cc                __aeabi_dsub
                0x004072cc                __subdf3
                0x004072d0                __aeabi_dadd
                0x004072d0                __adddf3
                0x00407548                __floatunsidf
                0x00407548                __aeabi_ui2d
                0x00407568                __floatsidf
                0x00407568                __aeabi_i2d
                0x0040758c                __aeabi_f2d
                0x0040758c                __extendsfdf2
                0x004075c8                __floatundidf
                0x004075c8                __aeabi_ul2d
                0x004075d8                __floatdidf
                0x004075d8                __aeabi_l2d
 .text          0x00407634      0x424 c:/program files (x86)/atmel/studio/7.0/toolchain/arm/arm-gnu-toolchain/bin/../lib/gcc/arm-none-eabi/6.3.1/thumb/v7-m\libgcc.a(_arm_muldivdf3.o)
                0x00407634                __aeabi_dmul
                0x00407634                __muldf3
                0x00407888                __divdf3
                0x00407888                __aeabi_ddiv
 .text          0x00407a58      0x110 c:/program files (x86)/atmel/studio/7.0/toolchain/arm/arm-gnu-toolchain/bin/../lib/gcc/arm-none-eabi/6.3.1/thumb/v7-m\libgcc.a(_arm_cmpdf2.o)
                0x00407a58                __gtdf2
                0x00407a58                __gedf2
                0x00407a60                __ltdf2
                0x00407a60                __ledf2
                0x00407a68                __nedf2
                0x00407a68                __eqdf2
                0x00407a68                __cmpdf2
                0x00407ae4                __aeabi_cdrcmple
                0x00407af4                __aeabi_cdcmpeq
                0x00407af4                __aeabi_cdcmple
                0x00407b04                __aeabi_dcmpeq
                0x00407b18                __aeabi_dcmplt
                0x00407b2c                __aeabi_dcmple
                0x00407b40                __aeabi_dcmpge
                0x00407b54                __aeabi_dcmpgt
 .text          0x00407b68       0x2c c:/program files (x86)/atmel/studio/7.0/toolchain/arm/arm-gnu-toolchain/bin/../lib/gcc/arm-none-eabi/6.3.1/thumb/v7-m\libgcc.a(_arm_unorddf2.o)
                0x00407b68                __unorddf2
                0x00407b68                __aeabi_dcmpun
 .text          0x00407b94       0x50 c:/program files (x86)/atmel/studio/7.0/toolchain/arm/arm-gnu-toolchain/bin/../lib/gcc/arm-none-eabi/6.3.1/thumb/v7-m\libgcc.a(_arm_fixdfsi.o)
                0x00407b94                __aeabi_d2iz
                0x00407b94                __fixdfsi
 .text          0x00407be4       0x30 c:/program files (x86)/atmel/studio/7.0/toolchain/arm/arm-gnu-toolchain/bin/../lib/gcc/arm-none-eabi/6.3.1/thumb/v7-m\libgcc.a(_aeabi_uldivmod.o)
                0x00407be4                __aeabi_uldivmod
 .text          0x00407c14      0x2dc c:/program files (x86)/atmel/studio/7.0/toolchain/arm/arm-gnu-toolchain/bin/../lib/gcc/arm-none-eabi/6.3.1/thumb/v7-m\libgcc.a(_udivmoddi4.o)
                0x00407c14                __udivmoddi4
 .text          0x00407ef0        0x4 c:/program files (x86)/atmel/studio/7.0/toolchain/arm/arm-gnu-toolchain/bin/../lib/gcc/arm-none-eabi/6.3.1/thumb/v7-m\libgcc.a(_dvmd_tls.o)
                0x00407ef0                __aeabi_idiv0
                0x00407ef0                __aeabi_ldiv0
 *(.glue_7t)
 .glue_7t       0x00407ef4        0x0 linker stubs
 *(.glue_7)
 .glue_7        0x00407ef4        0x0 linker stubs
 *(.rodata .rodata* .gnu.linkonce.r.*)
 .rodata.SetAverageCount.str1.4
                0x00407ef4       0x32 src/parser.o
 *fill*         0x00407f26        0x2 
 .rodata.SetDACvalue.str1.4
                0x00407f28       0x1e src/parser.o
 *fill*         0x00407f46        0x2 
 .rodata.SetMeasurmentCount.str1.4
                0x00407f48       0x30 src/parser.o
 .rodata.SetSamplePeriod.str1.4
                0x00407f78       0x1d src/parser.o
 *fill*         0x00407f95        0x3 
 .rodata.SetSequencer.str1.4
                0x00407f98       0x22 src/parser.o
 *fill*         0x00407fba        0x2 
 .rodata.StartACQ.str1.4
                0x00407fbc       0x1f src/parser.o
 *fill*         0x00407fdb        0x1 
 .rodata.StartFastACQ.str1.4
                0x00407fdc       0x20 src/parser.o
 .rodata.StopACQ.str1.4
                0x00407ffc       0x16 src/parser.o
 *fill*         0x00408012        0x2 
 .rodata.main.str1.4
                0x00408014       0x2f src/main.o
 *fill*         0x00408043        0x1 
 .rodata._global_impure_ptr
                0x00408044        0x4 c:/program files (x86)/atmel/studio/7.0/toolchain/arm/arm-gnu-toolchain/bin/../lib/gcc/arm-none-eabi/6.3.1/../../../../arm-none-eabi/lib/thumb/v7-m\libc.a(lib_a-impure.o)
                0x00408044                _global_impure_ptr
 .rodata._svfprintf_r.str1.4
                0x00408048       0x42 c:/program files (x86)/atmel/studio/7.0/toolchain/arm/arm-gnu-toolchain/bin/../lib/gcc/arm-none-eabi/6.3.1/../../../../arm-none-eabi/lib/thumb/v7-m\libc.a(lib_a-svfprintf.o)
 *fill*         0x0040808a        0x2 
 .rodata.blanks.7223
                0x0040808c       0x10 c:/program files (x86)/atmel/studio/7.0/toolchain/arm/arm-gnu-toolchain/bin/../lib/gcc/arm-none-eabi/6.3.1/../../../../arm-none-eabi/lib/thumb/v7-m\libc.a(lib_a-svfprintf.o)
 .rodata.zeroes.7224
                0x0040809c       0x10 c:/program files (x86)/atmel/studio/7.0/toolchain/arm/arm-gnu-toolchain/bin/../lib/gcc/arm-none-eabi/6.3.1/../../../../arm-none-eabi/lib/thumb/v7-m\libc.a(lib_a-svfprintf.o)
 .rodata._dtoa_r.str1.4
                0x004080ac       0x10 c:/program files (x86)/atmel/studio/7.0/toolchain/arm/arm-gnu-toolchain/bin/../lib/gcc/arm-none-eabi/6.3.1/../../../../arm-none-eabi/lib/thumb/v7-m\libc.a(lib_a-dtoa.o)
                                 0x12 (size before relaxing)
 .rodata._setlocale_r.str1.4
                0x004080bc        0xa c:/program files (x86)/atmel/studio/7.0/toolchain/arm/arm-gnu-toolchain/bin/../lib/gcc/arm-none-eabi/6.3.1/../../../../arm-none-eabi/lib/thumb/v7-m\libc.a(lib_a-locale.o)
                                  0xd (size before relaxing)
 *fill*         0x004080c6        0x2 
 .rodata.str1.4
                0x004080c8        0x4 c:/program files (x86)/atmel/studio/7.0/toolchain/arm/arm-gnu-toolchain/bin/../lib/gcc/arm-none-eabi/6.3.1/../../../../arm-none-eabi/lib/thumb/v7-m\libc.a(lib_a-locale.o)
                                  0x2 (size before relaxing)
 *fill*         0x004080cc        0x4 
 .rodata.__mprec_bigtens
                0x004080d0       0x28 c:/program files (x86)/atmel/studio/7.0/toolchain/arm/arm-gnu-toolchain/bin/../lib/gcc/arm-none-eabi/6.3.1/../../../../arm-none-eabi/lib/thumb/v7-m\libc.a(lib_a-mprec.o)
                0x004080d0                __mprec_bigtens
 .rodata.__mprec_tens
                0x004080f8       0xc8 c:/program files (x86)/atmel/studio/7.0/toolchain/arm/arm-gnu-toolchain/bin/../lib/gcc/arm-none-eabi/6.3.1/../../../../arm-none-eabi/lib/thumb/v7-m\libc.a(lib_a-mprec.o)
                0x004080f8                __mprec_tens
 .rodata.p05.6055
                0x004081c0        0xc c:/program files (x86)/atmel/studio/7.0/toolchain/arm/arm-gnu-toolchain/bin/../lib/gcc/arm-none-eabi/6.3.1/../../../../arm-none-eabi/lib/thumb/v7-m\libc.a(lib_a-mprec.o)
 .rodata._ctype_
                0x004081cc      0x101 c:/program files (x86)/atmel/studio/7.0/toolchain/arm/arm-gnu-toolchain/bin/../lib/gcc/arm-none-eabi/6.3.1/../../../../arm-none-eabi/lib/thumb/v7-m\libc.a(lib_a-ctype_.o)
                0x004081cc                _ctype_
 *(.ARM.extab* .gnu.linkonce.armextab.*)
                0x004082d0                . = ALIGN (0x4)
 *fill*         0x004082cd        0x3 
 *(.init)
 .init          0x004082d0        0x4 c:/program files (x86)/atmel/studio/7.0/toolchain/arm/arm-gnu-toolchain/bin/../lib/gcc/arm-none-eabi/6.3.1/thumb/v7-m/crti.o
                0x004082d0                _init
 .init          0x004082d4        0x8 c:/program files (x86)/atmel/studio/7.0/toolchain/arm/arm-gnu-toolchain/bin/../lib/gcc/arm-none-eabi/6.3.1/thumb/v7-m/crtn.o
                0x004082dc                . = ALIGN (0x4)
                0x004082dc                __preinit_array_start = .
 *(.preinit_array)
                0x004082dc                __preinit_array_end = .
                0x004082dc                . = ALIGN (0x4)
                0x004082dc                __init_array_start = .
 *(SORT(.init_array.*))
 .init_array.00000
                0x004082dc        0x4 c:/program files (x86)/atmel/studio/7.0/toolchain/arm/arm-gnu-toolchain/bin/../lib/gcc/arm-none-eabi/6.3.1/../../../../arm-none-eabi/lib/thumb/v7-m\libc.a(lib_a-__call_atexit.o)
 *(.init_array)
 .init_array    0x004082e0        0x4 c:/program files (x86)/atmel/studio/7.0/toolchain/arm/arm-gnu-toolchain/bin/../lib/gcc/arm-none-eabi/6.3.1/thumb/v7-m/crtbegin.o
                0x004082e4                __init_array_end = .
                0x004082e4                . = ALIGN (0x4)
 *crtbegin.o(.ctors)
 *(EXCLUDE_FILE(*crtend.o) .ctors)
 *(SORT(.ctors.*))
 *crtend.o(.ctors)
                0x004082e4                . = ALIGN (0x4)
 *(.fini)
 .fini          0x004082e4        0x4 c:/program files (x86)/atmel/studio/7.0/toolchain/arm/arm-gnu-toolchain/bin/../lib/gcc/arm-none-eabi/6.3.1/thumb/v7-m/crti.o
                0x004082e4                _fini
 .fini          0x004082e8        0x8 c:/program files (x86)/atmel/studio/7.0/toolchain/arm/arm-gnu-toolchain/bin/../lib/gcc/arm-none-eabi/6.3.1/thumb/v7-m/crtn.o
                0x004082f0                . = ALIGN (0x4)
                0x004082f0                __fini_array_start = .
 *(.fini_array)
 .fini_array    0x004082f0        0x4 c:/program files (x86)/atmel/studio/7.0/toolchain/arm/arm-gnu-toolchain/bin/../lib/gcc/arm-none-eabi/6.3.1/thumb/v7-m/crtbegin.o
 *(SORT(.fini_array.*))
                0x004082f4                __fini_array_end = .
 *crtbegin.o(.dtors)
 *(EXCLUDE_FILE(*crtend.o) .dtors)
 *(SORT(.dtors.*))
 *crtend.o(.dtors)
                0x004082f4                . = ALIGN (0x4)
                0x004082f4                _efixed = .
                [!provide]                PROVIDE (__exidx_start, .)

.vfp11_veneer   0x004082f4        0x0
 .vfp11_veneer  0x004082f4        0x0 linker stubs

.v4_bx          0x004082f4        0x0
 .v4_bx         0x004082f4        0x0 linker stubs

.iplt           0x004082f4        0x0
 .iplt          0x004082f4        0x0 c:/program files (x86)/atmel/studio/7.0/toolchain/arm/arm-gnu-toolchain/bin/../lib/gcc/arm-none-eabi/6.3.1/thumb/v7-m/crtbegin.o

.ARM.exidx      0x004082f4        0x8
 *(.ARM.exidx* .gnu.linkonce.armexidx.*)
 .ARM.exidx     0x004082f4        0x8 c:/program files (x86)/atmel/studio/7.0/toolchain/arm/arm-gnu-toolchain/bin/../lib/gcc/arm-none-eabi/6.3.1/thumb/v7-m\libgcc.a(_udivmoddi4.o)
                [!provide]                PROVIDE (__exidx_end, .)

.eh_frame       0x004082fc        0x0
 .eh_frame      0x004082fc        0x0 c:/program files (x86)/atmel/studio/7.0/toolchain/arm/arm-gnu-toolchain/bin/../lib/gcc/arm-none-eabi/6.3.1/thumb/v7-m/crtbegin.o

.rel.dyn        0x004082fc        0x0
 .rel.iplt      0x004082fc        0x0 c:/program files (x86)/atmel/studio/7.0/toolchain/arm/arm-gnu-toolchain/bin/../lib/gcc/arm-none-eabi/6.3.1/thumb/v7-m/crtbegin.o

.jcr            0x004082fc        0x0
 .jcr           0x004082fc        0x0 c:/program files (x86)/atmel/studio/7.0/toolchain/arm/arm-gnu-toolchain/bin/../lib/gcc/arm-none-eabi/6.3.1/thumb/v7-m/crtbegin.o

.igot.plt       0x004082fc        0x0
 .igot.plt      0x004082fc        0x0 c:/program files (x86)/atmel/studio/7.0/toolchain/arm/arm-gnu-toolchain/bin/../lib/gcc/arm-none-eabi/6.3.1/thumb/v7-m/crtbegin.o
                0x004082fc                . = ALIGN (0x4)
                0x004082fc                _etext = .

.relocate       0x20000000      0xbb8 load address 0x004082fc
                0x20000000                . = ALIGN (0x4)
                0x20000000                _srelocate = .
 *(.ramfunc .ramfunc.*)
 .ramfunc       0x20000000       0xe4 src/ASF/sam/utils/cmsis/sam3s/source/templates/system_sam3s.o
                0x20000000                SystemInit
                0x200000a0                system_init_flash
 *(.data .data.*)
 .data.udi_api_cdc_comm
                0x200000e4       0x14 src/ASF/common/services/usb/class/cdc/device/udi_cdc.o
                0x200000e4                udi_api_cdc_comm
 .data.udi_api_cdc_data
                0x200000f8       0x14 src/ASF/common/services/usb/class/cdc/device/udi_cdc.o
                0x200000f8                udi_api_cdc_data
 .data.udc_string_desc_languageid
                0x2000010c        0x4 src/ASF/common/services/usb/udc/udc.o
 .data.comInterface
                0x20000110       0x7c src/comInterface.o
                0x20000110                comInterface
 .data.udc_config
                0x2000018c        0xc src/ASF/common/services/usb/class/cdc/device/udi_cdc_desc.o
                0x2000018c                udc_config
 .data.udc_config_fs
                0x20000198        0x8 src/ASF/common/services/usb/class/cdc/device/udi_cdc_desc.o
                0x20000198                udc_config_fs
 .data.udc_desc_fs
                0x200001a0       0x43 src/ASF/common/services/usb/class/cdc/device/udi_cdc_desc.o
                0x200001a0                udc_desc_fs
 *fill*         0x200001e3        0x1 
 .data.udc_device_desc
                0x200001e4       0x12 src/ASF/common/services/usb/class/cdc/device/udi_cdc_desc.o
                0x200001e4                udc_device_desc
 *fill*         0x200001f6        0x2 
 .data.udi_apis
                0x200001f8        0x8 src/ASF/common/services/usb/class/cdc/device/udi_cdc_desc.o
                0x200001f8                udi_apis
 .data.g_interrupt_enabled
                0x20000200        0x1 src/ASF/common/utils/interrupt/interrupt_sam_nvic.o
                0x20000200                g_interrupt_enabled
 *fill*         0x20000201        0x3 
 .data.SystemCoreClock
                0x20000204        0x4 src/ASF/sam/utils/cmsis/sam3s/source/templates/system_sam3s.o
                0x20000204                SystemCoreClock
 .data._impure_ptr
                0x20000208        0x4 c:/program files (x86)/atmel/studio/7.0/toolchain/arm/arm-gnu-toolchain/bin/../lib/gcc/arm-none-eabi/6.3.1/../../../../arm-none-eabi/lib/thumb/v7-m\libc.a(lib_a-impure.o)
                0x20000208                _impure_ptr
 *fill*         0x2000020c        0x4 
 .data.impure_data
                0x20000210      0x428 c:/program files (x86)/atmel/studio/7.0/toolchain/arm/arm-gnu-toolchain/bin/../lib/gcc/arm-none-eabi/6.3.1/../../../../arm-none-eabi/lib/thumb/v7-m\libc.a(lib_a-impure.o)
 .data.__atexit_recursive_mutex
                0x20000638        0x4 c:/program files (x86)/atmel/studio/7.0/toolchain/arm/arm-gnu-toolchain/bin/../lib/gcc/arm-none-eabi/6.3.1/../../../../arm-none-eabi/lib/thumb/v7-m\libc.a(lib_a-__call_atexit.o)
                0x20000638                __atexit_recursive_mutex
 .data.__global_locale
                0x2000063c      0x16c c:/program files (x86)/atmel/studio/7.0/toolchain/arm/arm-gnu-toolchain/bin/../lib/gcc/arm-none-eabi/6.3.1/../../../../arm-none-eabi/lib/thumb/v7-m\libc.a(lib_a-locale.o)
                0x2000063c                __global_locale
 .data.__malloc_av_
                0x200007a8      0x408 c:/program files (x86)/atmel/studio/7.0/toolchain/arm/arm-gnu-toolchain/bin/../lib/gcc/arm-none-eabi/6.3.1/../../../../arm-none-eabi/lib/thumb/v7-m\libc.a(lib_a-mallocr.o)
                0x200007a8                __malloc_av_
 .data.__malloc_sbrk_base
                0x20000bb0        0x4 c:/program files (x86)/atmel/studio/7.0/toolchain/arm/arm-gnu-toolchain/bin/../lib/gcc/arm-none-eabi/6.3.1/../../../../arm-none-eabi/lib/thumb/v7-m\libc.a(lib_a-mallocr.o)
                0x20000bb0                __malloc_sbrk_base
 .data.__malloc_trim_threshold
                0x20000bb4        0x4 c:/program files (x86)/atmel/studio/7.0/toolchain/arm/arm-gnu-toolchain/bin/../lib/gcc/arm-none-eabi/6.3.1/../../../../arm-none-eabi/lib/thumb/v7-m\libc.a(lib_a-mallocr.o)
                0x20000bb4                __malloc_trim_threshold
                0x20000bb8                . = ALIGN (0x4)
                0x20000bb8                _erelocate = .

.bss            0x20000bb8      0x308 load address 0x00408eb4
                0x20000bb8                . = ALIGN (0x4)
                0x20000bb8                _sbss = .
                0x20000bb8                _szero = .
 *(.bss .bss.*)
 .bss           0x20000bb8       0x1c c:/program files (x86)/atmel/studio/7.0/toolchain/arm/arm-gnu-toolchain/bin/../lib/gcc/arm-none-eabi/6.3.1/thumb/v7-m/crtbegin.o
 .bss.sof_zlp_counter.7703
                0x20000bd4        0x2 src/ASF/common/services/usb/class/cdc/device/udi_cdc.o
 .bss.udi_cdc_data_running
                0x20000bd6        0x1 src/ASF/common/services/usb/class/cdc/device/udi_cdc.o
 *fill*         0x20000bd7        0x1 
 .bss.udi_cdc_line_coding
                0x20000bd8        0x7 src/ASF/common/services/usb/class/cdc/device/udi_cdc.o
 .bss.udi_cdc_nb_comm_enabled
                0x20000bdf        0x1 src/ASF/common/services/usb/class/cdc/device/udi_cdc.o
 .bss.udi_cdc_nb_data_enabled
                0x20000be0        0x1 src/ASF/common/services/usb/class/cdc/device/udi_cdc.o
 *fill*         0x20000be1        0x3 
 .bss.udi_cdc_rx_buf
                0x20000be4       0x80 src/ASF/common/services/usb/class/cdc/device/udi_cdc.o
 .bss.udi_cdc_rx_buf_nb
                0x20000c64        0x4 src/ASF/common/services/usb/class/cdc/device/udi_cdc.o
 .bss.udi_cdc_rx_buf_sel
                0x20000c68        0x1 src/ASF/common/services/usb/class/cdc/device/udi_cdc.o
 *fill*         0x20000c69        0x3 
 .bss.udi_cdc_rx_pos
                0x20000c6c        0x2 src/ASF/common/services/usb/class/cdc/device/udi_cdc.o
 *fill*         0x20000c6e        0x2 
 .bss.udi_cdc_rx_trans_ongoing
                0x20000c70        0x1 src/ASF/common/services/usb/class/cdc/device/udi_cdc.o
 *fill*         0x20000c71        0x3 
 .bss.udi_cdc_state
                0x20000c74        0x2 src/ASF/common/services/usb/class/cdc/device/udi_cdc.o
 *fill*         0x20000c76        0x2 
 .bss.udi_cdc_tx_both_buf_to_send
                0x20000c78        0x1 src/ASF/common/services/usb/class/cdc/device/udi_cdc.o
 *fill*         0x20000c79        0x3 
 .bss.udi_cdc_tx_buf
                0x20000c7c       0x80 src/ASF/common/services/usb/class/cdc/device/udi_cdc.o
 .bss.udi_cdc_tx_buf_nb
                0x20000cfc        0x4 src/ASF/common/services/usb/class/cdc/device/udi_cdc.o
 .bss.udi_cdc_tx_buf_sel
                0x20000d00        0x1 src/ASF/common/services/usb/class/cdc/device/udi_cdc.o
 *fill*         0x20000d01        0x3 
 .bss.udi_cdc_tx_sof_num
                0x20000d04        0x2 src/ASF/common/services/usb/class/cdc/device/udi_cdc.o
 *fill*         0x20000d06        0x2 
 .bss.udi_cdc_tx_trans_ongoing
                0x20000d08        0x1 src/ASF/common/services/usb/class/cdc/device/udi_cdc.o
 *fill*         0x20000d09        0x3 
 .bss.uid_cdc_state_msg
                0x20000d0c        0xa src/ASF/common/services/usb/class/cdc/device/udi_cdc.o
 .bss.udc_device_status
                0x20000d16        0x2 src/ASF/common/services/usb/udc/udc.o
 .bss.udc_ep_status.7348
                0x20000d18        0x2 src/ASF/common/services/usb/udc/udc.o
 *fill*         0x20000d1a        0x2 
 .bss.udc_iface_setting
                0x20000d1c        0x1 src/ASF/common/services/usb/udc/udc.o
 *fill*         0x20000d1d        0x3 
 .bss.udc_num_configuration
                0x20000d20        0x1 src/ASF/common/services/usb/udc/udc.o
 *fill*         0x20000d21        0x3 
 .bss.udc_ptr_conf
                0x20000d24        0x4 src/ASF/common/services/usb/udc/udc.o
 .bss.udc_ptr_iface
                0x20000d28        0x4 src/ASF/common/services/usb/udc/udc.o
 .bss.gs_interrupt_sources
                0x20000d2c       0x70 src/ASF/sam/drivers/pio/pio_handler.o
 .bss.pio_capture_handler
                0x20000d9c        0x4 src/ASF/sam/drivers/pio/pio_handler.o
 .bss.b_shortpacket.8408
                0x20000da0        0x1 src/ASF/sam/drivers/udp/udp_device.o
 .bss.udd_b_idle
                0x20000da1        0x1 src/ASF/sam/drivers/udp/udp_device.o
 .bss.udd_ctrl_payload_nb_trans
                0x20000da2        0x2 src/ASF/sam/drivers/udp/udp_device.o
 .bss.udd_ctrl_prev_payload_nb_trans
                0x20000da4        0x2 src/ASF/sam/drivers/udp/udp_device.o
 .bss.udd_ep_control_state
                0x20000da6        0x1 src/ASF/sam/drivers/udp/udp_device.o
 *fill*         0x20000da7        0x1 
 .bss.udd_ep_job
                0x20000da8       0x3c src/ASF/sam/drivers/udp/udp_device.o
 .bss.acqusition_in_progress
                0x20000de4        0x4 src/core.o
                0x20000de4                acqusition_in_progress
 .bss.data_bank
                0x20000de8        0x4 src/core.o
                0x20000de8                data_bank
 .bss.new_data  0x20000dec        0x4 src/core.o
                0x20000dec                new_data
 .bss.b_is_sleep_clock_used
                0x20000df0        0x1 src/ASF/sam/drivers/pmc/sleep.o
 *fill*         0x20000df1        0x3 
 .bss.heap.5297
                0x20000df4        0x4 src/ASF/sam/utils/syscalls/gcc/syscalls.o
 .bss.__malloc_current_mallinfo
                0x20000df8       0x28 c:/program files (x86)/atmel/studio/7.0/toolchain/arm/arm-gnu-toolchain/bin/../lib/gcc/arm-none-eabi/6.3.1/../../../../arm-none-eabi/lib/thumb/v7-m\libc.a(lib_a-mallocr.o)
                0x20000df8                __malloc_current_mallinfo
 .bss.__malloc_max_sbrked_mem
                0x20000e20        0x4 c:/program files (x86)/atmel/studio/7.0/toolchain/arm/arm-gnu-toolchain/bin/../lib/gcc/arm-none-eabi/6.3.1/../../../../arm-none-eabi/lib/thumb/v7-m\libc.a(lib_a-mallocr.o)
                0x20000e20                __malloc_max_sbrked_mem
 .bss.__malloc_max_total_mem
                0x20000e24        0x4 c:/program files (x86)/atmel/studio/7.0/toolchain/arm/arm-gnu-toolchain/bin/../lib/gcc/arm-none-eabi/6.3.1/../../../../arm-none-eabi/lib/thumb/v7-m\libc.a(lib_a-mallocr.o)
                0x20000e24                __malloc_max_total_mem
 .bss.__malloc_top_pad
                0x20000e28        0x4 c:/program files (x86)/atmel/studio/7.0/toolchain/arm/arm-gnu-toolchain/bin/../lib/gcc/arm-none-eabi/6.3.1/../../../../arm-none-eabi/lib/thumb/v7-m\libc.a(lib_a-mallocr.o)
                0x20000e28                __malloc_top_pad
 *(COMMON)
 COMMON         0x20000e2c        0x6 src/ASF/common/services/sleepmgr/sam/sleepmgr.o
                0x20000e2c                sleepmgr_locks
 *fill*         0x20000e32        0x2 
 COMMON         0x20000e34       0x18 src/ASF/sam/drivers/udp/udp_device.o
                0x20000e34                udd_g_ctrlreq
 COMMON         0x20000e4c       0x48 src/core.o
                0x20000e4c                adc_pdc2
                0x20000e54                raw_data_size
                0x20000e58                adc_raw_accumulator
                0x20000e68                adc_raw_data2
                0x20000e70                avg_cntr
                0x20000e74                adc_pdc1
                0x20000e7c                nb_enables_ch
                0x20000e80                adc_raw_data1
                0x20000e88                avg_cnt_reload
                0x20000e8c                adc_pdc_pntr
                0x20000e90                rep_cntr
 COMMON         0x20000e94        0x4 src/ASF/sam/drivers/pio/pio.o
                0x20000e94                pio_capture_enable_flag
 COMMON         0x20000e98       0x21 c:/program files (x86)/atmel/studio/7.0/toolchain/arm/arm-gnu-toolchain/bin/../lib/gcc/arm-none-eabi/6.3.1/../../../../arm-none-eabi/lib/thumb/v7-m\libc.a(lib_a-lock.o)
                0x20000e98                __lock___atexit_recursive_mutex
                0x20000e9c                __lock___arc4random_mutex
                0x20000ea0                __lock___env_recursive_mutex
                0x20000ea4                __lock___sinit_recursive_mutex
                0x20000ea8                __lock___malloc_recursive_mutex
                0x20000eac                __lock___at_quick_exit_mutex
                0x20000eb0                __lock___dd_hash_mutex
                0x20000eb4                __lock___tz_mutex
                0x20000eb8                __lock___sfp_recursive_mutex
 *fill*         0x20000eb9        0x3 
 COMMON         0x20000ebc        0x4 c:/program files (x86)/atmel/studio/7.0/toolchain/arm/arm-gnu-toolchain/bin/../lib/gcc/arm-none-eabi/6.3.1/../../../../arm-none-eabi/lib/thumb/v7-m\libc.a(lib_a-reent.o)
                0x20000ebc                errno
                0x20000ec0                . = ALIGN (0x4)
                0x20000ec0                _ebss = .
                0x20000ec0                _ezero = .

.stack          0x20000ec0     0x2000 load address 0x004091bc
                0x20000ec0                . = ALIGN (0x8)
                0x20000ec0                _sstack = .
                0x20002ec0                . = (. + __stack_size__)
 *fill*         0x20000ec0     0x2000 
                0x20002ec0                . = ALIGN (0x8)
                0x20002ec0                _estack = .
                0x20002ec0                . = ALIGN (0x4)
                0x20002ec0                _end = .
OUTPUT(Daq.elf elf32-littlearm)

.ARM.attributes
                0x00000000       0x29
 .ARM.attributes
                0x00000000       0x1d c:/program files (x86)/atmel/studio/7.0/toolchain/arm/arm-gnu-toolchain/bin/../lib/gcc/arm-none-eabi/6.3.1/thumb/v7-m/crti.o
 .ARM.attributes
                0x0000001d       0x2d c:/program files (x86)/atmel/studio/7.0/toolchain/arm/arm-gnu-toolchain/bin/../lib/gcc/arm-none-eabi/6.3.1/thumb/v7-m/crtbegin.o
 .ARM.attributes
                0x0000004a       0x33 src/ASF/common/services/sleepmgr/sam/sleepmgr.o
 .ARM.attributes
                0x0000007d       0x33 src/ASF/common/services/usb/class/cdc/device/udi_cdc.o
 .ARM.attributes
                0x000000b0       0x33 src/ASF/common/services/usb/udc/udc.o
 .ARM.attributes
                0x000000e3       0x33 src/ASF/sam/drivers/adc/adc.o
 .ARM.attributes
                0x00000116       0x33 src/ASF/sam/drivers/pio/pio_handler.o
 .ARM.attributes
                0x00000149       0x33 src/ASF/sam/drivers/udp/udp_device.o
 .ARM.attributes
                0x0000017c       0x33 src/ASF/sam/drivers/wdt/wdt.o
 .ARM.attributes
                0x000001af       0x33 src/comInterface.o
 .ARM.attributes
                0x000001e2       0x33 src/core.o
 .ARM.attributes
                0x00000215       0x33 src/parser.o
 .ARM.attributes
                0x00000248       0x33 src/ASF/common/services/usb/class/cdc/device/udi_cdc_desc.o
 .ARM.attributes
                0x0000027b       0x33 src/ASF/common/services/clock/sam3s/sysclk.o
 .ARM.attributes
                0x000002ae       0x33 src/ASF/sam/drivers/pdc/pdc.o
 .ARM.attributes
                0x000002e1       0x33 src/ASF/sam/drivers/pio/pio.o
 .ARM.attributes
                0x00000314       0x33 src/ASF/sam/drivers/pmc/pmc.o
 .ARM.attributes
                0x00000347       0x33 src/ASF/sam/drivers/tc/tc.o
 .ARM.attributes
                0x0000037a       0x33 src/ASF/sam/drivers/pmc/sleep.o
 .ARM.attributes
                0x000003ad       0x33 src/ASF/common/boards/user_board/init.o
 .ARM.attributes
                0x000003e0       0x33 src/ASF/common/utils/interrupt/interrupt_sam_nvic.o
 .ARM.attributes
                0x00000413       0x33 src/ASF/sam/utils/cmsis/sam3s/source/templates/exceptions.o
 .ARM.attributes
                0x00000446       0x33 src/ASF/sam/utils/cmsis/sam3s/source/templates/gcc/startup_sam3s.o
 .ARM.attributes
                0x00000479       0x33 src/ASF/sam/utils/cmsis/sam3s/source/templates/system_sam3s.o
 .ARM.attributes
                0x000004ac       0x33 src/ASF/sam/utils/syscalls/gcc/syscalls.o
 .ARM.attributes
                0x000004df       0x33 src/main.o
 .ARM.attributes
                0x00000512       0x2d c:/program files (x86)/atmel/studio/7.0/toolchain/arm/arm-gnu-toolchain/bin/../lib/gcc/arm-none-eabi/6.3.1/../../../../arm-none-eabi/lib/thumb/v7-m\libc.a(lib_a-atoi.o)
 .ARM.attributes
                0x0000053f       0x2d c:/program files (x86)/atmel/studio/7.0/toolchain/arm/arm-gnu-toolchain/bin/../lib/gcc/arm-none-eabi/6.3.1/../../../../arm-none-eabi/lib/thumb/v7-m\libc.a(lib_a-impure.o)
 .ARM.attributes
                0x0000056c       0x2d c:/program files (x86)/atmel/studio/7.0/toolchain/arm/arm-gnu-toolchain/bin/../lib/gcc/arm-none-eabi/6.3.1/../../../../arm-none-eabi/lib/thumb/v7-m\libc.a(lib_a-init.o)
 .ARM.attributes
                0x00000599       0x1b c:/program files (x86)/atmel/studio/7.0/toolchain/arm/arm-gnu-toolchain/bin/../lib/gcc/arm-none-eabi/6.3.1/../../../../arm-none-eabi/lib/thumb/v7-m\libc.a(lib_a-memcpy.o)
 .ARM.attributes
                0x000005b4       0x2d c:/program files (x86)/atmel/studio/7.0/toolchain/arm/arm-gnu-toolchain/bin/../lib/gcc/arm-none-eabi/6.3.1/../../../../arm-none-eabi/lib/thumb/v7-m\libc.a(lib_a-memset.o)
 .ARM.attributes
                0x000005e1       0x2d c:/program files (x86)/atmel/studio/7.0/toolchain/arm/arm-gnu-toolchain/bin/../lib/gcc/arm-none-eabi/6.3.1/../../../../arm-none-eabi/lib/thumb/v7-m\libc.a(lib_a-sprintf.o)
 .ARM.attributes
                0x0000060e       0x2d c:/program files (x86)/atmel/studio/7.0/toolchain/arm/arm-gnu-toolchain/bin/../lib/gcc/arm-none-eabi/6.3.1/../../../../arm-none-eabi/lib/thumb/v7-m\libc.a(lib_a-strlen-stub.o)
 .ARM.attributes
                0x0000063b       0x2d c:/program files (x86)/atmel/studio/7.0/toolchain/arm/arm-gnu-toolchain/bin/../lib/gcc/arm-none-eabi/6.3.1/../../../../arm-none-eabi/lib/thumb/v7-m\libc.a(lib_a-strtol.o)
 .ARM.attributes
                0x00000668       0x2d c:/program files (x86)/atmel/studio/7.0/toolchain/arm/arm-gnu-toolchain/bin/../lib/gcc/arm-none-eabi/6.3.1/../../../../arm-none-eabi/lib/thumb/v7-m\libc.a(lib_a-svfprintf.o)
 .ARM.attributes
                0x00000695       0x2d c:/program files (x86)/atmel/studio/7.0/toolchain/arm/arm-gnu-toolchain/bin/../lib/gcc/arm-none-eabi/6.3.1/../../../../arm-none-eabi/lib/thumb/v7-m\libc.a(lib_a-__call_atexit.o)
 .ARM.attributes
                0x000006c2       0x2d c:/program files (x86)/atmel/studio/7.0/toolchain/arm/arm-gnu-toolchain/bin/../lib/gcc/arm-none-eabi/6.3.1/../../../../arm-none-eabi/lib/thumb/v7-m\libc.a(lib_a-atexit.o)
 .ARM.attributes
                0x000006ef       0x2d c:/program files (x86)/atmel/studio/7.0/toolchain/arm/arm-gnu-toolchain/bin/../lib/gcc/arm-none-eabi/6.3.1/../../../../arm-none-eabi/lib/thumb/v7-m\libc.a(lib_a-dtoa.o)
 .ARM.attributes
                0x0000071c       0x2d c:/program files (x86)/atmel/studio/7.0/toolchain/arm/arm-gnu-toolchain/bin/../lib/gcc/arm-none-eabi/6.3.1/../../../../arm-none-eabi/lib/thumb/v7-m\libc.a(lib_a-fini.o)
 .ARM.attributes
                0x00000749       0x2d c:/program files (x86)/atmel/studio/7.0/toolchain/arm/arm-gnu-toolchain/bin/../lib/gcc/arm-none-eabi/6.3.1/../../../../arm-none-eabi/lib/thumb/v7-m\libc.a(lib_a-freer.o)
 .ARM.attributes
                0x00000776       0x2d c:/program files (x86)/atmel/studio/7.0/toolchain/arm/arm-gnu-toolchain/bin/../lib/gcc/arm-none-eabi/6.3.1/../../../../arm-none-eabi/lib/thumb/v7-m\libc.a(lib_a-locale.o)
 .ARM.attributes
                0x000007a3       0x2d c:/program files (x86)/atmel/studio/7.0/toolchain/arm/arm-gnu-toolchain/bin/../lib/gcc/arm-none-eabi/6.3.1/../../../../arm-none-eabi/lib/thumb/v7-m\libc.a(lib_a-localeconv.o)
 .ARM.attributes
                0x000007d0       0x2d c:/program files (x86)/atmel/studio/7.0/toolchain/arm/arm-gnu-toolchain/bin/../lib/gcc/arm-none-eabi/6.3.1/../../../../arm-none-eabi/lib/thumb/v7-m\libc.a(lib_a-lock.o)
 .ARM.attributes
                0x000007fd       0x2d c:/program files (x86)/atmel/studio/7.0/toolchain/arm/arm-gnu-toolchain/bin/../lib/gcc/arm-none-eabi/6.3.1/../../../../arm-none-eabi/lib/thumb/v7-m\libc.a(lib_a-mallocr.o)
 .ARM.attributes
                0x0000082a       0x2d c:/program files (x86)/atmel/studio/7.0/toolchain/arm/arm-gnu-toolchain/bin/../lib/gcc/arm-none-eabi/6.3.1/../../../../arm-none-eabi/lib/thumb/v7-m\libc.a(lib_a-mbtowc_r.o)
 .ARM.attributes
                0x00000857       0x2d c:/program files (x86)/atmel/studio/7.0/toolchain/arm/arm-gnu-toolchain/bin/../lib/gcc/arm-none-eabi/6.3.1/../../../../arm-none-eabi/lib/thumb/v7-m\libc.a(lib_a-memchr-stub.o)
 .ARM.attributes
                0x00000884       0x2d c:/program files (x86)/atmel/studio/7.0/toolchain/arm/arm-gnu-toolchain/bin/../lib/gcc/arm-none-eabi/6.3.1/../../../../arm-none-eabi/lib/thumb/v7-m\libc.a(lib_a-memmove.o)
 .ARM.attributes
                0x000008b1       0x2d c:/program files (x86)/atmel/studio/7.0/toolchain/arm/arm-gnu-toolchain/bin/../lib/gcc/arm-none-eabi/6.3.1/../../../../arm-none-eabi/lib/thumb/v7-m\libc.a(lib_a-mlock.o)
 .ARM.attributes
                0x000008de       0x2d c:/program files (x86)/atmel/studio/7.0/toolchain/arm/arm-gnu-toolchain/bin/../lib/gcc/arm-none-eabi/6.3.1/../../../../arm-none-eabi/lib/thumb/v7-m\libc.a(lib_a-mprec.o)
 .ARM.attributes
                0x0000090b       0x2d c:/program files (x86)/atmel/studio/7.0/toolchain/arm/arm-gnu-toolchain/bin/../lib/gcc/arm-none-eabi/6.3.1/../../../../arm-none-eabi/lib/thumb/v7-m\libc.a(lib_a-reallocr.o)
 .ARM.attributes
                0x00000938       0x2d c:/program files (x86)/atmel/studio/7.0/toolchain/arm/arm-gnu-toolchain/bin/../lib/gcc/arm-none-eabi/6.3.1/../../../../arm-none-eabi/lib/thumb/v7-m\libc.a(lib_a-sbrkr.o)
 .ARM.attributes
                0x00000965       0x2d c:/program files (x86)/atmel/studio/7.0/toolchain/arm/arm-gnu-toolchain/bin/../lib/gcc/arm-none-eabi/6.3.1/../../../../arm-none-eabi/lib/thumb/v7-m\libc.a(lib_a-svfiprintf.o)
 .ARM.attributes
                0x00000992       0x2d c:/program files (x86)/atmel/studio/7.0/toolchain/arm/arm-gnu-toolchain/bin/../lib/gcc/arm-none-eabi/6.3.1/../../../../arm-none-eabi/lib/thumb/v7-m\libc.a(lib_a-wctomb_r.o)
 .ARM.attributes
                0x000009bf       0x2d c:/program files (x86)/atmel/studio/7.0/toolchain/arm/arm-gnu-toolchain/bin/../lib/gcc/arm-none-eabi/6.3.1/../../../../arm-none-eabi/lib/thumb/v7-m\libc.a(lib_a-__atexit.o)
 .ARM.attributes
                0x000009ec       0x2d c:/program files (x86)/atmel/studio/7.0/toolchain/arm/arm-gnu-toolchain/bin/../lib/gcc/arm-none-eabi/6.3.1/../../../../arm-none-eabi/lib/thumb/v7-m\libc.a(lib_a-callocr.o)
 .ARM.attributes
                0x00000a19       0x2d c:/program files (x86)/atmel/studio/7.0/toolchain/arm/arm-gnu-toolchain/bin/../lib/gcc/arm-none-eabi/6.3.1/../../../../arm-none-eabi/lib/thumb/v7-m\libc.a(lib_a-ctype_.o)
 .ARM.attributes
                0x00000a46       0x2d c:/program files (x86)/atmel/studio/7.0/toolchain/arm/arm-gnu-toolchain/bin/../lib/gcc/arm-none-eabi/6.3.1/../../../../arm-none-eabi/lib/thumb/v7-m\libc.a(lib_a-reent.o)
 .ARM.attributes
                0x00000a73       0x1d c:/program files (x86)/atmel/studio/7.0/toolchain/arm/arm-gnu-toolchain/bin/../lib/gcc/arm-none-eabi/6.3.1/thumb/v7-m\libgcc.a(_arm_addsubdf3.o)
 .ARM.attributes
                0x00000a90       0x1d c:/program files (x86)/atmel/studio/7.0/toolchain/arm/arm-gnu-toolchain/bin/../lib/gcc/arm-none-eabi/6.3.1/thumb/v7-m\libgcc.a(_arm_muldivdf3.o)
 .ARM.attributes
                0x00000aad       0x1d c:/program files (x86)/atmel/studio/7.0/toolchain/arm/arm-gnu-toolchain/bin/../lib/gcc/arm-none-eabi/6.3.1/thumb/v7-m\libgcc.a(_arm_cmpdf2.o)
 .ARM.attributes
                0x00000aca       0x1d c:/program files (x86)/atmel/studio/7.0/toolchain/arm/arm-gnu-toolchain/bin/../lib/gcc/arm-none-eabi/6.3.1/thumb/v7-m\libgcc.a(_arm_unorddf2.o)
 .ARM.attributes
                0x00000ae7       0x1d c:/program files (x86)/atmel/studio/7.0/toolchain/arm/arm-gnu-toolchain/bin/../lib/gcc/arm-none-eabi/6.3.1/thumb/v7-m\libgcc.a(_arm_fixdfsi.o)
 .ARM.attributes
                0x00000b04       0x1d c:/program files (x86)/atmel/studio/7.0/toolchain/arm/arm-gnu-toolchain/bin/../lib/gcc/arm-none-eabi/6.3.1/thumb/v7-m\libgcc.a(_aeabi_uldivmod.o)
 .ARM.attributes
                0x00000b21       0x2d c:/program files (x86)/atmel/studio/7.0/toolchain/arm/arm-gnu-toolchain/bin/../lib/gcc/arm-none-eabi/6.3.1/thumb/v7-m\libgcc.a(_udivmoddi4.o)
 .ARM.attributes
                0x00000b4e       0x1d c:/program files (x86)/atmel/studio/7.0/toolchain/arm/arm-gnu-toolchain/bin/../lib/gcc/arm-none-eabi/6.3.1/thumb/v7-m\libgcc.a(_dvmd_tls.o)
 .ARM.attributes
                0x00000b6b       0x1d c:/program files (x86)/atmel/studio/7.0/toolchain/arm/arm-gnu-toolchain/bin/../lib/gcc/arm-none-eabi/6.3.1/thumb/v7-m/crtn.o

.comment        0x00000000       0x59
 .comment       0x00000000       0x59 src/ASF/common/services/sleepmgr/sam/sleepmgr.o
                                 0x5a (size before relaxing)
 .comment       0x00000059       0x5a src/ASF/common/services/usb/class/cdc/device/udi_cdc.o
 .comment       0x00000059       0x5a src/ASF/common/services/usb/udc/udc.o
 .comment       0x00000059       0x5a src/ASF/sam/drivers/adc/adc.o
 .comment       0x00000059       0x5a src/ASF/sam/drivers/pio/pio_handler.o
 .comment       0x00000059       0x5a src/ASF/sam/drivers/udp/udp_device.o
 .comment       0x00000059       0x5a src/ASF/sam/drivers/wdt/wdt.o
 .comment       0x00000059       0x5a src/comInterface.o
 .comment       0x00000059       0x5a src/core.o
 .comment       0x00000059       0x5a src/parser.o
 .comment       0x00000059       0x5a src/ASF/common/services/usb/class/cdc/device/udi_cdc_desc.o
 .comment       0x00000059       0x5a src/ASF/common/services/clock/sam3s/sysclk.o
 .comment       0x00000059       0x5a src/ASF/sam/drivers/pdc/pdc.o
 .comment       0x00000059       0x5a src/ASF/sam/drivers/pio/pio.o
 .comment       0x00000059       0x5a src/ASF/sam/drivers/pmc/pmc.o
 .comment       0x00000059       0x5a src/ASF/sam/drivers/tc/tc.o
 .comment       0x00000059       0x5a src/ASF/sam/drivers/pmc/sleep.o
 .comment       0x00000059       0x5a src/ASF/common/boards/user_board/init.o
 .comment       0x00000059       0x5a src/ASF/common/utils/interrupt/interrupt_sam_nvic.o
 .comment       0x00000059       0x5a src/ASF/sam/utils/cmsis/sam3s/source/templates/exceptions.o
 .comment       0x00000059       0x5a src/ASF/sam/utils/cmsis/sam3s/source/templates/gcc/startup_sam3s.o
 .comment       0x00000059       0x5a src/ASF/sam/utils/cmsis/sam3s/source/templates/system_sam3s.o
 .comment       0x00000059       0x5a src/ASF/sam/utils/syscalls/gcc/syscalls.o
 .comment       0x00000059       0x5a src/main.o

.debug_info     0x00000000    0x205c5
 .debug_info    0x00000000      0xa8e src/ASF/common/services/sleepmgr/sam/sleepmgr.o
 .debug_info    0x00000a8e     0x2917 src/ASF/common/services/usb/class/cdc/device/udi_cdc.o
 .debug_info    0x000033a5     0x1a11 src/ASF/common/services/usb/udc/udc.o
 .debug_info    0x00004db6     0x1af7 src/ASF/sam/drivers/adc/adc.o
 .debug_info    0x000068ad     0x18d6 src/ASF/sam/drivers/pio/pio_handler.o
 .debug_info    0x00008183     0x35e8 src/ASF/sam/drivers/udp/udp_device.o
 .debug_info    0x0000b76b      0xc0b src/ASF/sam/drivers/wdt/wdt.o
 .debug_info    0x0000c376     0x1091 src/comInterface.o
 .debug_info    0x0000d407     0x2751 src/core.o
 .debug_info    0x0000fb58     0x1717 src/parser.o
 .debug_info    0x0001126f     0x124c src/ASF/common/services/usb/class/cdc/device/udi_cdc_desc.o
 .debug_info    0x000124bb     0x12e8 src/ASF/common/services/clock/sam3s/sysclk.o
 .debug_info    0x000137a3      0xde2 src/ASF/sam/drivers/pdc/pdc.o
 .debug_info    0x00014585     0x223e src/ASF/sam/drivers/pio/pio.o
 .debug_info    0x000167c3     0x1a3f src/ASF/sam/drivers/pmc/pmc.o
 .debug_info    0x00018202     0x1260 src/ASF/sam/drivers/tc/tc.o
 .debug_info    0x00019462     0x1344 src/ASF/sam/drivers/pmc/sleep.o
 .debug_info    0x0001a7a6      0xe4a src/ASF/common/boards/user_board/init.o
 .debug_info    0x0001b5f0      0xb01 src/ASF/common/utils/interrupt/interrupt_sam_nvic.o
 .debug_info    0x0001c0f1      0xa39 src/ASF/sam/utils/cmsis/sam3s/source/templates/exceptions.o
 .debug_info    0x0001cb2a      0xd1b src/ASF/sam/utils/cmsis/sam3s/source/templates/gcc/startup_sam3s.o
 .debug_info    0x0001d845      0xdd6 src/ASF/sam/utils/cmsis/sam3s/source/templates/system_sam3s.o
 .debug_info    0x0001e61b      0xdb0 src/ASF/sam/utils/syscalls/gcc/syscalls.o
 .debug_info    0x0001f3cb     0x11fa src/main.o

.debug_abbrev   0x00000000     0x4363
 .debug_abbrev  0x00000000      0x1b2 src/ASF/common/services/sleepmgr/sam/sleepmgr.o
 .debug_abbrev  0x000001b2      0x4a5 src/ASF/common/services/usb/class/cdc/device/udi_cdc.o
 .debug_abbrev  0x00000657      0x41d src/ASF/common/services/usb/udc/udc.o
 .debug_abbrev  0x00000a74      0x337 src/ASF/sam/drivers/adc/adc.o
 .debug_abbrev  0x00000dab      0x368 src/ASF/sam/drivers/pio/pio_handler.o
 .debug_abbrev  0x00001113      0x5f4 src/ASF/sam/drivers/udp/udp_device.o
 .debug_abbrev  0x00001707      0x230 src/ASF/sam/drivers/wdt/wdt.o
 .debug_abbrev  0x00001937      0x254 src/comInterface.o
 .debug_abbrev  0x00001b8b      0x35c src/core.o
 .debug_abbrev  0x00001ee7      0x2a1 src/parser.o
 .debug_abbrev  0x00002188      0x1d8 src/ASF/common/services/usb/class/cdc/device/udi_cdc_desc.o
 .debug_abbrev  0x00002360      0x333 src/ASF/common/services/clock/sam3s/sysclk.o
 .debug_abbrev  0x00002693      0x230 src/ASF/sam/drivers/pdc/pdc.o
 .debug_abbrev  0x000028c3      0x3ff src/ASF/sam/drivers/pio/pio.o
 .debug_abbrev  0x00002cc2      0x306 src/ASF/sam/drivers/pmc/pmc.o
 .debug_abbrev  0x00002fc8      0x293 src/ASF/sam/drivers/tc/tc.o
 .debug_abbrev  0x0000325b      0x305 src/ASF/sam/drivers/pmc/sleep.o
 .debug_abbrev  0x00003560      0x1b2 src/ASF/common/boards/user_board/init.o
 .debug_abbrev  0x00003712      0x212 src/ASF/common/utils/interrupt/interrupt_sam_nvic.o
 .debug_abbrev  0x00003924      0x1a4 src/ASF/sam/utils/cmsis/sam3s/source/templates/exceptions.o
 .debug_abbrev  0x00003ac8      0x1f2 src/ASF/sam/utils/cmsis/sam3s/source/templates/gcc/startup_sam3s.o
 .debug_abbrev  0x00003cba      0x1f4 src/ASF/sam/utils/cmsis/sam3s/source/templates/system_sam3s.o
 .debug_abbrev  0x00003eae      0x264 src/ASF/sam/utils/syscalls/gcc/syscalls.o
 .debug_abbrev  0x00004112      0x251 src/main.o

.debug_aranges  0x00000000      0xd08
 .debug_aranges
                0x00000000       0x18 src/ASF/common/services/sleepmgr/sam/sleepmgr.o
 .debug_aranges
                0x00000018      0x170 src/ASF/common/services/usb/class/cdc/device/udi_cdc.o
 .debug_aranges
                0x00000188       0x70 src/ASF/common/services/usb/udc/udc.o
 .debug_aranges
                0x000001f8      0x178 src/ASF/sam/drivers/adc/adc.o
 .debug_aranges
                0x00000370       0x50 src/ASF/sam/drivers/pio/pio_handler.o
 .debug_aranges
                0x000003c0      0x108 src/ASF/sam/drivers/udp/udp_device.o
 .debug_aranges
                0x000004c8       0x48 src/ASF/sam/drivers/wdt/wdt.o
 .debug_aranges
                0x00000510       0x48 src/comInterface.o
 .debug_aranges
                0x00000558       0x88 src/core.o
 .debug_aranges
                0x000005e0       0x68 src/parser.o
 .debug_aranges
                0x00000648       0x18 src/ASF/common/services/usb/class/cdc/device/udi_cdc_desc.o
 .debug_aranges
                0x00000660       0x40 src/ASF/common/services/clock/sam3s/sysclk.o
 .debug_aranges
                0x000006a0       0x88 src/ASF/sam/drivers/pdc/pdc.o
 .debug_aranges
                0x00000728      0x1a8 src/ASF/sam/drivers/pio/pio.o
 .debug_aranges
                0x000008d0      0x200 src/ASF/sam/drivers/pmc/pmc.o
 .debug_aranges
                0x00000ad0       0xd0 src/ASF/sam/drivers/tc/tc.o
 .debug_aranges
                0x00000ba0       0x30 src/ASF/sam/drivers/pmc/sleep.o
 .debug_aranges
                0x00000bd0       0x20 src/ASF/common/boards/user_board/init.o
 .debug_aranges
                0x00000bf0       0x28 src/ASF/common/utils/interrupt/interrupt_sam_nvic.o
 .debug_aranges
                0x00000c18       0x20 src/ASF/sam/utils/cmsis/sam3s/source/templates/exceptions.o
 .debug_aranges
                0x00000c38       0x20 src/ASF/sam/utils/cmsis/sam3s/source/templates/gcc/startup_sam3s.o
 .debug_aranges
                0x00000c58       0x30 src/ASF/sam/utils/cmsis/sam3s/source/templates/system_sam3s.o
 .debug_aranges
                0x00000c88       0x60 src/ASF/sam/utils/syscalls/gcc/syscalls.o
 .debug_aranges
                0x00000ce8       0x20 src/main.o

.debug_macro    0x00000000    0x173c0
 .debug_macro   0x00000000      0x4f4 src/ASF/common/services/sleepmgr/sam/sleepmgr.o
 .debug_macro   0x000004f4      0x8ce src/ASF/common/services/sleepmgr/sam/sleepmgr.o
 .debug_macro   0x00000dc2      0x16d src/ASF/common/services/sleepmgr/sam/sleepmgr.o
 .debug_macro   0x00000f2f      0x64b src/ASF/common/services/sleepmgr/sam/sleepmgr.o
 .debug_macro   0x0000157a       0x76 src/ASF/common/services/sleepmgr/sam/sleepmgr.o
 .debug_macro   0x000015f0       0x16 src/ASF/common/services/sleepmgr/sam/sleepmgr.o
 .debug_macro   0x00001606      0x6e4 src/ASF/common/services/sleepmgr/sam/sleepmgr.o
 .debug_macro   0x00001cea       0x22 src/ASF/common/services/sleepmgr/sam/sleepmgr.o
 .debug_macro   0x00001d0c       0x87 src/ASF/common/services/sleepmgr/sam/sleepmgr.o
 .debug_macro   0x00001d93       0x51 src/ASF/common/services/sleepmgr/sam/sleepmgr.o
 .debug_macro   0x00001de4       0xef src/ASF/common/services/sleepmgr/sam/sleepmgr.o
 .debug_macro   0x00001ed3       0x6a src/ASF/common/services/sleepmgr/sam/sleepmgr.o
 .debug_macro   0x00001f3d      0x1df src/ASF/common/services/sleepmgr/sam/sleepmgr.o
 .debug_macro   0x0000211c       0x20 src/ASF/common/services/sleepmgr/sam/sleepmgr.o
 .debug_macro   0x0000213c       0x3a src/ASF/common/services/sleepmgr/sam/sleepmgr.o
 .debug_macro   0x00002176       0x2d src/ASF/common/services/sleepmgr/sam/sleepmgr.o
 .debug_macro   0x000021a3      0xbb1 src/ASF/common/services/sleepmgr/sam/sleepmgr.o
 .debug_macro   0x00002d54      0x159 src/ASF/common/services/sleepmgr/sam/sleepmgr.o
 .debug_macro   0x00002ead      0xaa1 src/ASF/common/services/sleepmgr/sam/sleepmgr.o
 .debug_macro   0x0000394e      0x2b5 src/ASF/common/services/sleepmgr/sam/sleepmgr.o
 .debug_macro   0x00003c03       0xac src/ASF/common/services/sleepmgr/sam/sleepmgr.o
 .debug_macro   0x00003caf      0x31a src/ASF/common/services/sleepmgr/sam/sleepmgr.o
 .debug_macro   0x00003fc9       0x82 src/ASF/common/services/sleepmgr/sam/sleepmgr.o
 .debug_macro   0x0000404b       0x1c src/ASF/common/services/sleepmgr/sam/sleepmgr.o
 .debug_macro   0x00004067      0x769 src/ASF/common/services/sleepmgr/sam/sleepmgr.o
 .debug_macro   0x000047d0      0x2d2 src/ASF/common/services/sleepmgr/sam/sleepmgr.o
 .debug_macro   0x00004aa2       0xbe src/ASF/common/services/sleepmgr/sam/sleepmgr.o
 .debug_macro   0x00004b60     0x280b src/ASF/common/services/sleepmgr/sam/sleepmgr.o
 .debug_macro   0x0000736b      0x793 src/ASF/common/services/sleepmgr/sam/sleepmgr.o
 .debug_macro   0x00007afe      0xa80 src/ASF/common/services/sleepmgr/sam/sleepmgr.o
 .debug_macro   0x0000857e       0x7c src/ASF/common/services/sleepmgr/sam/sleepmgr.o
 .debug_macro   0x000085fa      0x245 src/ASF/common/services/sleepmgr/sam/sleepmgr.o
 .debug_macro   0x0000883f       0x58 src/ASF/common/services/sleepmgr/sam/sleepmgr.o
 .debug_macro   0x00008897      0x394 src/ASF/common/services/sleepmgr/sam/sleepmgr.o
 .debug_macro   0x00008c2b      0x62b src/ASF/common/services/sleepmgr/sam/sleepmgr.o
 .debug_macro   0x00009256      0x64a src/ASF/common/services/sleepmgr/sam/sleepmgr.o
 .debug_macro   0x000098a0      0x59f src/ASF/common/services/sleepmgr/sam/sleepmgr.o
 .debug_macro   0x00009e3f      0x34d src/ASF/common/services/sleepmgr/sam/sleepmgr.o
 .debug_macro   0x0000a18c      0x28c src/ASF/common/services/sleepmgr/sam/sleepmgr.o
 .debug_macro   0x0000a418      0x2d6 src/ASF/common/services/sleepmgr/sam/sleepmgr.o
 .debug_macro   0x0000a6ee      0x6d2 src/ASF/common/services/sleepmgr/sam/sleepmgr.o
 .debug_macro   0x0000adc0       0x76 src/ASF/common/services/sleepmgr/sam/sleepmgr.o
 .debug_macro   0x0000ae36       0xb8 src/ASF/common/services/sleepmgr/sam/sleepmgr.o
 .debug_macro   0x0000aeee       0xb2 src/ASF/common/services/sleepmgr/sam/sleepmgr.o
 .debug_macro   0x0000afa0       0x88 src/ASF/common/services/sleepmgr/sam/sleepmgr.o
 .debug_macro   0x0000b028      0x105 src/ASF/common/services/sleepmgr/sam/sleepmgr.o
 .debug_macro   0x0000b12d       0x88 src/ASF/common/services/sleepmgr/sam/sleepmgr.o
 .debug_macro   0x0000b1b5       0x88 src/ASF/common/services/sleepmgr/sam/sleepmgr.o
 .debug_macro   0x0000b23d      0x2cd src/ASF/common/services/sleepmgr/sam/sleepmgr.o
 .debug_macro   0x0000b50a       0xb2 src/ASF/common/services/sleepmgr/sam/sleepmgr.o
 .debug_macro   0x0000b5bc       0xb2 src/ASF/common/services/sleepmgr/sam/sleepmgr.o
 .debug_macro   0x0000b66e       0x52 src/ASF/common/services/sleepmgr/sam/sleepmgr.o
 .debug_macro   0x0000b6c0       0xac src/ASF/common/services/sleepmgr/sam/sleepmgr.o
 .debug_macro   0x0000b76c       0x7c src/ASF/common/services/sleepmgr/sam/sleepmgr.o
 .debug_macro   0x0000b7e8       0x40 src/ASF/common/services/sleepmgr/sam/sleepmgr.o
 .debug_macro   0x0000b828       0x64 src/ASF/common/services/sleepmgr/sam/sleepmgr.o
 .debug_macro   0x0000b88c       0x4c src/ASF/common/services/sleepmgr/sam/sleepmgr.o
 .debug_macro   0x0000b8d8       0xa6 src/ASF/common/services/sleepmgr/sam/sleepmgr.o
 .debug_macro   0x0000b97e       0x7c src/ASF/common/services/sleepmgr/sam/sleepmgr.o
 .debug_macro   0x0000b9fa       0x16 src/ASF/common/services/sleepmgr/sam/sleepmgr.o
 .debug_macro   0x0000ba10       0x7c src/ASF/common/services/sleepmgr/sam/sleepmgr.o
 .debug_macro   0x0000ba8c       0x22 src/ASF/common/services/sleepmgr/sam/sleepmgr.o
 .debug_macro   0x0000baae      0x195 src/ASF/common/services/sleepmgr/sam/sleepmgr.o
 .debug_macro   0x0000bc43      0x165 src/ASF/common/services/sleepmgr/sam/sleepmgr.o
 .debug_macro   0x0000bda8       0x1c src/ASF/common/services/sleepmgr/sam/sleepmgr.o
 .debug_macro   0x0000bdc4       0x2e src/ASF/common/services/sleepmgr/sam/sleepmgr.o
 .debug_macro   0x0000bdf2       0x22 src/ASF/common/services/sleepmgr/sam/sleepmgr.o
 .debug_macro   0x0000be14       0x1c src/ASF/common/services/sleepmgr/sam/sleepmgr.o
 .debug_macro   0x0000be30       0x52 src/ASF/common/services/sleepmgr/sam/sleepmgr.o
 .debug_macro   0x0000be82       0x10 src/ASF/common/services/sleepmgr/sam/sleepmgr.o
 .debug_macro   0x0000be92      0x1e0 src/ASF/common/services/sleepmgr/sam/sleepmgr.o
 .debug_macro   0x0000c072      0x5f3 src/ASF/common/services/sleepmgr/sam/sleepmgr.o
 .debug_macro   0x0000c665       0xc1 src/ASF/common/services/sleepmgr/sam/sleepmgr.o
 .debug_macro   0x0000c726       0x58 src/ASF/common/services/sleepmgr/sam/sleepmgr.o
 .debug_macro   0x0000c77e       0x35 src/ASF/common/services/sleepmgr/sam/sleepmgr.o
 .debug_macro   0x0000c7b3       0x9c src/ASF/common/services/sleepmgr/sam/sleepmgr.o
 .debug_macro   0x0000c84f       0x16 src/ASF/common/services/sleepmgr/sam/sleepmgr.o
 .debug_macro   0x0000c865       0x35 src/ASF/common/services/sleepmgr/sam/sleepmgr.o
 .debug_macro   0x0000c89a      0x353 src/ASF/common/services/sleepmgr/sam/sleepmgr.o
 .debug_macro   0x0000cbed       0x10 src/ASF/common/services/sleepmgr/sam/sleepmgr.o
 .debug_macro   0x0000cbfd       0x58 src/ASF/common/services/sleepmgr/sam/sleepmgr.o
 .debug_macro   0x0000cc55       0x1f src/ASF/common/services/sleepmgr/sam/sleepmgr.o
 .debug_macro   0x0000cc74       0x43 src/ASF/common/services/sleepmgr/sam/sleepmgr.o
 .debug_macro   0x0000ccb7       0x20 src/ASF/common/services/sleepmgr/sam/sleepmgr.o
 .debug_macro   0x0000ccd7      0x187 src/ASF/common/services/sleepmgr/sam/sleepmgr.o
 .debug_macro   0x0000ce5e       0x10 src/ASF/common/services/sleepmgr/sam/sleepmgr.o
 .debug_macro   0x0000ce6e       0x1c src/ASF/common/services/sleepmgr/sam/sleepmgr.o
 .debug_macro   0x0000ce8a       0x52 src/ASF/common/services/sleepmgr/sam/sleepmgr.o
 .debug_macro   0x0000cedc       0x40 src/ASF/common/services/sleepmgr/sam/sleepmgr.o
 .debug_macro   0x0000cf1c       0x10 src/ASF/common/services/sleepmgr/sam/sleepmgr.o
 .debug_macro   0x0000cf2c       0x40 src/ASF/common/services/sleepmgr/sam/sleepmgr.o
 .debug_macro   0x0000cf6c       0xd7 src/ASF/common/services/sleepmgr/sam/sleepmgr.o
 .debug_macro   0x0000d043       0x16 src/ASF/common/services/sleepmgr/sam/sleepmgr.o
 .debug_macro   0x0000d059      0x18b src/ASF/common/services/sleepmgr/sam/sleepmgr.o
 .debug_macro   0x0000d1e4       0x22 src/ASF/common/services/sleepmgr/sam/sleepmgr.o
 .debug_macro   0x0000d206       0x16 src/ASF/common/services/sleepmgr/sam/sleepmgr.o
 .debug_macro   0x0000d21c       0x16 src/ASF/common/services/sleepmgr/sam/sleepmgr.o
 .debug_macro   0x0000d232       0x29 src/ASF/common/services/sleepmgr/sam/sleepmgr.o
 .debug_macro   0x0000d25b       0x75 src/ASF/common/services/sleepmgr/sam/sleepmgr.o
 .debug_macro   0x0000d2d0       0x45 src/ASF/common/services/sleepmgr/sam/sleepmgr.o
 .debug_macro   0x0000d315      0x3ca src/ASF/common/services/sleepmgr/sam/sleepmgr.o
 .debug_macro   0x0000d6df       0x10 src/ASF/common/services/sleepmgr/sam/sleepmgr.o
 .debug_macro   0x0000d6ef       0x34 src/ASF/common/services/sleepmgr/sam/sleepmgr.o
 .debug_macro   0x0000d723      0x603 src/ASF/common/services/usb/class/cdc/device/udi_cdc.o
 .debug_macro   0x0000dd26       0x81 src/ASF/common/services/usb/class/cdc/device/udi_cdc.o
 .debug_macro   0x0000dda7      0x228 src/ASF/common/services/usb/class/cdc/device/udi_cdc.o
 .debug_macro   0x0000dfcf       0x9c src/ASF/common/services/usb/class/cdc/device/udi_cdc.o
 .debug_macro   0x0000e06b      0x24b src/ASF/common/services/usb/class/cdc/device/udi_cdc.o
 .debug_macro   0x0000e2b6      0x162 src/ASF/common/services/usb/class/cdc/device/udi_cdc.o
 .debug_macro   0x0000e418       0x16 src/ASF/common/services/usb/class/cdc/device/udi_cdc.o
 .debug_macro   0x0000e42e       0x1c src/ASF/common/services/usb/class/cdc/device/udi_cdc.o
 .debug_macro   0x0000e44a      0x192 src/ASF/common/services/usb/class/cdc/device/udi_cdc.o
 .debug_macro   0x0000e5dc       0x16 src/ASF/common/services/usb/class/cdc/device/udi_cdc.o
 .debug_macro   0x0000e5f2      0x557 src/ASF/common/services/usb/udc/udc.o
 .debug_macro   0x0000eb49      0x4ee src/ASF/sam/drivers/adc/adc.o
 .debug_macro   0x0000f037       0x1c src/ASF/sam/drivers/adc/adc.o
 .debug_macro   0x0000f053      0x4ed src/ASF/sam/drivers/pio/pio_handler.o
 .debug_macro   0x0000f540       0x8e src/ASF/sam/drivers/pio/pio_handler.o
 .debug_macro   0x0000f5ce      0x65d src/ASF/sam/drivers/udp/udp_device.o
 .debug_macro   0x0000fc2b       0x46 src/ASF/sam/drivers/udp/udp_device.o
 .debug_macro   0x0000fc71      0x2c6 src/ASF/sam/drivers/udp/udp_device.o
 .debug_macro   0x0000ff37       0x5e src/ASF/sam/drivers/udp/udp_device.o
 .debug_macro   0x0000ff95       0x82 src/ASF/sam/drivers/udp/udp_device.o
 .debug_macro   0x00010017       0x46 src/ASF/sam/drivers/udp/udp_device.o
 .debug_macro   0x0001005d       0x90 src/ASF/sam/drivers/udp/udp_device.o
 .debug_macro   0x000100ed       0x88 src/ASF/sam/drivers/udp/udp_device.o
 .debug_macro   0x00010175       0x94 src/ASF/sam/drivers/udp/udp_device.o
 .debug_macro   0x00010209      0x3f3 src/ASF/sam/drivers/udp/udp_device.o
 .debug_macro   0x000105fc      0x4f0 src/ASF/sam/drivers/wdt/wdt.o
 .debug_macro   0x00010aec      0x6a7 src/comInterface.o
 .debug_macro   0x00011193       0x52 src/comInterface.o
 .debug_macro   0x000111e5       0x8d src/comInterface.o
 .debug_macro   0x00011272       0x57 src/comInterface.o
 .debug_macro   0x000112c9       0x97 src/comInterface.o
 .debug_macro   0x00011360       0xf6 src/comInterface.o
 .debug_macro   0x00011456       0x16 src/comInterface.o
 .debug_macro   0x0001146c       0x82 src/comInterface.o
 .debug_macro   0x000114ee       0x87 src/comInterface.o
 .debug_macro   0x00011575       0x10 src/comInterface.o
 .debug_macro   0x00011585      0x6a6 src/core.o
 .debug_macro   0x00011c2b       0x7c src/core.o
 .debug_macro   0x00011ca7      0x6cb src/parser.o
 .debug_macro   0x00012372      0x34e src/parser.o
 .debug_macro   0x000126c0       0x10 src/parser.o
 .debug_macro   0x000126d0       0xa6 src/parser.o
 .debug_macro   0x00012776      0x56b src/ASF/common/services/usb/class/cdc/device/udi_cdc_desc.o
 .debug_macro   0x00012ce1      0x549 src/ASF/common/services/clock/sam3s/sysclk.o
 .debug_macro   0x0001322a      0x2c0 src/ASF/common/services/clock/sam3s/sysclk.o
 .debug_macro   0x000134ea      0x4d8 src/ASF/sam/drivers/pdc/pdc.o
 .debug_macro   0x000139c2      0x4e9 src/ASF/sam/drivers/pio/pio.o
 .debug_macro   0x00013eab      0x4e3 src/ASF/sam/drivers/pmc/pmc.o
 .debug_macro   0x0001438e       0x58 src/ASF/sam/drivers/pmc/pmc.o
 .debug_macro   0x000143e6      0x4ea src/ASF/sam/drivers/tc/tc.o
 .debug_macro   0x000148d0       0x16 src/ASF/sam/drivers/tc/tc.o
 .debug_macro   0x000148e6       0x1c src/ASF/sam/drivers/tc/tc.o
 .debug_macro   0x00014902      0x50a src/ASF/sam/drivers/pmc/sleep.o
 .debug_macro   0x00014e0c      0x69c src/ASF/common/boards/user_board/init.o
 .debug_macro   0x000154a8      0x4d8 src/ASF/common/utils/interrupt/interrupt_sam_nvic.o
 .debug_macro   0x00015980       0x3f src/ASF/common/utils/interrupt/interrupt_sam_nvic.o
 .debug_macro   0x000159bf      0x4e2 src/ASF/sam/utils/cmsis/sam3s/source/templates/exceptions.o
 .debug_macro   0x00015ea1      0x4f0 src/ASF/sam/utils/cmsis/sam3s/source/templates/gcc/startup_sam3s.o
 .debug_macro   0x00016391      0x4ea src/ASF/sam/utils/cmsis/sam3s/source/templates/system_sam3s.o
 .debug_macro   0x0001687b       0x26 src/ASF/sam/utils/cmsis/sam3s/source/templates/system_sam3s.o
 .debug_macro   0x000168a1      0x1d6 src/ASF/sam/utils/syscalls/gcc/syscalls.o
 .debug_macro   0x00016a77       0x4c src/ASF/sam/utils/syscalls/gcc/syscalls.o
 .debug_macro   0x00016ac3       0x16 src/ASF/sam/utils/syscalls/gcc/syscalls.o
 .debug_macro   0x00016ad9       0x10 src/ASF/sam/utils/syscalls/gcc/syscalls.o
 .debug_macro   0x00016ae9       0x10 src/ASF/sam/utils/syscalls/gcc/syscalls.o